Archive member included to satisfy reference by file (symbol)

/opt/devkitpro/libnx/lib/libnx.a(applet.o)
                              main.o (appletMainLoop)
/opt/devkitpro/libnx/lib/libnx.a(hosversion.o)
                              /opt/devkitpro/libnx/lib/libnx.a(applet.o) (hosversionGet)
/opt/devkitpro/libnx/lib/libnx.a(env.o)
                              /opt/devkitpro/libnx/lib/libnx.a(applet.o) (envIsNso)
/opt/devkitpro/libnx/lib/libnx.a(pad.o)
                              main.o (padConfigureInput)
/opt/devkitpro/libnx/lib/libnx.a(diag.o)
                              /opt/devkitpro/libnx/lib/libnx.a(applet.o) (diagAbortWithResult)
/opt/devkitpro/libnx/lib/libnx.a(console.o)
                              main.o (consoleInit)
/opt/devkitpro/libnx/lib/libnx.a(console_sw.o)
                              /opt/devkitpro/libnx/lib/libnx.a(console.o) (getDefaultConsoleRenderer)
/opt/devkitpro/libnx/lib/libnx.a(svc.o)
                              /opt/devkitpro/libnx/lib/libnx.a(applet.o) (svcExitProcess)
/opt/devkitpro/libnx/lib/libnx.a(switch_crt0.o)
                              (_start)
/opt/devkitpro/libnx/lib/libnx.a(default_font.bin.o)
                              /opt/devkitpro/libnx/lib/libnx.a(console.o) (default_font_bin)
/opt/devkitpro/libnx/lib/libnx.a(wait.o)
                              /opt/devkitpro/libnx/lib/libnx.a(applet.o) (waitObjects)
/opt/devkitpro/libnx/lib/libnx.a(tmem.o)
                              /opt/devkitpro/libnx/lib/libnx.a(applet.o) (tmemCreate)
/opt/devkitpro/libnx/lib/libnx.a(mutex.o)
                              /opt/devkitpro/libnx/lib/libnx.a(applet.o) (mutexLock)
/opt/devkitpro/libnx/lib/libnx.a(virtmem.o)
                              /opt/devkitpro/libnx/lib/libnx.a(tmem.o) (virtmemLock)
/opt/devkitpro/libnx/lib/libnx.a(event.o)
                              /opt/devkitpro/libnx/lib/libnx.a(applet.o) (eventLoadRemote)
/opt/devkitpro/libnx/lib/libnx.a(random.o)
                              /opt/devkitpro/libnx/lib/libnx.a(virtmem.o) (randomGet64)
/opt/devkitpro/libnx/lib/libnx.a(apm.o)
                              /opt/devkitpro/libnx/lib/libnx.a(applet.o) (apmInitialize)
/opt/devkitpro/libnx/lib/libnx.a(sm.o)
                              /opt/devkitpro/libnx/lib/libnx.a(env.o) (smAddOverrideHandle)
/opt/devkitpro/libnx/lib/libnx.a(hid.o)
                              /opt/devkitpro/libnx/lib/libnx.a(pad.o) (hidGetNpadStyleSet)
/opt/devkitpro/libnx/lib/libnx.a(framebuffer.o)
                              /opt/devkitpro/libnx/lib/libnx.a(console_sw.o) (framebufferMakeLinear)
/opt/devkitpro/libnx/lib/libnx.a(default_window.o)
                              /opt/devkitpro/libnx/lib/libnx.a(console_sw.o) (nwindowGetDefault)
/opt/devkitpro/libnx/lib/libnx.a(native_window.o)
                              /opt/devkitpro/libnx/lib/libnx.a(framebuffer.o) (nwindowIsValid)
/opt/devkitpro/libnx/lib/libnx.a(dynamic.o)
                              /opt/devkitpro/libnx/lib/libnx.a(switch_crt0.o) (__nx_dynamic)
/opt/devkitpro/libnx/lib/libnx.a(init.o)
                              /opt/devkitpro/libnx/lib/libnx.a(switch_crt0.o) (__libnx_init)
/opt/devkitpro/libnx/lib/libnx.a(alloc.o)
                              /opt/devkitpro/libnx/lib/libnx.a(virtmem.o) (__libnx_alloc)
/opt/devkitpro/libnx/lib/libnx.a(newlib.o)
                              /opt/devkitpro/libnx/lib/libnx.a(init.o) (__libnx_init_time)
/opt/devkitpro/libnx/lib/libnx.a(argv.o)
                              /opt/devkitpro/libnx/lib/libnx.a(init.o) (argvSetup)
/opt/devkitpro/libnx/lib/libnx.a(fs_dev.o)
                              /opt/devkitpro/libnx/lib/libnx.a(init.o) (fsdevMountSdmc)
/opt/devkitpro/libnx/lib/libnx.a(decode_utf8.o)
                              /opt/devkitpro/libnx/lib/libnx.a(fs_dev.o) (decode_utf8)
/opt/devkitpro/libnx/lib/libnx.a(cache.o)
                              /opt/devkitpro/libnx/lib/libnx.a(framebuffer.o) (armDCacheFlush)
/opt/devkitpro/libnx/lib/libnx.a(exception.o)
                              /opt/devkitpro/libnx/lib/libnx.a(switch_crt0.o) (__libnx_exception_entry)
/opt/devkitpro/libnx/lib/libnx.a(readtp.o)
                              /opt/devkitpro/libnx/lib/libnx.a(fs_dev.o) (__aarch64_read_tp)
/opt/devkitpro/libnx/lib/libnx.a(shmem.o)
                              /opt/devkitpro/libnx/lib/libnx.a(hid.o) (shmemLoadRemote)
/opt/devkitpro/libnx/lib/libnx.a(condvar.o)
                              /opt/devkitpro/libnx/lib/libnx.a(newlib.o) (condvarWaitTimeout)
/opt/devkitpro/libnx/lib/libnx.a(thread.o)
                              /opt/devkitpro/libnx/lib/libnx.a(init.o) (__libnx_init_thread)
/opt/devkitpro/libnx/lib/libnx.a(vi.o)
                              /opt/devkitpro/libnx/lib/libnx.a(default_window.o) (viInitialize)
/opt/devkitpro/libnx/lib/libnx.a(set.o)
                              /opt/devkitpro/libnx/lib/libnx.a(init.o) (setsysInitialize)
/opt/devkitpro/libnx/lib/libnx.a(fs.o)
[...]
Memory Configuration

Name             Origin             Length             Attributes
*default*        0x0000000000000000 0xffffffffffffffff

Linker script and memory map

                0x0000000000000000                PROVIDE (__start__ = 0x0)
                0x0000000000000000                . = __start__
                [!provide]                        PROVIDE (__code_start = .)

.text           0x0000000000000000    0x2b590
 *(.crt0)
 .crt0          0x0000000000000000      0x124 /opt/devkitpro/libnx/lib/libnx.a(switch_crt0.o)
                0x0000000000000000                _start
                0x00000000000000e0                __nx_exit
                0x00000000000000f0                __nx_mod0
 *(.text.unlikely .text.*_unlikely .text.unlikely.*)
 *(.text.exit .text.exit.*)
 *fill*         0x0000000000000124        0xc 
 .text.exit     0x0000000000000130       0x34 /opt/devkitpro/devkitA64/bin/../lib/gcc/aarch64-none-elf/13.2.0/../../../../aarch64-none-elf/lib/pic/libg.a(libc_a-exit.o)
                0x0000000000000130                exit
 *(.text.startup .text.startup.*)
 *fill*         0x0000000000000164        0xc 
 .text.startup.main
                0x0000000000000170       0xd0 main.o
                0x0000000000000170                main
 *(.text.hot .text.hot.*)
 *(.text .stub .text.* .gnu.linkonce.t.*)
 .text.__do_global_dtors_aux
                0x0000000000000240       0x44 /opt/devkitpro/devkitA64/bin/../lib/gcc/aarch64-none-elf/13.2.0/pic/crtbegin.o
 *fill*         0x0000000000000284        0xc 
 .text.frame_dummy
                0x0000000000000290       0x24 /opt/devkitpro/devkitA64/bin/../lib/gcc/aarch64-none-elf/13.2.0/pic/crtbegin.o
 *fill*         0x00000000000002b4        0xc 
 .text.consoleSelectScreen
                0x00000000000002c0      0x148 main.o
                0x00000000000002c0                consoleSelectScreen
 *fill*         0x0000000000000408        0x8 
 .text._appletInfiniteSleepLoop
                0x0000000000000410       0x24 /opt/devkitpro/libnx/lib/libnx.a(applet.o)
 *fill*         0x0000000000000434        0xc 
 .text._appletCmdGetSession
                0x0000000000000440      0x108 /opt/devkitpro/libnx/lib/libnx.a(applet.o)
 *fill*         0x0000000000000548        0x8 
 .text._appletCmdInU8NoOut
                0x0000000000000550       0xcc /opt/devkitpro/libnx/lib/libnx.a(applet.o)
 *fill*         0x000000000000061c        0x4 
 .text._appletGetLaunchReason
                0x0000000000000620      0x104 /opt/devkitpro/libnx/lib/libnx.a(applet.o)
 *fill*         0x0000000000000724        0xc 
 .text._appletSetFocusHandlingMode
                0x0000000000000730       0xe4 /opt/devkitpro/libnx/lib/libnx.a(applet.o)
 *fill*         0x0000000000000814        0xc 
 .text._appletCmdInU32NoOut
                0x0000000000000820       0xcc /opt/devkitpro/libnx/lib/libnx.a(applet.o)
 *fill*         0x00000000000008ec        0x4 
 .text._appletGetSessionProxy.constprop.0
                0x00000000000008f0      0x138 /opt/devkitpro/libnx/lib/libnx.a(applet.o)
 *fill*         0x0000000000000a28        0x8 
 .text._appletOpenLibraryAppletProxy.constprop.0
                0x0000000000000a30      0x154 /opt/devkitpro/libnx/lib/libnx.a(applet.o)
 *fill*         0x0000000000000b84        0xc 
 .text._appletCmdGetHandle.constprop.0.isra.0
                0x0000000000000b90       0xd0 /opt/devkitpro/libnx/lib/libnx.a(applet.o)
 .text._appletCmdNoInOutU8.isra.0
                0x0000000000000c60       0xd4 /opt/devkitpro/libnx/lib/libnx.a(applet.o)
 *fill*         0x0000000000000d34        0xc 
 .text._appletCmdNoInOutU32.isra.0
                0x0000000000000d40       0xd4 /opt/devkitpro/libnx/lib/libnx.a(applet.o)
 *fill*         0x0000000000000e14        0xc 
 .text._appletCmdNoInOutU64.isra.0
                0x0000000000000e20       0xd4 /opt/devkitpro/libnx/lib/libnx.a(applet.o)
 *fill*         0x0000000000000ef4        0xc 
 .text._appletCmdNoIO.isra.0
                0x0000000000000f00       0xc0 /opt/devkitpro/libnx/lib/libnx.a(applet.o)
 .text.appletGetAppletType
                0x0000000000000fc0       0x10 /opt/devkitpro/libnx/lib/libnx.a(applet.o)
                0x0000000000000fc0                appletGetAppletType
 .text.appletSetFocusHandlingMode
                0x0000000000000fd0      0x114 /opt/devkitpro/libnx/lib/libnx.a(applet.o)
                0x0000000000000fd0                appletSetFocusHandlingMode
 *fill*         0x00000000000010e4        0xc 
 .text.appletSetCpuBoostMode
                0x00000000000010f0       0x5c /opt/devkitpro/libnx/lib/libnx.a(applet.o)
                0x00000000000010f0                appletSetCpuBoostMode
 *fill*         0x000000000000114c        0x4 
 .text.appletCreateManagedDisplayLayer
                0x0000000000001150       0x2c /opt/devkitpro/libnx/lib/libnx.a(applet.o)
                0x0000000000001150                appletCreateManagedDisplayLayer
 *fill*         0x000000000000117c        0x4 
 .text.appletGetAppletResourceUserId
                0x0000000000001180        0xc /opt/devkitpro/libnx/lib/libnx.a(applet.o)
                0x0000000000001180                appletGetAppletResourceUserId
 *fill*         0x000000000000118c        0x4 
 .text._appletGetIndirectLayerConsumerHandle
                0x0000000000001190       0xf4 /opt/devkitpro/libnx/lib/libnx.a(applet.o)
 *fill*         0x0000000000001284        0xc 
 .text._appletHolderCreateState
                0x0000000000001290       0x88 /opt/devkitpro/libnx/lib/libnx.a(applet.o)
 *fill*         0x0000000000001318        0x8 
 .text.appletHolderClose
                0x0000000000001320       0xac /opt/devkitpro/libnx/lib/libnx.a(applet.o)
                0x0000000000001320                appletHolderClose
 *fill*         0x00000000000013cc        0x4 
 .text.appletHolderGetLibraryAppletInfo
                0x00000000000013d0       0x24 /opt/devkitpro/libnx/lib/libnx.a(applet.o)
                0x00000000000013d0                appletHolderGetLibraryAppletInfo
 *fill*         0x00000000000013f4        0xc 
 .text.appletNotifyRunning
                0x0000000000001400       0x90 /opt/devkitpro/libnx/lib/libnx.a(applet.o)
                0x0000000000001400                appletNotifyRunning
 .text.appletSetGamePlayRecordingState
                0x0000000000001490       0x8c /opt/devkitpro/libnx/lib/libnx.a(applet.o)
                0x0000000000001490                appletSetGamePlayRecordingState
 *fill*         0x000000000000151c        0x4 
 .text._appletCleanup
                0x0000000000001520      0xad4 /opt/devkitpro/libnx/lib/libnx.a(applet.o)
 *fill*         0x0000000000001ff4        0xc 
 .text.appletExit
                0x0000000000002000       0x44 /opt/devkitpro/libnx/lib/libnx.a(applet.o)
                0x0000000000002000                appletExit
 *fill*         0x0000000000002044        0xc 
 .text.appletGetLibraryAppletInfo
                0x0000000000002050       0x40 /opt/devkitpro/libnx/lib/libnx.a(applet.o)
                0x0000000000002050                appletGetLibraryAppletInfo
 .text.appletInitialize
                0x0000000000002090      0xa94 /opt/devkitpro/libnx/lib/libnx.a(applet.o)
                0x0000000000002090                appletInitialize
 *fill*         0x0000000000002b24        0xc 
 .text._appletExitProcess
                0x0000000000002b30       0x24 /opt/devkitpro/libnx/lib/libnx.a(applet.o)
 *fill*         0x0000000000002b54        0xc 
 .text.appletGetMessage
                0x0000000000002b60       0x74 /opt/devkitpro/libnx/lib/libnx.a(applet.o)
                0x0000000000002b60                appletGetMessage
 *fill*         0x0000000000002bd4        0xc 
 .text.appletProcessMessage
                0x0000000000002be0      0x28c /opt/devkitpro/libnx/lib/libnx.a(applet.o)
                0x0000000000002be0                appletProcessMessage
 *fill*         0x0000000000002e6c        0x4 
 .text.appletMainLoop
                0x0000000000002e70       0x34 /opt/devkitpro/libnx/lib/libnx.a(applet.o)
                0x0000000000002e70                appletMainLoop
 *fill*         0x0000000000002ea4        0xc 
 .text.hosversionGet
                0x0000000000002eb0       0x14 /opt/devkitpro/libnx/lib/libnx.a(hosversion.o)
                0x0000000000002eb0                hosversionGet
 *fill*         0x0000000000002ec4        0xc 
 .text.hosversionSet
                0x0000000000002ed0       0x10 /opt/devkitpro/libnx/lib/libnx.a(hosversion.o)
                0x0000000000002ed0                hosversionSet
 .text.envSetup
                0x0000000000002ee0      0x208 /opt/devkitpro/libnx/lib/libnx.a(env.o)
                0x0000000000002ee0                envSetup
 *fill*         0x00000000000030e8        0x8 
 .text.envGetMainThreadHandle
                0x00000000000030f0       0x20 /opt/devkitpro/libnx/lib/libnx.a(env.o)
                0x00000000000030f0                envGetMainThreadHandle
 .text.envIsNso
                0x0000000000003110        0xc /opt/devkitpro/libnx/lib/libnx.a(env.o)
                0x0000000000003110                envIsNso
 *fill*         0x000000000000311c        0x4 
 .text.envHasHeapOverride
                0x0000000000003120       0x14 /opt/devkitpro/libnx/lib/libnx.a(env.o)
                0x0000000000003120                envHasHeapOverride
 *fill*         0x0000000000003134        0xc 
 .text.envGetHeapOverrideAddr
                0x0000000000003140        0xc /opt/devkitpro/libnx/lib/libnx.a(env.o)
                0x0000000000003140                envGetHeapOverrideAddr
 *fill*         0x000000000000314c        0x4 
 .text.envGetHeapOverrideSize
                0x0000000000003150        0xc /opt/devkitpro/libnx/lib/libnx.a(env.o)
                0x0000000000003150                envGetHeapOverrideSize
 *fill*         0x000000000000315c        0x4 
 .text.envHasArgv
                0x0000000000003160       0x14 /opt/devkitpro/libnx/lib/libnx.a(env.o)
                0x0000000000003160                envHasArgv
 *fill*         0x0000000000003174        0xc 
 .text.envGetArgv
                0x0000000000003180        0xc /opt/devkitpro/libnx/lib/libnx.a(env.o)
                0x0000000000003180                envGetArgv
 *fill*         0x000000000000318c        0x4 
 .text.envGetExitFuncPtr
                0x0000000000003190        0xc /opt/devkitpro/libnx/lib/libnx.a(env.o)
                0x0000000000003190                envGetExitFuncPtr
 *fill*         0x000000000000319c        0x4 
 .text.envSetExitFuncPtr
                0x00000000000031a0        0xc /opt/devkitpro/libnx/lib/libnx.a(env.o)
                0x00000000000031a0                envSetExitFuncPtr
 *fill*         0x00000000000031ac        0x4 
 .text.envHasRandomSeed
                0x00000000000031b0        0xc /opt/devkitpro/libnx/lib/libnx.a(env.o)
                0x00000000000031b0                envHasRandomSeed
 *fill*         0x00000000000031bc        0x4 
 .text.envGetRandomSeed
                0x00000000000031c0       0x10 /opt/devkitpro/libnx/lib/libnx.a(env.o)
                0x00000000000031c0                envGetRandomSeed
 .text._padUpdateWithCommonState
                0x00000000000031d0       0x5c /opt/devkitpro/libnx/lib/libnx.a(pad.o)
 *fill*         0x000000000000322c        0x4 
 .text.padConfigureInput
                0x0000000000003230       0x9c /opt/devkitpro/libnx/lib/libnx.a(pad.o)
                0x0000000000003230                padConfigureInput
 *fill*         0x00000000000032cc        0x4 
 .text.padInitializeWithMask
                0x00000000000032d0       0x24 /opt/devkitpro/libnx/lib/libnx.a(pad.o)
                0x00000000000032d0                padInitializeWithMask
 *fill*         0x00000000000032f4        0xc 
 .text.padUpdate
                0x0000000000003300      0x240 /opt/devkitpro/libnx/lib/libnx.a(pad.o)
                0x0000000000003300                padUpdate
 .text.diagAbortWithResult
                0x0000000000003540       0x1c /opt/devkitpro/libnx/lib/libnx.a(diag.o)
                0x0000000000003540                diagAbortWithResult
 *fill*         0x000000000000355c        0x4 
 .text.consoleDrawChar
                0x0000000000003560       0x48 /opt/devkitpro/libnx/lib/libnx.a(console.o)
 *fill*         0x00000000000035a8        0x8 
 .text.parseColor
                0x00000000000035b0      0x20c /opt/devkitpro/libnx/lib/libnx.a(console.o)
 *fill*         0x00000000000037bc        0x4 
 .text.consoleNewRow
                0x00000000000037c0       0xb0 /opt/devkitpro/libnx/lib/libnx.a(console.o)
 .text.con_write
                0x0000000000003870      0xc98 /opt/devkitpro/libnx/lib/libnx.a(console.o)
 *fill*         0x0000000000004508        0x8 
 .text.consoleInit
                0x0000000000004510      0x154 /opt/devkitpro/libnx/lib/libnx.a(console.o)
                0x0000000000004510                consoleInit
 *fill*         0x0000000000004664        0xc 
 .text.consoleExit
                0x0000000000004670       0x48 /opt/devkitpro/libnx/lib/libnx.a(console.o)
                0x0000000000004670                consoleExit
 *fill*         0x00000000000046b8        0x8 
 .text.consoleUpdate
                0x00000000000046c0       0x2c /opt/devkitpro/libnx/lib/libnx.a(console.o)
                0x00000000000046c0                consoleUpdate
 *fill*         0x00000000000046ec        0x4 
 .text.ConsoleSwRenderer_drawChar
                0x00000000000046f0      0x1c8 /opt/devkitpro/libnx/lib/libnx.a(console_sw.o)
 *fill*         0x00000000000048b8        0x8 
 .text.ConsoleSwRenderer_init
                0x00000000000048c0       0xf8 /opt/devkitpro/libnx/lib/libnx.a(console_sw.o)
 *fill*         0x00000000000049b8        0x8 
 .text.ConsoleSwRenderer_flushAndSwap
                0x00000000000049c0       0x70 /opt/devkitpro/libnx/lib/libnx.a(console_sw.o)
 .text.ConsoleSwRenderer_scrollWindow
                0x0000000000004a30       0xd0 /opt/devkitpro/libnx/lib/libnx.a(console_sw.o)
 .text.ConsoleSwRenderer_deinit
                0x0000000000004b00       0x4c /opt/devkitpro/libnx/lib/libnx.a(console_sw.o)
 *fill*         0x0000000000004b4c        0x4 
 .text.getDefaultConsoleRenderer
                0x0000000000004b50        0xc /opt/devkitpro/libnx/lib/libnx.a(console_sw.o)
                0x0000000000004b50                getDefaultConsoleRenderer
 .text.svcSetHeapSize
                0x0000000000004b5c       0x14 /opt/devkitpro/libnx/lib/libnx.a(svc.o)
                0x0000000000004b5c                svcSetHeapSize
 .text.svcSetMemoryPermission
                0x0000000000004b70        0x8 /opt/devkitpro/libnx/lib/libnx.a(svc.o)
                0x0000000000004b70                svcSetMemoryPermission
 .text.svcSetMemoryAttribute
                0x0000000000004b78        0x8 /opt/devkitpro/libnx/lib/libnx.a(svc.o)
                0x0000000000004b78                svcSetMemoryAttribute
 .text.svcUnmapMemory
                0x0000000000004b80        0x8 /opt/devkitpro/libnx/lib/libnx.a(svc.o)
                0x0000000000004b80                svcUnmapMemory
 .text.svcQueryMemory
                0x0000000000004b88       0x14 /opt/devkitpro/libnx/lib/libnx.a(svc.o)
                0x0000000000004b88                svcQueryMemory
 .text.svcExitProcess
                0x0000000000004b9c        0x8 /opt/devkitpro/libnx/lib/libnx.a(svc.o)
                0x0000000000004b9c                svcExitProcess
 .text.svcSleepThread
                0x0000000000004ba4        0x8 /opt/devkitpro/libnx/lib/libnx.a(svc.o)
                0x0000000000004ba4                svcSleepThread
 .text.svcMapSharedMemory
                0x0000000000004bac        0x8 /opt/devkitpro/libnx/lib/libnx.a(svc.o)
                0x0000000000004bac                svcMapSharedMemory
 .text.svcUnmapSharedMemory
                0x0000000000004bb4        0x8 /opt/devkitpro/libnx/lib/libnx.a(svc.o)
                0x0000000000004bb4                svcUnmapSharedMemory
 .text.svcCreateTransferMemory
                0x0000000000004bbc       0x14 /opt/devkitpro/libnx/lib/libnx.a(svc.o)
                0x0000000000004bbc                svcCreateTransferMemory
 .text.svcCloseHandle
                0x0000000000004bd0        0x8 /opt/devkitpro/libnx/lib/libnx.a(svc.o)
                0x0000000000004bd0                svcCloseHandle
 .text.svcResetSignal
                0x0000000000004bd8        0x8 /opt/devkitpro/libnx/lib/libnx.a(svc.o)
                0x0000000000004bd8                svcResetSignal
 .text.svcWaitSynchronization
                0x0000000000004be0       0x14 /opt/devkitpro/libnx/lib/libnx.a(svc.o)
                0x0000000000004be0                svcWaitSynchronization
 .text.svcArbitrateLock
                0x0000000000004bf4        0x8 /opt/devkitpro/libnx/lib/libnx.a(svc.o)
                0x0000000000004bf4                svcArbitrateLock
 .text.svcArbitrateUnlock
                0x0000000000004bfc        0x8 /opt/devkitpro/libnx/lib/libnx.a(svc.o)
                0x0000000000004bfc                svcArbitrateUnlock
 .text.svcWaitProcessWideKeyAtomic
                0x0000000000004c04        0x8 /opt/devkitpro/libnx/lib/libnx.a(svc.o)
                0x0000000000004c04                svcWaitProcessWideKeyAtomic
 .text.svcSignalProcessWideKey
                0x0000000000004c0c        0x8 /opt/devkitpro/libnx/lib/libnx.a(svc.o)
                0x0000000000004c0c                svcSignalProcessWideKey
 .text.svcConnectToNamedPort
                0x0000000000004c14       0x14 /opt/devkitpro/libnx/lib/libnx.a(svc.o)
                0x0000000000004c14                svcConnectToNamedPort
 .text.svcSendSyncRequest
                0x0000000000004c28        0x8 /opt/devkitpro/libnx/lib/libnx.a(svc.o)
                0x0000000000004c28                svcSendSyncRequest
 .text.svcBreak
                0x0000000000004c30        0x8 /opt/devkitpro/libnx/lib/libnx.a(svc.o)
                0x0000000000004c30                svcBreak
 .text.svcReturnFromException
                0x0000000000004c38        0x8 /opt/devkitpro/libnx/lib/libnx.a(svc.o)
                0x0000000000004c38                svcReturnFromException
 .text.svcGetInfo
                0x0000000000004c40       0x14 /opt/devkitpro/libnx/lib/libnx.a(svc.o)
                0x0000000000004c40                svcGetInfo
 .text.svcUnmapTransferMemory
                0x0000000000004c54        0x8 /opt/devkitpro/libnx/lib/libnx.a(svc.o)
                0x0000000000004c54                svcUnmapTransferMemory
 *fill*         0x0000000000004c5c        0x4 
 .text.waitObjects
                0x0000000000004c60      0x524 /opt/devkitpro/libnx/lib/libnx.a(wait.o)
                0x0000000000004c60                waitObjects
 *fill*         0x0000000000005184        0xc 
 .text.tmemCreate
                0x0000000000005190       0xa8 /opt/devkitpro/libnx/lib/libnx.a(tmem.o)
                0x0000000000005190                tmemCreate
 *fill*         0x0000000000005238        0x8 
 .text.tmemUnmap
                0x0000000000005240       0x34 /opt/devkitpro/libnx/lib/libnx.a(tmem.o)
                0x0000000000005240                tmemUnmap
 *fill*         0x0000000000005274        0xc 
 .text.tmemCloseHandle
                0x0000000000005280       0x38 /opt/devkitpro/libnx/lib/libnx.a(tmem.o)
                0x0000000000005280                tmemCloseHandle
 *fill*         0x00000000000052b8        0x8 
 .text.tmemWaitForPermission
                0x00000000000052c0       0xf0 /opt/devkitpro/libnx/lib/libnx.a(tmem.o)
                0x00000000000052c0                tmemWaitForPermission
 .text.tmemClose
                0x00000000000053b0       0x54 /opt/devkitpro/libnx/lib/libnx.a(tmem.o)
                0x00000000000053b0                tmemClose
 *fill*         0x0000000000005404        0xc 
 .text.mutexLock
                0x0000000000005410       0x80 /opt/devkitpro/libnx/lib/libnx.a(mutex.o)
                0x0000000000005410                mutexLock
 .text.mutexUnlock
                0x0000000000005490       0x68 /opt/devkitpro/libnx/lib/libnx.a(mutex.o)
                0x0000000000005490                mutexUnlock
 *fill*         0x00000000000054f8        0x8 
 .text.mutexIsLockedByCurrentThread
                0x0000000000005500       0x1c /opt/devkitpro/libnx/lib/libnx.a(mutex.o)
                0x0000000000005500                mutexIsLockedByCurrentThread
 *fill*         0x000000000000551c        0x4 
 .text.rmutexLock
                0x0000000000005520       0x4c /opt/devkitpro/libnx/lib/libnx.a(mutex.o)
                0x0000000000005520                rmutexLock
 *fill*         0x000000000000556c        0x4 
 .text.rmutexUnlock
                0x0000000000005570       0x1c /opt/devkitpro/libnx/lib/libnx.a(mutex.o)
                0x0000000000005570                rmutexUnlock
 *fill*         0x000000000000558c        0x4 
 .text._memregionInitWithInfo
                0x0000000000005590       0x64 /opt/devkitpro/libnx/lib/libnx.a(virtmem.o)
 *fill*         0x00000000000055f4        0xc 
 .text.__libnx_virtmem_rng
                0x0000000000005600        0x4 /opt/devkitpro/libnx/lib/libnx.a(virtmem.o)
                0x0000000000005600                __libnx_virtmem_rng
 *fill*         0x0000000000005604        0xc 
 .text._memregionFindRandom
                0x0000000000005610      0x16c /opt/devkitpro/libnx/lib/libnx.a(virtmem.o)
 *fill*         0x000000000000577c        0x4 
 .text.virtmemSetup
                0x0000000000005780      0x120 /opt/devkitpro/libnx/lib/libnx.a(virtmem.o)
                0x0000000000005780                virtmemSetup
 .text.virtmemLock
                0x00000000000058a0        0xc /opt/devkitpro/libnx/lib/libnx.a(virtmem.o)
                0x00000000000058a0                virtmemLock
 *fill*         0x00000000000058ac        0x4 
 .text.virtmemUnlock
                0x00000000000058b0        0xc /opt/devkitpro/libnx/lib/libnx.a(virtmem.o)
                0x00000000000058b0                virtmemUnlock
 *fill*         0x00000000000058bc        0x4 
 .text.virtmemFindAslr
                0x00000000000058c0       0x50 /opt/devkitpro/libnx/lib/libnx.a(virtmem.o)
                0x00000000000058c0                virtmemFindAslr
 .text.eventLoadRemote
                0x0000000000005910        0xc /opt/devkitpro/libnx/lib/libnx.a(event.o)
                0x0000000000005910                eventLoadRemote
 *fill*         0x000000000000591c        0x4 
 .text.eventWait
                0x0000000000005920       0x38 /opt/devkitpro/libnx/lib/libnx.a(event.o)
                0x0000000000005920                eventWait
 *fill*         0x0000000000005958        0x8 
 .text.eventClose
                0x0000000000005960       0x50 /opt/devkitpro/libnx/lib/libnx.a(event.o)
                0x0000000000005960                eventClose
 .text.randomGet
                0x00000000000059b0      0x3d4 /opt/devkitpro/libnx/lib/libnx.a(random.o)
                0x00000000000059b0                randomGet
 *fill*         0x0000000000005d84        0xc 
 .text.randomGet64
                0x0000000000005d90       0x20 /opt/devkitpro/libnx/lib/libnx.a(random.o)
                0x0000000000005d90                randomGet64
 .text._apmCleanup
                0x0000000000005db0       0xc0 /opt/devkitpro/libnx/lib/libnx.a(apm.o)
 .text._apmCmdGetSession.constprop.0
                0x0000000000005e70       0xfc /opt/devkitpro/libnx/lib/libnx.a(apm.o)
 *fill*         0x0000000000005f6c        0x4 
 .text.apmInitialize
                0x0000000000005f70       0xa0 /opt/devkitpro/libnx/lib/libnx.a(apm.o)
                0x0000000000005f70                apmInitialize
 .text.apmExit  0x0000000000006010       0x44 /opt/devkitpro/libnx/lib/libnx.a(apm.o)
                0x0000000000006010                apmExit
 *fill*         0x0000000000006054        0xc 
 .text.apmSetPerformanceConfiguration
                0x0000000000006060       0xc8 /opt/devkitpro/libnx/lib/libnx.a(apm.o)
                0x0000000000006060                apmSetPerformanceConfiguration
 *fill*         0x0000000000006128        0x8 
 .text._smCmifCmdInPid
                0x0000000000006130       0xd0 /opt/devkitpro/libnx/lib/libnx.a(sm.o)
 .text._smCleanup
                0x0000000000006200       0x68 /opt/devkitpro/libnx/lib/libnx.a(sm.o)
 *fill*         0x0000000000006268        0x8 
 .text.smAddOverrideHandle
                0x0000000000006270       0x48 /opt/devkitpro/libnx/lib/libnx.a(sm.o)
                0x0000000000006270                smAddOverrideHandle
 *fill*         0x00000000000062b8        0x8 
 .text.smGetServiceOverride
                0x00000000000062c0       0x54 /opt/devkitpro/libnx/lib/libnx.a(sm.o)
                0x00000000000062c0                smGetServiceOverride
 *fill*         0x0000000000006314        0xc 
 .text.smInitialize
                0x0000000000006320      0x1c0 /opt/devkitpro/libnx/lib/libnx.a(sm.o)
                0x0000000000006320                smInitialize
 .text.smExit   0x00000000000064e0       0x44 /opt/devkitpro/libnx/lib/libnx.a(sm.o)
                0x00000000000064e0                smExit
 *fill*         0x0000000000006524        0xc 
 .text.smGetServiceOriginal
                0x0000000000006530       0xd0 /opt/devkitpro/libnx/lib/libnx.a(sm.o)
                0x0000000000006530                smGetServiceOriginal
 .text.smGetServiceWrapper
                0x0000000000006600      0x120 /opt/devkitpro/libnx/lib/libnx.a(sm.o)
                0x0000000000006600                smGetServiceWrapper
 .text._hidCleanup
                0x0000000000006720      0x108 /opt/devkitpro/libnx/lib/libnx.a(hid.o)
 *fill*         0x0000000000006828        0x8 
 .text._hidCmdInAruidNoOut
                0x0000000000006830       0xd8 /opt/devkitpro/libnx/lib/libnx.a(hid.o)
 *fill*         0x0000000000006908        0x8 
 .text._hidCmdInU32AruidNoOut
                0x0000000000006910       0xe4 /opt/devkitpro/libnx/lib/libnx.a(hid.o)
 *fill*         0x00000000000069f4        0xc 
 .text._hidGetStates
                0x0000000000006a00      0x1a8 /opt/devkitpro/libnx/lib/libnx.a(hid.o)
 *fill*         0x0000000000006ba8        0x8 
 .text._hidCreateAppletResource.constprop.0
                0x0000000000006bb0      0x114 /opt/devkitpro/libnx/lib/libnx.a(hid.o)
 *fill*         0x0000000000006cc4        0xc 
 .text._hidCmdGetHandle.constprop.0
                0x0000000000006cd0       0xc8 /opt/devkitpro/libnx/lib/libnx.a(hid.o)
 *fill*         0x0000000000006d98        0x8 
 .text.hidInitialize
                0x0000000000006da0       0xdc /opt/devkitpro/libnx/lib/libnx.a(hid.o)
                0x0000000000006da0                hidInitialize
 *fill*         0x0000000000006e7c        0x4 
 .text.hidExit  0x0000000000006e80       0x44 /opt/devkitpro/libnx/lib/libnx.a(hid.o)
                0x0000000000006e80                hidExit
 *fill*         0x0000000000006ec4        0xc 
 .text.hidGetSharedmemAddr
                0x0000000000006ed0        0xc /opt/devkitpro/libnx/lib/libnx.a(hid.o)
                0x0000000000006ed0                hidGetSharedmemAddr
 *fill*         0x0000000000006edc        0x4 
 .text.hidGetNpadStyleSet
                0x0000000000006ee0       0x94 /opt/devkitpro/libnx/lib/libnx.a(hid.o)
                0x0000000000006ee0                hidGetNpadStyleSet
 *fill*         0x0000000000006f74        0xc 
 .text.hidInitializeNpad
                0x0000000000006f80       0x6c /opt/devkitpro/libnx/lib/libnx.a(hid.o)
                0x0000000000006f80                hidInitializeNpad
 *fill*         0x0000000000006fec        0x4 
 .text.hidGetNpadStatesFullKey
                0x0000000000006ff0       0xac /opt/devkitpro/libnx/lib/libnx.a(hid.o)
                0x0000000000006ff0                hidGetNpadStatesFullKey
 *fill*         0x000000000000709c        0x4 
 .text.hidGetNpadStatesHandheld
                0x00000000000070a0       0xac /opt/devkitpro/libnx/lib/libnx.a(hid.o)
                0x00000000000070a0                hidGetNpadStatesHandheld
 *fill*         0x000000000000714c        0x4 
 .text.hidGetNpadStatesJoyDual
                0x0000000000007150       0xac /opt/devkitpro/libnx/lib/libnx.a(hid.o)
                0x0000000000007150                hidGetNpadStatesJoyDual
 *fill*         0x00000000000071fc        0x4 
 .text.hidGetNpadStatesJoyLeft
                0x0000000000007200       0xac /opt/devkitpro/libnx/lib/libnx.a(hid.o)
                0x0000000000007200                hidGetNpadStatesJoyLeft
 *fill*         0x00000000000072ac        0x4 
 .text.hidGetNpadStatesJoyRight
                0x00000000000072b0       0xac /opt/devkitpro/libnx/lib/libnx.a(hid.o)
                0x00000000000072b0                hidGetNpadStatesJoyRight
 *fill*         0x000000000000735c        0x4 
 .text.hidGetNpadStatesGc
                0x0000000000007360      0x164 /opt/devkitpro/libnx/lib/libnx.a(hid.o)
                0x0000000000007360                hidGetNpadStatesGc
 *fill*         0x00000000000074c4        0xc 
 .text.hidGetNpadStatesSystemExt
                0x00000000000074d0       0xb0 /opt/devkitpro/libnx/lib/libnx.a(hid.o)
                0x00000000000074d0                hidGetNpadStatesSystemExt
 .text.hidSetSupportedNpadStyleSet
                0x0000000000007580        0x8 /opt/devkitpro/libnx/lib/libnx.a(hid.o)
                0x0000000000007580                hidSetSupportedNpadStyleSet
 *fill*         0x0000000000007588        0x8 
 .text.hidSetSupportedNpadIdType
                0x0000000000007590      0x100 /opt/devkitpro/libnx/lib/libnx.a(hid.o)
                0x0000000000007590                hidSetSupportedNpadIdType
 .text.framebufferMakeLinear
                0x0000000000007690       0x8c /opt/devkitpro/libnx/lib/libnx.a(framebuffer.o)
                0x0000000000007690                framebufferMakeLinear
 *fill*         0x000000000000771c        0x4 
 .text.framebufferClose
                0x0000000000007720       0x80 /opt/devkitpro/libnx/lib/libnx.a(framebuffer.o)
                0x0000000000007720                framebufferClose
 .text.framebufferCreate
                0x00000000000077a0      0x2b0 /opt/devkitpro/libnx/lib/libnx.a(framebuffer.o)
                0x00000000000077a0                framebufferCreate
 .text.framebufferBegin
                0x0000000000007a50       0x88 /opt/devkitpro/libnx/lib/libnx.a(framebuffer.o)
                0x0000000000007a50                framebufferBegin
 *fill*         0x0000000000007ad8        0x8 
 .text.framebufferEnd
                0x0000000000007ae0      0x18c /opt/devkitpro/libnx/lib/libnx.a(framebuffer.o)
                0x0000000000007ae0                framebufferEnd
 *fill*         0x0000000000007c6c        0x4 
 .text.nwindowGetDefault
                0x0000000000007c70        0xc /opt/devkitpro/libnx/lib/libnx.a(default_window.o)
                0x0000000000007c70                nwindowGetDefault
 *fill*         0x0000000000007c7c        0x4 
 .text.__nx_win_init
                0x0000000000007c80       0xb0 /opt/devkitpro/libnx/lib/libnx.a(default_window.o)
                0x0000000000007c80                __nx_win_init
 .text.__nx_win_exit
                0x0000000000007d30       0x34 /opt/devkitpro/libnx/lib/libnx.a(default_window.o)
                0x0000000000007d30                __nx_win_exit
 *fill*         0x0000000000007d64        0xc 
 .text.nwindowIsValid
                0x0000000000007d70       0x24 /opt/devkitpro/libnx/lib/libnx.a(native_window.o)
                0x0000000000007d70                nwindowIsValid
 *fill*         0x0000000000007d94        0xc 
 .text.nwindowClose
                0x0000000000007da0       0x7c /opt/devkitpro/libnx/lib/libnx.a(native_window.o)
                0x0000000000007da0                nwindowClose
 *fill*         0x0000000000007e1c        0x4 
 .text.nwindowCreate
                0x0000000000007e20       0xf4 /opt/devkitpro/libnx/lib/libnx.a(native_window.o)
                0x0000000000007e20                nwindowCreate
 *fill*         0x0000000000007f14        0xc 
 .text.nwindowCreateFromLayer
                0x0000000000007f20       0x34 /opt/devkitpro/libnx/lib/libnx.a(native_window.o)
                0x0000000000007f20                nwindowCreateFromLayer
 *fill*         0x0000000000007f54        0xc 
 .text.nwindowSetDimensions
                0x0000000000007f60       0x84 /opt/devkitpro/libnx/lib/libnx.a(native_window.o)
                0x0000000000007f60                nwindowSetDimensions
 *fill*         0x0000000000007fe4        0xc 
 .text.nwindowConfigureBuffer
                0x0000000000007ff0      0x18c /opt/devkitpro/libnx/lib/libnx.a(native_window.o)
                0x0000000000007ff0                nwindowConfigureBuffer
 *fill*         0x000000000000817c        0x4 
 .text.nwindowDequeueBuffer
                0x0000000000008180      0x1e0 /opt/devkitpro/libnx/lib/libnx.a(native_window.o)
                0x0000000000008180                nwindowDequeueBuffer
 .text.nwindowQueueBuffer
                0x0000000000008360      0x13c /opt/devkitpro/libnx/lib/libnx.a(native_window.o)
                0x0000000000008360                nwindowQueueBuffer
 *fill*         0x000000000000849c        0x4 
 .text.nwindowReleaseBuffers
                0x00000000000084a0       0x94 /opt/devkitpro/libnx/lib/libnx.a(native_window.o)
                0x00000000000084a0                nwindowReleaseBuffers
 *fill*         0x0000000000008534        0xc 
 .text.__nx_dynamic
                0x0000000000008540      0x154 /opt/devkitpro/libnx/lib/libnx.a(dynamic.o)
                0x0000000000008540                __nx_dynamic
 *fill*         0x0000000000008694        0xc 
 .text.__libnx_initheap
                0x00000000000086a0       0xd4 /opt/devkitpro/libnx/lib/libnx.a(init.o)
                0x00000000000086a0                __libnx_initheap
 *fill*         0x0000000000008774        0xc 
 .text.__appInit
                0x0000000000008780       0xec /opt/devkitpro/libnx/lib/libnx.a(init.o)
                0x0000000000008780                __appInit
 *fill*         0x000000000000886c        0x4 
 .text.__appExit
                0x0000000000008870       0x44 /opt/devkitpro/libnx/lib/libnx.a(init.o)
                0x0000000000008870                __appExit
 *fill*         0x00000000000088b4        0xc 
 .text.__libnx_init
                0x00000000000088c0       0x2c /opt/devkitpro/libnx/lib/libnx.a(init.o)
                0x00000000000088c0                __libnx_init
 *fill*         0x00000000000088ec        0x4 
 .text.__libnx_exit
                0x00000000000088f0       0x20 /opt/devkitpro/libnx/lib/libnx.a(init.o)
                0x00000000000088f0                __libnx_exit
 .text.__libnx_alloc
                0x0000000000008910        0x4 /opt/devkitpro/libnx/lib/libnx.a(alloc.o)
                0x0000000000008910                __libnx_alloc
 *fill*         0x0000000000008914        0xc 
 .text.__libnx_aligned_alloc
                0x0000000000008920       0x14 /opt/devkitpro/libnx/lib/libnx.a(alloc.o)
                0x0000000000008920                __libnx_aligned_alloc
 *fill*         0x0000000000008934        0xc 
 .text.__libnx_free
                0x0000000000008940        0x4 /opt/devkitpro/libnx/lib/libnx.a(alloc.o)
                0x0000000000008940                __libnx_free
 *fill*         0x0000000000008944        0xc 
 .text.__syscall_exit
                0x0000000000008950       0x1c /opt/devkitpro/libnx/lib/libnx.a(newlib.o)
                0x0000000000008950                __syscall_exit
 *fill*         0x000000000000896c        0x4 
 .text.__syscall_getreent
                0x0000000000008970       0x34 /opt/devkitpro/libnx/lib/libnx.a(newlib.o)
                0x0000000000008970                __syscall_getreent
 *fill*         0x00000000000089a4        0xc 
 .text.__syscall_lock_acquire
                0x00000000000089b0        0x4 /opt/devkitpro/libnx/lib/libnx.a(newlib.o)
                0x00000000000089b0                __syscall_lock_acquire
 *fill*         0x00000000000089b4        0xc 
 .text.__syscall_lock_release
                0x00000000000089c0        0x4 /opt/devkitpro/libnx/lib/libnx.a(newlib.o)
                0x00000000000089c0                __syscall_lock_release
 *fill*         0x00000000000089c4        0xc 
 .text.__syscall_lock_acquire_recursive
                0x00000000000089d0        0x4 /opt/devkitpro/libnx/lib/libnx.a(newlib.o)
                0x00000000000089d0                __syscall_lock_acquire_recursive
 *fill*         0x00000000000089d4        0xc 
 .text.__syscall_lock_release_recursive
                0x00000000000089e0        0x4 /opt/devkitpro/libnx/lib/libnx.a(newlib.o)
                0x00000000000089e0                __syscall_lock_release_recursive
 *fill*         0x00000000000089e4        0xc 
 .text.__libnx_init_time
                0x00000000000089f0      0x238 /opt/devkitpro/libnx/lib/libnx.a(newlib.o)
                0x00000000000089f0                __libnx_init_time
 *fill*         0x0000000000008c28        0x8 
 .text.newlibSetup
                0x0000000000008c30       0x9c /opt/devkitpro/libnx/lib/libnx.a(newlib.o)
                0x0000000000008c30                newlibSetup
 *fill*         0x0000000000008ccc        0x4 
 .text.argvSetup
                0x0000000000008cd0      0x2f8 /opt/devkitpro/libnx/lib/libnx.a(argv.o)
                0x0000000000008cd0                argvSetup
 *fill*         0x0000000000008fc8        0x8 
 .text.fsdev_link
                0x0000000000008fd0       0x14 /opt/devkitpro/libnx/lib/libnx.a(fs_dev.o)
 *fill*         0x0000000000008fe4        0xc 
 .text.fsdev_dirreset
                0x0000000000008ff0       0x14 /opt/devkitpro/libnx/lib/libnx.a(fs_dev.o)
 *fill*         0x0000000000009004        0xc 
 .text.fsdev_chmod
                0x0000000000009010       0x14 /opt/devkitpro/libnx/lib/libnx.a(fs_dev.o)
 *fill*         0x0000000000009024        0xc 
 .text.error_cmp
                0x0000000000009030       0x18 /opt/devkitpro/libnx/lib/libnx.a(fs_dev.o)
 *fill*         0x0000000000009048        0x8 
 .text.fsdev_dirclose
                0x0000000000009050       0x20 /opt/devkitpro/libnx/lib/libnx.a(fs_dev.o)
 .text.fsdev_close
                0x0000000000009070       0x1c /opt/devkitpro/libnx/lib/libnx.a(fs_dev.o)
 *fill*         0x000000000000908c        0x4 
 .text.fsdev_converttimetoutc
                0x0000000000009090       0x80 /opt/devkitpro/libnx/lib/libnx.a(fs_dev.o)
 .text.fsdevFindDevice.part.0
                0x0000000000009110       0xe0 /opt/devkitpro/libnx/lib/libnx.a(fs_dev.o)
 .text.fsdev_fixpath
                0x00000000000091f0      0x1c0 /opt/devkitpro/libnx/lib/libnx.a(fs_dev.o)
 .text._fsdevUnmountDeviceStruct.part.0
                0x00000000000093b0       0xa0 /opt/devkitpro/libnx/lib/libnx.a(fs_dev.o)
 .text.fsdev_fchmod
                0x0000000000009450       0x14 /opt/devkitpro/libnx/lib/libnx.a(fs_dev.o)
 *fill*         0x0000000000009464        0xc 
 .text.fsdev_diropen
                0x0000000000009470      0x108 /opt/devkitpro/libnx/lib/libnx.a(fs_dev.o)
 *fill*         0x0000000000009578        0x8 
 .text.fsdev_statvfs
                0x0000000000009580       0xfc /opt/devkitpro/libnx/lib/libnx.a(fs_dev.o)
 *fill*         0x000000000000967c        0x4 
 .text.fsdev_fsync
                0x0000000000009680       0x7c /opt/devkitpro/libnx/lib/libnx.a(fs_dev.o)
 *fill*         0x00000000000096fc        0x4 
 .text.fsdev_fstat
                0x0000000000009700       0xf4 /opt/devkitpro/libnx/lib/libnx.a(fs_dev.o)
 *fill*         0x00000000000097f4        0xc 
 .text.fsdev_ftruncate
                0x0000000000009800       0x94 /opt/devkitpro/libnx/lib/libnx.a(fs_dev.o)
 *fill*         0x0000000000009894        0xc 
 .text.fsdev_stat
                0x00000000000098a0      0x1fc /opt/devkitpro/libnx/lib/libnx.a(fs_dev.o)
 *fill*         0x0000000000009a9c        0x4 
 .text.fsdev_rename
                0x0000000000009aa0      0x14c /opt/devkitpro/libnx/lib/libnx.a(fs_dev.o)
 *fill*         0x0000000000009bec        0x4 
 .text.fsdev_chdir
                0x0000000000009bf0      0x140 /opt/devkitpro/libnx/lib/libnx.a(fs_dev.o)
 .text.fsdev_mkdir
                0x0000000000009d30       0xa4 /opt/devkitpro/libnx/lib/libnx.a(fs_dev.o)
 *fill*         0x0000000000009dd4        0xc 
 .text.fsdev_unlink
                0x0000000000009de0       0xa4 /opt/devkitpro/libnx/lib/libnx.a(fs_dev.o)
 *fill*         0x0000000000009e84        0xc 
 .text.fsdev_rmdir
                0x0000000000009e90       0xa4 /opt/devkitpro/libnx/lib/libnx.a(fs_dev.o)
 *fill*         0x0000000000009f34        0xc 
 .text.fsdev_write_safe
                0x0000000000009f40      0x144 /opt/devkitpro/libnx/lib/libnx.a(fs_dev.o)
 *fill*         0x000000000000a084        0xc 
 .text.fsdev_read_safe
                0x000000000000a090      0x13c /opt/devkitpro/libnx/lib/libnx.a(fs_dev.o)
 *fill*         0x000000000000a1cc        0x4 
 .text.fsdev_read
                0x000000000000a1d0      0x100 /opt/devkitpro/libnx/lib/libnx.a(fs_dev.o)
 .text.fsdev_dirnext
                0x000000000000a2d0      0x1b8 /opt/devkitpro/libnx/lib/libnx.a(fs_dev.o)
 *fill*         0x000000000000a488        0x8 
 .text.fsdev_write
                0x000000000000a490      0x124 /opt/devkitpro/libnx/lib/libnx.a(fs_dev.o)
 *fill*         0x000000000000a5b4        0xc 
 .text.fsdev_seek
                0x000000000000a5c0       0xec /opt/devkitpro/libnx/lib/libnx.a(fs_dev.o)
 *fill*         0x000000000000a6ac        0x4 
 .text.fsdev_open
                0x000000000000a6b0      0x244 /opt/devkitpro/libnx/lib/libnx.a(fs_dev.o)
 *fill*         0x000000000000a8f4        0xc 
 .text.fsdevMountDevice
                0x000000000000a900      0x224 /opt/devkitpro/libnx/lib/libnx.a(fs_dev.o)
                0x000000000000a900                fsdevMountDevice
 *fill*         0x000000000000ab24        0xc 
 .text.fsdevMountSdmc
                0x000000000000ab30       0x40 /opt/devkitpro/libnx/lib/libnx.a(fs_dev.o)
                0x000000000000ab30                fsdevMountSdmc
 .text.__libnx_init_cwd
                0x000000000000ab70       0xc0 /opt/devkitpro/libnx/lib/libnx.a(fs_dev.o)
                0x000000000000ab70                __libnx_init_cwd
 .text.fsdevUnmountAll
                0x000000000000ac30       0x64 /opt/devkitpro/libnx/lib/libnx.a(fs_dev.o)
                0x000000000000ac30                fsdevUnmountAll
 *fill*         0x000000000000ac94        0xc 
 .text.decode_utf8
                0x000000000000aca0      0x12c /opt/devkitpro/libnx/lib/libnx.a(decode_utf8.o)
                0x000000000000aca0                decode_utf8
 .text.armDCacheFlush
                0x000000000000adcc       0x4c /opt/devkitpro/libnx/lib/libnx.a(cache.o)
                0x000000000000adcc                armDCacheFlush
 .text.__libnx_exception_entry
                0x000000000000ae18      0x1c0 /opt/devkitpro/libnx/lib/libnx.a(exception.o)
                0x000000000000ae18                __libnx_exception_entry
 .text.__libnx_exception_returnentry
                0x000000000000afd8       0x18 /opt/devkitpro/libnx/lib/libnx.a(exception.o)
                0x000000000000afd8                __libnx_exception_returnentry
 .text.__aarch64_read_tp
                0x000000000000aff0        0xc /opt/devkitpro/libnx/lib/libnx.a(readtp.o)
                0x000000000000aff0                __aarch64_read_tp
 *fill*         0x000000000000affc        0x4 
 .text.shmemLoadRemote
                0x000000000000b000       0x14 /opt/devkitpro/libnx/lib/libnx.a(shmem.o)
                0x000000000000b000                shmemLoadRemote
 *fill*         0x000000000000b014        0xc 
 .text.shmemMap
                0x000000000000b020       0x88 /opt/devkitpro/libnx/lib/libnx.a(shmem.o)
                0x000000000000b020                shmemMap
 *fill*         0x000000000000b0a8        0x8 
 .text.shmemUnmap
                0x000000000000b0b0       0x34 /opt/devkitpro/libnx/lib/libnx.a(shmem.o)
                0x000000000000b0b0                shmemUnmap
 *fill*         0x000000000000b0e4        0xc 
 .text.shmemClose
                0x000000000000b0f0       0x44 /opt/devkitpro/libnx/lib/libnx.a(shmem.o)
                0x000000000000b0f0                shmemClose
 *fill*         0x000000000000b134        0xc 
 .text.condvarWaitTimeout
                0x000000000000b140       0x64 /opt/devkitpro/libnx/lib/libnx.a(condvar.o)
                0x000000000000b140                condvarWaitTimeout
 *fill*         0x000000000000b1a4        0xc 
 .text.__libnx_init_thread
                0x000000000000b1b0       0xb0 /opt/devkitpro/libnx/lib/libnx.a(thread.o)
                0x000000000000b1b0                __libnx_init_thread
 .text._viCleanup
                0x000000000000b260      0x1dc /opt/devkitpro/libnx/lib/libnx.a(vi.o)
 *fill*         0x000000000000b43c        0x4 
 .text._viCmdGetSessionNoParams.constprop.0
                0x000000000000b440      0x100 /opt/devkitpro/libnx/lib/libnx.a(vi.o)
 .text._viCmdGetSession.constprop.0
                0x000000000000b540       0xfc /opt/devkitpro/libnx/lib/libnx.a(vi.o)
 *fill*         0x000000000000b63c        0x4 
 .text.viInitialize
                0x000000000000b640      0x28c /opt/devkitpro/libnx/lib/libnx.a(vi.o)
                0x000000000000b640                viInitialize
 *fill*         0x000000000000b8cc        0x4 
 .text.viExit   0x000000000000b8d0       0x44 /opt/devkitpro/libnx/lib/libnx.a(vi.o)
                0x000000000000b8d0                viExit
 *fill*         0x000000000000b914        0xc 
 .text.viGetSession_IHOSBinderDriverRelay
                0x000000000000b920        0xc /opt/devkitpro/libnx/lib/libnx.a(vi.o)
                0x000000000000b920                viGetSession_IHOSBinderDriverRelay
 *fill*         0x000000000000b92c        0x4 
 .text.viOpenDisplay
                0x000000000000b930      0x110 /opt/devkitpro/libnx/lib/libnx.a(vi.o)
                0x000000000000b930                viOpenDisplay
 .text.viCloseDisplay
                0x000000000000ba40       0xf4 /opt/devkitpro/libnx/lib/libnx.a(vi.o)
                0x000000000000ba40                viCloseDisplay
 *fill*         0x000000000000bb34        0xc 
 .text.viCloseLayer
                0x000000000000bb40       0xfc /opt/devkitpro/libnx/lib/libnx.a(vi.o)
                0x000000000000bb40                viCloseLayer
 *fill*         0x000000000000bc3c        0x4 
 .text.viCreateLayer
                0x000000000000bc40      0x378 /opt/devkitpro/libnx/lib/libnx.a(vi.o)
                0x000000000000bc40                viCreateLayer
 *fill*         0x000000000000bfb8        0x8 
 .text.viSetLayerScalingMode
                0x000000000000bfc0       0xd8 /opt/devkitpro/libnx/lib/libnx.a(vi.o)
                0x000000000000bfc0                viSetLayerScalingMode
 *fill*         0x000000000000c098        0x8 
 .text._setsysGetFirmwareVersionImpl
                0x000000000000c0a0       0xd4 /opt/devkitpro/libnx/lib/libnx.a(set.o)
 *fill*         0x000000000000c174        0xc 
 .text._setsysCleanup
                0x000000000000c180       0x68 /opt/devkitpro/libnx/lib/libnx.a(set.o)
 *fill*         0x000000000000c1e8        0x8 
 .text.setsysInitialize
                0x000000000000c1f0       0xa0 /opt/devkitpro/libnx/lib/libnx.a(set.o)
                0x000000000000c1f0                setsysInitialize
 .text.setsysExit
                0x000000000000c290       0x44 /opt/devkitpro/libnx/lib/libnx.a(set.o)
                0x000000000000c290                setsysExit
 *fill*         0x000000000000c2d4        0xc 
 .text.setsysGetFirmwareVersion
                0x000000000000c2e0       0x44 /opt/devkitpro/libnx/lib/libnx.a(set.o)
                0x000000000000c2e0                setsysGetFirmwareVersion
 *fill*         0x000000000000c324        0xc 
 .text._fsCleanup
                0x000000000000c330       0xb4 /opt/devkitpro/libnx/lib/libnx.a(fs.o)
 *fill*         0x000000000000c3e4        0xc 
 .text._fsCmdNoIO
                0x000000000000c3f0      0x1a8 /opt/devkitpro/libnx/lib/libnx.a(fs.o)
 *fill*         0x000000000000c598        0x8 
 .text._fsFsCmdWithInPath
                0x000000000000c5a0      0x1d8 /opt/devkitpro/libnx/lib/libnx.a(fs.o)
 *fill*         0x000000000000c778        0x8 
 .text._fsFsCmdWithTwoInPaths
                0x000000000000c780      0x1f4 /opt/devkitpro/libnx/lib/libnx.a(fs.o)
 *fill*         0x000000000000c974        0xc 
 .text._fsFsOpenCommon
                0x000000000000c980      0x25c /opt/devkitpro/libnx/lib/libnx.a(fs.o)
 *fill*         0x000000000000cbdc        0x4 
 .text._fsFsCmdWithInPathAndOutU64
                0x000000000000cbe0      0x1ec /opt/devkitpro/libnx/lib/libnx.a(fs.o)
 *fill*         0x000000000000cdcc        0x4 
 .text._fsObjectClose
                0x000000000000cdd0       0xf4 /opt/devkitpro/libnx/lib/libnx.a(fs.o)
 *fill*         0x000000000000cec4        0xc 
 .text._fsCmdGetSession.constprop.0
                0x000000000000ced0      0x1f4 /opt/devkitpro/libnx/lib/libnx.a(fs.o)
 *fill*         0x000000000000d0c4        0xc 
 .text.fsInitialize
                0x000000000000d0d0      0x2f8 /opt/devkitpro/libnx/lib/libnx.a(fs.o)
                0x000000000000d0d0                fsInitialize
 *fill*         0x000000000000d3c8        0x8 
 .text.fsExit   0x000000000000d3d0       0x44 /opt/devkitpro/libnx/lib/libnx.a(fs.o)
                0x000000000000d3d0                fsExit
 *fill*         0x000000000000d414        0xc 
 .text.fsOpenSdCardFileSystem
                0x000000000000d420        0x8 /opt/devkitpro/libnx/lib/libnx.a(fs.o)
                0x000000000000d420                fsOpenSdCardFileSystem
 *fill*         0x000000000000d428        0x8 
 .text.fsFsCreateFile
                0x000000000000d430      0x1f0 /opt/devkitpro/libnx/lib/libnx.a(fs.o)
                0x000000000000d430                fsFsCreateFile
 .text.fsFsDeleteFile
                0x000000000000d620        0x8 /opt/devkitpro/libnx/lib/libnx.a(fs.o)
                0x000000000000d620                fsFsDeleteFile
 *fill*         0x000000000000d628        0x8 
 .text.fsFsCreateDirectory
                0x000000000000d630        0x8 /opt/devkitpro/libnx/lib/libnx.a(fs.o)
                0x000000000000d630                fsFsCreateDirectory
 *fill*         0x000000000000d638        0x8 
 .text.fsFsDeleteDirectory
                0x000000000000d640        0x8 /opt/devkitpro/libnx/lib/libnx.a(fs.o)
                0x000000000000d640                fsFsDeleteDirectory
 *fill*         0x000000000000d648        0x8 
 .text.fsFsRenameFile
                0x000000000000d650        0x8 /opt/devkitpro/libnx/lib/libnx.a(fs.o)
                0x000000000000d650                fsFsRenameFile
 *fill*         0x000000000000d658        0x8 
 .text.fsFsRenameDirectory
                0x000000000000d660        0x8 /opt/devkitpro/libnx/lib/libnx.a(fs.o)
                0x000000000000d660                fsFsRenameDirectory
 *fill*         0x000000000000d668        0x8 
 .text.fsFsGetEntryType
                0x000000000000d670      0x1f0 /opt/devkitpro/libnx/lib/libnx.a(fs.o)
                0x000000000000d670                fsFsGetEntryType
 .text.fsFsOpenFile
                0x000000000000d860        0x8 /opt/devkitpro/libnx/lib/libnx.a(fs.o)
                0x000000000000d860                fsFsOpenFile
 *fill*         0x000000000000d868        0x8 
 .text.fsFsOpenDirectory
                0x000000000000d870        0x8 /opt/devkitpro/libnx/lib/libnx.a(fs.o)
                0x000000000000d870                fsFsOpenDirectory
 *fill*         0x000000000000d878        0x8 
 .text.fsFsGetFreeSpace
                0x000000000000d880        0x8 /opt/devkitpro/libnx/lib/libnx.a(fs.o)
                0x000000000000d880                fsFsGetFreeSpace
 *fill*         0x000000000000d888        0x8 
 .text.fsFsGetTotalSpace
                0x000000000000d890        0x8 /opt/devkitpro/libnx/lib/libnx.a(fs.o)
                0x000000000000d890                fsFsGetTotalSpace
 *fill*         0x000000000000d898        0x8 
 .text.fsFsGetFileTimeStampRaw
                0x000000000000d8a0      0x230 /opt/devkitpro/libnx/lib/libnx.a(fs.o)
                0x000000000000d8a0                fsFsGetFileTimeStampRaw
 .text.fsFsClose
                0x000000000000dad0        0x4 /opt/devkitpro/libnx/lib/libnx.a(fs.o)
                0x000000000000dad0                fsFsClose
 *fill*         0x000000000000dad4        0xc 
 .text.fsFileRead
                0x000000000000dae0      0x218 /opt/devkitpro/libnx/lib/libnx.a(fs.o)
                0x000000000000dae0                fsFileRead
 *fill*         0x000000000000dcf8        0x8 
 .text.fsFileWrite
                0x000000000000dd00      0x200 /opt/devkitpro/libnx/lib/libnx.a(fs.o)
                0x000000000000dd00                fsFileWrite
 .text.fsFileFlush
                0x000000000000df00        0x8 /opt/devkitpro/libnx/lib/libnx.a(fs.o)
                0x000000000000df00                fsFileFlush
 *fill*         0x000000000000df08        0x8 
 .text.fsFileSetSize
                0x000000000000df10      0x1b8 /opt/devkitpro/libnx/lib/libnx.a(fs.o)
                0x000000000000df10                fsFileSetSize
 *fill*         0x000000000000e0c8        0x8 
 .text.fsFileGetSize
                0x000000000000e0d0      0x1c4 /opt/devkitpro/libnx/lib/libnx.a(fs.o)
                0x000000000000e0d0                fsFileGetSize
 *fill*         0x000000000000e294        0xc 
 .text.fsFileClose
                0x000000000000e2a0        0x4 /opt/devkitpro/libnx/lib/libnx.a(fs.o)
                0x000000000000e2a0                fsFileClose
 *fill*         0x000000000000e2a4        0xc 
 .text.fsDirClose
                0x000000000000e2b0        0x4 /opt/devkitpro/libnx/lib/libnx.a(fs.o)
                0x000000000000e2b0                fsDirClose
 *fill*         0x000000000000e2b4        0xc 
 .text.fsDirRead
                0x000000000000e2c0      0x1fc /opt/devkitpro/libnx/lib/libnx.a(fs.o)
                0x000000000000e2c0                fsDirRead
 *fill*         0x000000000000e4bc        0x4 
 .text._nvSetClientPID
                0x000000000000e4c0       0xd0 /opt/devkitpro/libnx/lib/libnx.a(nv.o)
 .text._nvCleanup
                0x000000000000e590       0xc8 /opt/devkitpro/libnx/lib/libnx.a(nv.o)
 *fill*         0x000000000000e658        0x8 
 .text._nvCmdInitialize.constprop.0
                0x000000000000e660       0xd8 /opt/devkitpro/libnx/lib/libnx.a(nv.o)
 *fill*         0x000000000000e738        0x8 
 .text.__nx_nv_create_tmem
                0x000000000000e740       0x1c /opt/devkitpro/libnx/lib/libnx.a(nv.o)
                0x000000000000e740                __nx_nv_create_tmem
 *fill*         0x000000000000e75c        0x4 
 .text.nvInitialize
                0x000000000000e760      0x258 /opt/devkitpro/libnx/lib/libnx.a(nv.o)
                0x000000000000e760                nvInitialize
 *fill*         0x000000000000e9b8        0x8 
 .text.nvExit   0x000000000000e9c0       0x44 /opt/devkitpro/libnx/lib/libnx.a(nv.o)
                0x000000000000e9c0                nvExit
 *fill*         0x000000000000ea04        0xc 
 .text.nvConvertError
                0x000000000000ea10       0xf4 /opt/devkitpro/libnx/lib/libnx.a(nv.o)
                0x000000000000ea10                nvConvertError
 *fill*         0x000000000000eb04        0xc 
 .text.nvOpen   0x000000000000eb10      0x118 /opt/devkitpro/libnx/lib/libnx.a(nv.o)
                0x000000000000eb10                nvOpen
 *fill*         0x000000000000ec28        0x8 
 .text.nvIoctl  0x000000000000ec30      0x2fc /opt/devkitpro/libnx/lib/libnx.a(nv.o)
                0x000000000000ec30                nvIoctl
 *fill*         0x000000000000ef2c        0x4 
 .text.nvClose  0x000000000000ef30       0xd8 /opt/devkitpro/libnx/lib/libnx.a(nv.o)
                0x000000000000ef30                nvClose
 *fill*         0x000000000000f008        0x8 
 .text.nvQueryEvent
                0x000000000000f010      0x108 /opt/devkitpro/libnx/lib/libnx.a(nv.o)
                0x000000000000f010                nvQueryEvent
 *fill*         0x000000000000f118        0x8 
 .text._timeCleanup
                0x000000000000f120      0x228 /opt/devkitpro/libnx/lib/libnx.a(time.o)
 *fill*         0x000000000000f348        0x8 
 .text._timeCmdGetSession.constprop.0
                0x000000000000f350      0x100 /opt/devkitpro/libnx/lib/libnx.a(time.o)
 .text._timeGetSharedMemoryNativeHandle.constprop.0
                0x000000000000f450       0xcc /opt/devkitpro/libnx/lib/libnx.a(time.o)
 *fill*         0x000000000000f51c        0x4 
 .text._timeCmdNoInOutU64.constprop.0.isra.0
                0x000000000000f520       0xc4 /opt/devkitpro/libnx/lib/libnx.a(time.o)
 *fill*         0x000000000000f5e4        0xc 
 .text._timeReadClockFromSharedMem
                0x000000000000f5f0      0x110 /opt/devkitpro/libnx/lib/libnx.a(time.o)
 .text.timeInitialize
                0x000000000000f700      0x238 /opt/devkitpro/libnx/lib/libnx.a(time.o)
                0x000000000000f700                timeInitialize
 *fill*         0x000000000000f938        0x8 
 .text.timeExit
                0x000000000000f940       0x44 /opt/devkitpro/libnx/lib/libnx.a(time.o)
                0x000000000000f940                timeExit
 *fill*         0x000000000000f984        0xc 
 .text.timeGetServiceSession_SystemClock
                0x000000000000f990       0x38 /opt/devkitpro/libnx/lib/libnx.a(time.o)
                0x000000000000f990                timeGetServiceSession_SystemClock
 *fill*         0x000000000000f9c8        0x8 
 .text.timeGetCurrentTime
                0x000000000000f9d0       0x68 /opt/devkitpro/libnx/lib/libnx.a(time.o)
                0x000000000000f9d0                timeGetCurrentTime
 *fill*         0x000000000000fa38        0x8 
 .text.timeToCalendarTimeWithMyRule
                0x000000000000fa40      0x110 /opt/devkitpro/libnx/lib/libnx.a(time.o)
                0x000000000000fa40                timeToCalendarTimeWithMyRule
 .text.timeToPosixTimeWithMyRule
                0x000000000000fb50      0x104 /opt/devkitpro/libnx/lib/libnx.a(time.o)
                0x000000000000fb50                timeToPosixTimeWithMyRule
 *fill*         0x000000000000fc54        0xc 
 .text._nvFenceCleanup
                0x000000000000fc60       0x7c /opt/devkitpro/libnx/lib/libnx.a(fence.o)
 *fill*         0x000000000000fcdc        0x4 
 .text.nvFenceInit
                0x000000000000fce0       0x98 /opt/devkitpro/libnx/lib/libnx.a(fence.o)
                0x000000000000fce0                nvFenceInit
 *fill*         0x000000000000fd78        0x8 
 .text.nvFenceExit
                0x000000000000fd80       0x44 /opt/devkitpro/libnx/lib/libnx.a(fence.o)
                0x000000000000fd80                nvFenceExit
 *fill*         0x000000000000fdc4        0xc 
 .text.nvFenceWait
                0x000000000000fdd0      0x240 /opt/devkitpro/libnx/lib/libnx.a(fence.o)
                0x000000000000fdd0                nvFenceWait
 .text.nvMultiFenceWait
                0x0000000000010010       0x74 /opt/devkitpro/libnx/lib/libnx.a(fence.o)
                0x0000000000010010                nvMultiFenceWait
 *fill*         0x0000000000010084        0xc 
 .text.nvMapInit
                0x0000000000010090       0xb4 /opt/devkitpro/libnx/lib/libnx.a(map.o)
                0x0000000000010090                nvMapInit
 *fill*         0x0000000000010144        0xc 
 .text.nvMapExit
                0x0000000000010150       0x6c /opt/devkitpro/libnx/lib/libnx.a(map.o)
                0x0000000000010150                nvMapExit
 *fill*         0x00000000000101bc        0x4 
 .text.nvMapClose
                0x00000000000101c0       0x80 /opt/devkitpro/libnx/lib/libnx.a(map.o)
                0x00000000000101c0                nvMapClose
 .text.nvMapCreate
                0x0000000000010240      0x154 /opt/devkitpro/libnx/lib/libnx.a(map.o)
                0x0000000000010240                nvMapCreate
 *fill*         0x0000000000010394        0xc 
 .text.nvioctlNvhostCtrl_EventSignal
                0x00000000000103a0       0x28 /opt/devkitpro/libnx/lib/libnx.a(nvhost-ctrl.o)
                0x00000000000103a0                nvioctlNvhostCtrl_EventSignal
 *fill*         0x00000000000103c8        0x8 
 .text.nvioctlNvhostCtrl_EventWait
                0x00000000000103d0       0x44 /opt/devkitpro/libnx/lib/libnx.a(nvhost-ctrl.o)
                0x00000000000103d0                nvioctlNvhostCtrl_EventWait
 *fill*         0x0000000000010414        0xc 
 .text.nvioctlNvhostCtrl_EventWaitAsync
                0x0000000000010420       0x30 /opt/devkitpro/libnx/lib/libnx.a(nvhost-ctrl.o)
                0x0000000000010420                nvioctlNvhostCtrl_EventWaitAsync
 .text.nvioctlNvhostCtrl_EventRegister
                0x0000000000010450       0x28 /opt/devkitpro/libnx/lib/libnx.a(nvhost-ctrl.o)
                0x0000000000010450                nvioctlNvhostCtrl_EventRegister
 *fill*         0x0000000000010478        0x8 
 .text.nvioctlNvhostCtrl_EventUnregister
                0x0000000000010480       0x28 /opt/devkitpro/libnx/lib/libnx.a(nvhost-ctrl.o)
                0x0000000000010480                nvioctlNvhostCtrl_EventUnregister
 *fill*         0x00000000000104a8        0x8 
 .text.nvioctlNvmap_Create
                0x00000000000104b0       0x40 /opt/devkitpro/libnx/lib/libnx.a(nvmap.o)
                0x00000000000104b0                nvioctlNvmap_Create
 .text.nvioctlNvmap_Alloc
                0x00000000000104f0       0x38 /opt/devkitpro/libnx/lib/libnx.a(nvmap.o)
                0x00000000000104f0                nvioctlNvmap_Alloc
 *fill*         0x0000000000010528        0x8 
 .text.nvioctlNvmap_Free
                0x0000000000010530       0x34 /opt/devkitpro/libnx/lib/libnx.a(nvmap.o)
                0x0000000000010530                nvioctlNvmap_Free
 *fill*         0x0000000000010564        0xc 
 .text.nvioctlNvmap_GetId
                0x0000000000010570       0x40 /opt/devkitpro/libnx/lib/libnx.a(nvmap.o)
                0x0000000000010570                nvioctlNvmap_GetId
 .text.bqRequestBuffer
                0x00000000000105b0       0xd8 /opt/devkitpro/libnx/lib/libnx.a(buffer_producer.o)
                0x00000000000105b0                bqRequestBuffer
 *fill*         0x0000000000010688        0x8 
 .text.bqDequeueBuffer
                0x0000000000010690      0x160 /opt/devkitpro/libnx/lib/libnx.a(buffer_producer.o)
                0x0000000000010690                bqDequeueBuffer
 .text.bqQueueBuffer
                0x00000000000107f0       0xdc /opt/devkitpro/libnx/lib/libnx.a(buffer_producer.o)
                0x00000000000107f0                bqQueueBuffer
 *fill*         0x00000000000108cc        0x4 
 .text.bqCancelBuffer
                0x00000000000108d0       0x94 /opt/devkitpro/libnx/lib/libnx.a(buffer_producer.o)
                0x00000000000108d0                bqCancelBuffer
 *fill*         0x0000000000010964        0xc 
 .text.bqConnect
                0x0000000000010970       0xe4 /opt/devkitpro/libnx/lib/libnx.a(buffer_producer.o)
                0x0000000000010970                bqConnect
 *fill*         0x0000000000010a54        0xc 
 .text.bqDisconnect
                0x0000000000010a60       0x9c /opt/devkitpro/libnx/lib/libnx.a(buffer_producer.o)
                0x0000000000010a60                bqDisconnect
 *fill*         0x0000000000010afc        0x4 
 .text.bqSetPreallocatedBuffer
                0x0000000000010b00      0x17c /opt/devkitpro/libnx/lib/libnx.a(buffer_producer.o)
                0x0000000000010b00                bqSetPreallocatedBuffer
 *fill*         0x0000000000010c7c        0x4 
 .text.binderCreate
                0x0000000000010c80       0x1c /opt/devkitpro/libnx/lib/libnx.a(binder.o)
                0x0000000000010c80                binderCreate
 *fill*         0x0000000000010c9c        0x4 
 .text.binderTransactParcel
                0x0000000000010ca0      0x3d0 /opt/devkitpro/libnx/lib/libnx.a(binder.o)
                0x0000000000010ca0                binderTransactParcel
 .text.binderConvertErrorCode
                0x0000000000011070       0xe8 /opt/devkitpro/libnx/lib/libnx.a(binder.o)
                0x0000000000011070                binderConvertErrorCode
 *fill*         0x0000000000011158        0x8 
 .text.binderAdjustRefcount
                0x0000000000011160      0x124 /opt/devkitpro/libnx/lib/libnx.a(binder.o)
                0x0000000000011160                binderAdjustRefcount
 *fill*         0x0000000000011284        0xc 
 .text.binderInitSession
                0x0000000000011290       0x98 /opt/devkitpro/libnx/lib/libnx.a(binder.o)
                0x0000000000011290                binderInitSession
 *fill*         0x0000000000011328        0x8 
 .text.binderClose
                0x0000000000011330       0x68 /opt/devkitpro/libnx/lib/libnx.a(binder.o)
                0x0000000000011330                binderClose
 *fill*         0x0000000000011398        0x8 
 .text.binderGetNativeHandle
                0x00000000000113a0      0x158 /opt/devkitpro/libnx/lib/libnx.a(binder.o)
                0x00000000000113a0                binderGetNativeHandle
 *fill*         0x00000000000114f8        0x8 
 .text.parcelCreate
                0x0000000000011500       0x30 /opt/devkitpro/libnx/lib/libnx.a(parcel.o)
                0x0000000000011500                parcelCreate
 .text.parcelTransact
                0x0000000000011530      0x19c /opt/devkitpro/libnx/lib/libnx.a(parcel.o)
                0x0000000000011530                parcelTransact
 *fill*         0x00000000000116cc        0x4 
 .text.parcelWriteData
                0x00000000000116d0       0x88 /opt/devkitpro/libnx/lib/libnx.a(parcel.o)
                0x00000000000116d0                parcelWriteData
 *fill*         0x0000000000011758        0x8 
 .text.parcelReadData
                0x0000000000011760       0x98 /opt/devkitpro/libnx/lib/libnx.a(parcel.o)
                0x0000000000011760                parcelReadData
 *fill*         0x00000000000117f8        0x8 
 .text.parcelWriteInt32
                0x0000000000011800       0x20 /opt/devkitpro/libnx/lib/libnx.a(parcel.o)
                0x0000000000011800                parcelWriteInt32
 .text.parcelWriteUInt32
                0x0000000000011820       0x20 /opt/devkitpro/libnx/lib/libnx.a(parcel.o)
                0x0000000000011820                parcelWriteUInt32
 .text.parcelWriteString16
                0x0000000000011840       0x7c /opt/devkitpro/libnx/lib/libnx.a(parcel.o)
                0x0000000000011840                parcelWriteString16
 *fill*         0x00000000000118bc        0x4 
 .text.parcelWriteInterfaceToken
                0x00000000000118c0       0x30 /opt/devkitpro/libnx/lib/libnx.a(parcel.o)
                0x00000000000118c0                parcelWriteInterfaceToken
 .text.parcelReadInt32
                0x00000000000118f0       0x24 /opt/devkitpro/libnx/lib/libnx.a(parcel.o)
                0x00000000000118f0                parcelReadInt32
 *fill*         0x0000000000011914        0xc 
 .text.parcelReadFlattenedObject
                0x0000000000011920       0x68 /opt/devkitpro/libnx/lib/libnx.a(parcel.o)
                0x0000000000011920                parcelReadFlattenedObject
 *fill*         0x0000000000011988        0x8 
 .text.parcelWriteFlattenedObject
                0x0000000000011990       0x4c /opt/devkitpro/libnx/lib/libnx.a(parcel.o)
                0x0000000000011990                parcelWriteFlattenedObject
 *fill*         0x00000000000119dc        0x4 
 .text.nxlinkSetup
                0x00000000000119e0       0xc4 /opt/devkitpro/libnx/lib/libnx.a(nxlink.o)
                0x00000000000119e0                nxlinkSetup
 *fill*         0x0000000000011aa4        0xc 
 .text.sessionmgrCreate
                0x0000000000011ab0      0x178 /opt/devkitpro/libnx/lib/libnx.a(sessionmgr.o)
                0x0000000000011ab0                sessionmgrCreate
 *fill*         0x0000000000011c28        0x8 
 .text.sessionmgrClose
                0x0000000000011c30       0x84 /opt/devkitpro/libnx/lib/libnx.a(sessionmgr.o)
                0x0000000000011c30                sessionmgrClose
 *fill*         0x0000000000011cb4        0xc 
 .text.sessionmgrAttachClient
                0x0000000000011cc0       0xb4 /opt/devkitpro/libnx/lib/libnx.a(sessionmgr.o)
                0x0000000000011cc0                sessionmgrAttachClient
 *fill*         0x0000000000011d74        0xc 
 .text.sessionmgrDetachClient
                0x0000000000011d80       0x70 /opt/devkitpro/libnx/lib/libnx.a(sessionmgr.o)
                0x0000000000011d80                sessionmgrDetachClient
 .text.printf   0x0000000000011df0       0x84 /opt/devkitpro/devkitA64/bin/../lib/gcc/aarch64-none-elf/13.2.0/../../../../aarch64-none-elf/lib/pic/libg.a(libc_a-printf.o)
                0x0000000000011df0                printf
 *fill*         0x0000000000011e74        0xc 
 .text.setenv   0x0000000000011e80       0x3c /opt/devkitpro/devkitA64/bin/../lib/gcc/aarch64-none-elf/13.2.0/../../../../aarch64-none-elf/lib/pic/libg.a(libc_a-setenv.o)
                0x0000000000011e80                setenv
 *fill*         0x0000000000011ebc        0x4 
 .text._puts_r  0x0000000000011ec0       0xd0 /opt/devkitpro/devkitA64/bin/../lib/gcc/aarch64-none-elf/13.2.0/../../../../aarch64-none-elf/lib/pic/libg.a(libc_a-puts.o)
                0x0000000000011ec0                _puts_r
 .text.puts     0x0000000000011f90       0x24 /opt/devkitpro/devkitA64/bin/../lib/gcc/aarch64-none-elf/13.2.0/../../../../aarch64-none-elf/lib/pic/libg.a(libc_a-puts.o)
                0x0000000000011f90                puts
 *fill*         0x0000000000011fb4        0xc 
 .text.bsearch  0x0000000000011fc0       0xb8 /opt/devkitpro/devkitA64/bin/../lib/gcc/aarch64-none-elf/13.2.0/../../../../aarch64-none-elf/lib/pic/libg.a(libc_a-bsearch.o)
                0x0000000000011fc0                bsearch
 *fill*         0x0000000000012078        0x8 
 .text._setenv_r
                0x0000000000012080      0x254 /opt/devkitpro/devkitA64/bin/../lib/gcc/aarch64-none-elf/13.2.0/../../../../aarch64-none-elf/lib/pic/libg.a(libc_a-setenv_r.o)
                0x0000000000012080                _setenv_r
 *fill*         0x00000000000122d4        0xc 
 .text.sscanf   0x00000000000122e0       0xbc /opt/devkitpro/devkitA64/bin/../lib/gcc/aarch64-none-elf/13.2.0/../../../../aarch64-none-elf/lib/pic/libg.a(libc_a-sscanf.o)
                0x00000000000122e0                sscanf
 *fill*         0x000000000001239c        0x4 
 .text.__sread  0x00000000000123a0       0x50 /opt/devkitpro/devkitA64/bin/../lib/gcc/aarch64-none-elf/13.2.0/../../../../aarch64-none-elf/lib/pic/libg.a(libc_a-stdio.o)
                0x00000000000123a0                __sread
 .text.__seofread
                0x00000000000123f0        0x8 /opt/devkitpro/devkitA64/bin/../lib/gcc/aarch64-none-elf/13.2.0/../../../../aarch64-none-elf/lib/pic/libg.a(libc_a-stdio.o)
                0x00000000000123f0                __seofread
 *fill*         0x00000000000123f8        0x8 
 .text.__swrite
                0x0000000000012400       0x6c /opt/devkitpro/devkitA64/bin/../lib/gcc/aarch64-none-elf/13.2.0/../../../../aarch64-none-elf/lib/pic/libg.a(libc_a-stdio.o)
                0x0000000000012400                __swrite
 *fill*         0x000000000001246c        0x4 
 .text.__sseek  0x0000000000012470       0x50 /opt/devkitpro/devkitA64/bin/../lib/gcc/aarch64-none-elf/13.2.0/../../../../aarch64-none-elf/lib/pic/libg.a(libc_a-stdio.o)
                0x0000000000012470                __sseek
 .text.__sclose
                0x00000000000124c0        0x8 /opt/devkitpro/devkitA64/bin/../lib/gcc/aarch64-none-elf/13.2.0/../../../../aarch64-none-elf/lib/pic/libg.a(libc_a-stdio.o)
                0x00000000000124c0                __sclose
 *fill*         0x00000000000124c8        0x8 
 .text.__env_lock
                0x00000000000124d0        0xc /opt/devkitpro/devkitA64/bin/../lib/gcc/aarch64-none-elf/13.2.0/../../../../aarch64-none-elf/lib/pic/libg.a(libc_a-envlock.o)
                0x00000000000124d0                __env_lock
 *fill*         0x00000000000124dc        0x4 
 .text.__env_unlock
                0x00000000000124e0        0xc /opt/devkitpro/devkitA64/bin/../lib/gcc/aarch64-none-elf/13.2.0/../../../../aarch64-none-elf/lib/pic/libg.a(libc_a-envlock.o)
                0x00000000000124e0                __env_unlock
 *fill*         0x00000000000124ec        0x4 
 .text.aligned_alloc
                0x00000000000124f0       0x2c /opt/devkitpro/devkitA64/bin/../lib/gcc/aarch64-none-elf/13.2.0/../../../../aarch64-none-elf/lib/pic/libg.a(libc_a-aligned_alloc.o)
                0x00000000000124f0                aligned_alloc
 *fill*         0x000000000001251c        0x4 
 .text.setvbuf  0x0000000000012520      0x250 /opt/devkitpro/devkitA64/bin/../lib/gcc/aarch64-none-elf/13.2.0/../../../../aarch64-none-elf/lib/pic/libg.a(libc_a-setvbuf.o)
                0x0000000000012520                setvbuf
 .text.__call_exitprocs
                0x0000000000012770        0x4 /opt/devkitpro/devkitA64/bin/../lib/gcc/aarch64-none-elf/13.2.0/../../../../aarch64-none-elf/lib/pic/libg.a(libc_a-exit.o)
                0x0000000000012770                __call_exitprocs
 *fill*         0x0000000000012774        0xc 
 .text._malloc_trim_r
                0x0000000000012780      0x124 /opt/devkitpro/devkitA64/bin/../lib/gcc/aarch64-none-elf/13.2.0/../../../../aarch64-none-elf/lib/pic/libg.a(libc_a-freer.o)
                0x0000000000012780                _malloc_trim_r
 *fill*         0x00000000000128a4        0xc 
 .text._free_r  0x00000000000128b0      0x2d8 /opt/devkitpro/devkitA64/bin/../lib/gcc/aarch64-none-elf/13.2.0/../../../../aarch64-none-elf/lib/pic/libg.a(libc_a-freer.o)
                0x00000000000128b0                _free_r
 *fill*         0x0000000000012b88        0x8 
 .text.malloc   0x0000000000012b90       0x24 /opt/devkitpro/devkitA64/bin/../lib/gcc/aarch64-none-elf/13.2.0/../../../../aarch64-none-elf/lib/pic/libg.a(libc_a-malloc.o)
                0x0000000000012b90                malloc
 *fill*         0x0000000000012bb4        0xc 
 .text.free     0x0000000000012bc0       0x24 /opt/devkitpro/devkitA64/bin/../lib/gcc/aarch64-none-elf/13.2.0/../../../../aarch64-none-elf/lib/pic/libg.a(libc_a-malloc.o)
                0x0000000000012bc0                free
 .text.get_arg  0x0000000000012be4       0x74 /opt/devkitpro/devkitA64/bin/../lib/gcc/aarch64-none-elf/13.2.0/../../../../aarch64-none-elf/lib/pic/libg.a(libc_a-svfscanf.o)
 .text.__ssvfscanf_r
                0x0000000000012c58     0x2fdc /opt/devkitpro/devkitA64/bin/../lib/gcc/aarch64-none-elf/13.2.0/../../../../aarch64-none-elf/lib/pic/libg.a(libc_a-svfscanf.o)
                0x0000000000012c58                __ssvfscanf_r
 *fill*         0x0000000000015c34        0xc 
 .text._malloc_r
                0x0000000000015c40      0x80c /opt/devkitpro/devkitA64/bin/../lib/gcc/aarch64-none-elf/13.2.0/../../../../aarch64-none-elf/lib/pic/libg.a(libc_a-mallocr.o)
                0x0000000000015c40                _malloc_r
 *fill*         0x000000000001644c        0x4 
 .text._findenv_r
                0x0000000000016450       0xfc /opt/devkitpro/devkitA64/bin/../lib/gcc/aarch64-none-elf/13.2.0/../../../../aarch64-none-elf/lib/pic/libg.a(libc_a-getenv_r.o)
                0x0000000000016450                _findenv_r
 *fill*         0x000000000001654c        0x4 
 .text.__malloc_lock
                0x0000000000016550        0xc /opt/devkitpro/devkitA64/bin/../lib/gcc/aarch64-none-elf/13.2.0/../../../../aarch64-none-elf/lib/pic/libg.a(libc_a-mlock.o)
                0x0000000000016550                __malloc_lock
 *fill*         0x000000000001655c        0x4 
 .text.__malloc_unlock
                0x0000000000016560        0xc /opt/devkitpro/devkitA64/bin/../lib/gcc/aarch64-none-elf/13.2.0/../../../../aarch64-none-elf/lib/pic/libg.a(libc_a-mlock.o)
                0x0000000000016560                __malloc_unlock
 .text.get_arg  0x000000000001656c      0x804 /opt/devkitpro/devkitA64/bin/../lib/gcc/aarch64-none-elf/13.2.0/../../../../aarch64-none-elf/lib/pic/libg.a(libc_a-vfprintf.o)
 .text._vfprintf_r
                0x0000000000016d70     0x3c28 /opt/devkitpro/devkitA64/bin/../lib/gcc/aarch64-none-elf/13.2.0/../../../../aarch64-none-elf/lib/pic/libg.a(libc_a-vfprintf.o)
                0x0000000000016d70                _vfprintf_r
 .text.__sbprintf
                0x000000000001a998       0xd0 /opt/devkitpro/devkitA64/bin/../lib/gcc/aarch64-none-elf/13.2.0/../../../../aarch64-none-elf/lib/pic/libg.a(libc_a-vfprintf.o)
 *fill*         0x000000000001aa68        0x8 
 .text.__sflush_r
                0x000000000001aa70      0x200 /opt/devkitpro/devkitA64/bin/../lib/gcc/aarch64-none-elf/13.2.0/../../../../aarch64-none-elf/lib/pic/libg.a(libc_a-fflush.o)
                0x000000000001aa70                __sflush_r
 .text._fflush_r
                0x000000000001ac70       0xb8 /opt/devkitpro/devkitA64/bin/../lib/gcc/aarch64-none-elf/13.2.0/../../../../aarch64-none-elf/lib/pic/libg.a(libc_a-fflush.o)
                0x000000000001ac70                _fflush_r
 *fill*         0x000000000001ad28        0x8 
 .text.gmtime   0x000000000001ad30       0x2c /opt/devkitpro/devkitA64/bin/../lib/gcc/aarch64-none-elf/13.2.0/../../../../aarch64-none-elf/lib/pic/libg.a(libc_a-gmtime.o)
                0x000000000001ad30                gmtime
 *fill*         0x000000000001ad5c        0x4 
 .text.strncat  0x000000000001ad60       0x78 /opt/devkitpro/devkitA64/bin/../lib/gcc/aarch64-none-elf/13.2.0/../../../../aarch64-none-elf/lib/pic/libg.a(libc_a-strncat.o)
                0x000000000001ad60                strncat
 *fill*         0x000000000001add8        0x8 
 .text.__sfvwrite_r
                0x000000000001ade0      0x4cc /opt/devkitpro/devkitA64/bin/../lib/gcc/aarch64-none-elf/13.2.0/../../../../aarch64-none-elf/lib/pic/libg.a(libc_a-fvwrite.o)
                0x000000000001ade0                __sfvwrite_r
 *fill*         0x000000000001b2ac        0x4 
 .text.gmtime_r
                0x000000000001b2b0      0x2a0 /opt/devkitpro/devkitA64/bin/../lib/gcc/aarch64-none-elf/13.2.0/../../../../aarch64-none-elf/lib/pic/libg.a(libc_a-gmtime_r.o)
                0x000000000001b2b0                gmtime_r
 .text._fwalk_sglue
                0x000000000001b550       0xa0 /opt/devkitpro/devkitA64/bin/../lib/gcc/aarch64-none-elf/13.2.0/../../../../aarch64-none-elf/lib/pic/libg.a(libc_a-fwalk.o)
                0x000000000001b550                _fwalk_sglue
 .text._realloc_r
                0x000000000001b5f0      0x524 /opt/devkitpro/devkitA64/bin/../lib/gcc/aarch64-none-elf/13.2.0/../../../../aarch64-none-elf/lib/pic/libg.a(libc_a-reallocr.o)
                0x000000000001b5f0                _realloc_r
 *fill*         0x000000000001bb14        0xc 
 .text.strncpy  0x000000000001bb20       0x90 /opt/devkitpro/devkitA64/bin/../lib/gcc/aarch64-none-elf/13.2.0/../../../../aarch64-none-elf/lib/pic/libg.a(libc_a-strncpy.o)
                0x000000000001bb20                strncpy
 .text.stdio_exit_handler
                0x000000000001bbb0       0x1c /opt/devkitpro/devkitA64/bin/../lib/gcc/aarch64-none-elf/13.2.0/../../../../aarch64-none-elf/lib/pic/libg.a(libc_a-findfp.o)
 *fill*         0x000000000001bbcc        0x4 
 .text.cleanup_stdio
                0x000000000001bbd0       0x6c /opt/devkitpro/devkitA64/bin/../lib/gcc/aarch64-none-elf/13.2.0/../../../../aarch64-none-elf/lib/pic/libg.a(libc_a-findfp.o)
 *fill*         0x000000000001bc3c        0x4 
 .text.global_stdio_init.part.0
                0x000000000001bc40      0x140 /opt/devkitpro/devkitA64/bin/../lib/gcc/aarch64-none-elf/13.2.0/../../../../aarch64-none-elf/lib/pic/libg.a(libc_a-findfp.o)
 .text.__sfp_lock_acquire
                0x000000000001bd80        0xc /opt/devkitpro/devkitA64/bin/../lib/gcc/aarch64-none-elf/13.2.0/../../../../aarch64-none-elf/lib/pic/libg.a(libc_a-findfp.o)
                0x000000000001bd80                __sfp_lock_acquire
 *fill*         0x000000000001bd8c        0x4 
 .text.__sfp_lock_release
                0x000000000001bd90        0xc /opt/devkitpro/devkitA64/bin/../lib/gcc/aarch64-none-elf/13.2.0/../../../../aarch64-none-elf/lib/pic/libg.a(libc_a-findfp.o)
                0x000000000001bd90                __sfp_lock_release
 *fill*         0x000000000001bd9c        0x4 
 .text.__sinit  0x000000000001bda0       0x54 /opt/devkitpro/devkitA64/bin/../lib/gcc/aarch64-none-elf/13.2.0/../../../../aarch64-none-elf/lib/pic/libg.a(libc_a-findfp.o)
                0x000000000001bda0                __sinit
 *fill*         0x000000000001bdf4        0xc 
 .text.sulp     0x000000000001be00       0x54 /opt/devkitpro/devkitA64/bin/../lib/gcc/aarch64-none-elf/13.2.0/../../../../aarch64-none-elf/lib/pic/libg.a(libc_a-strtod.o)
 *fill*         0x000000000001be54        0xc 
 .text._strtod_l
                0x000000000001be60     0x1184 /opt/devkitpro/devkitA64/bin/../lib/gcc/aarch64-none-elf/13.2.0/../../../../aarch64-none-elf/lib/pic/libg.a(libc_a-strtod.o)
                0x000000000001be60                _strtod_l
 *fill*         0x000000000001cfe4        0xc 
 .text._strtod_r
                0x000000000001cff0       0x50 /opt/devkitpro/devkitA64/bin/../lib/gcc/aarch64-none-elf/13.2.0/../../../../aarch64-none-elf/lib/pic/libg.a(libc_a-strtod.o)
                0x000000000001cff0                _strtod_r
 .text._strtol_l.part.0
                0x000000000001d040      0x18c /opt/devkitpro/devkitA64/bin/../lib/gcc/aarch64-none-elf/13.2.0/../../../../aarch64-none-elf/lib/pic/libg.a(libc_a-strtol.o)
 *fill*         0x000000000001d1cc        0x4 
 .text._strtol_r
                0x000000000001d1d0       0x70 /opt/devkitpro/devkitA64/bin/../lib/gcc/aarch64-none-elf/13.2.0/../../../../aarch64-none-elf/lib/pic/libg.a(libc_a-strtol.o)
                0x000000000001d1d0                _strtol_r
 .text.realloc  0x000000000001d240       0x2c /opt/devkitpro/devkitA64/bin/../lib/gcc/aarch64-none-elf/13.2.0/../../../../aarch64-none-elf/lib/pic/libg.a(libc_a-realloc.o)
                0x000000000001d240                realloc
 .text          0x000000000001d26c       0xd8 /opt/devkitpro/devkitA64/bin/../lib/gcc/aarch64-none-elf/13.2.0/../../../../aarch64-none-elf/lib/pic/libg.a(libc_a-memchr.o)
                0x000000000001d26c                memchr
 *fill*         0x000000000001d344        0xc 
 .text._strtoul_l.isra.0
                0x000000000001d350      0x1a8 /opt/devkitpro/devkitA64/bin/../lib/gcc/aarch64-none-elf/13.2.0/../../../../aarch64-none-elf/lib/pic/libg.a(libc_a-strtoul.o)
 *fill*         0x000000000001d4f8        0x8 
 .text._strtoul_r
                0x000000000001d500       0x44 /opt/devkitpro/devkitA64/bin/../lib/gcc/aarch64-none-elf/13.2.0/../../../../aarch64-none-elf/lib/pic/libg.a(libc_a-strtoul.o)
                0x000000000001d500                _strtoul_r
 *fill*         0x000000000001d544        0xc 
 .text.strtoul  0x000000000001d550       0x48 /opt/devkitpro/devkitA64/bin/../lib/gcc/aarch64-none-elf/13.2.0/../../../../aarch64-none-elf/lib/pic/libg.a(libc_a-strtoul.o)
                0x000000000001d550                strtoul
 *fill*         0x000000000001d598       0x28 
 .text          0x000000000001d5c0      0x1dc /opt/devkitpro/devkitA64/bin/../lib/gcc/aarch64-none-elf/13.2.0/../../../../aarch64-none-elf/lib/pic/libg.a(libc_a-memset.o)
                0x000000000001d5c0                memset
 *fill*         0x000000000001d79c        0x4 
 .text.__locale_mb_cur_max
                0x000000000001d7a0       0x2c /opt/devkitpro/devkitA64/bin/../lib/gcc/aarch64-none-elf/13.2.0/../../../../aarch64-none-elf/lib/pic/libg.a(libc_a-locale.o)
                0x000000000001d7a0                __locale_mb_cur_max
 *fill*         0x000000000001d7cc        0x4 
 .text.__localeconv_l
                0x000000000001d7d0        0x8 /opt/devkitpro/devkitA64/bin/../lib/gcc/aarch64-none-elf/13.2.0/../../../../aarch64-none-elf/lib/pic/libg.a(libc_a-localeconv.o)
                0x000000000001d7d0                __localeconv_l
 *fill*         0x000000000001d7d8        0x8 
 .text._localeconv_r
                0x000000000001d7e0       0x28 /opt/devkitpro/devkitA64/bin/../lib/gcc/aarch64-none-elf/13.2.0/../../../../aarch64-none-elf/lib/pic/libg.a(libc_a-localeconv.o)
                0x000000000001d7e0                _localeconv_r
 *fill*         0x000000000001d808       0x38 
 .text          0x000000000001d840      0x16c /opt/devkitpro/devkitA64/bin/../lib/gcc/aarch64-none-elf/13.2.0/../../../../aarch64-none-elf/lib/pic/libg.a(libc_a-memcpy.o)
                0x000000000001d840                memcpy
 *fill*         0x000000000001d9ac       0x14 
 .text          0x000000000001d9c0       0xe4 /opt/devkitpro/devkitA64/bin/../lib/gcc/aarch64-none-elf/13.2.0/../../../../aarch64-none-elf/lib/pic/libg.a(libc_a-strcmp.o)
                0x000000000001d9c0                strcmp
 *fill*         0x000000000001daa4        0xc 
 .text.__utf8_wctomb
                0x000000000001dab0       0xe4 /opt/devkitpro/devkitA64/bin/../lib/gcc/aarch64-none-elf/13.2.0/../../../../aarch64-none-elf/lib/pic/libg.a(libc_a-wctomb_r.o)
                0x000000000001dab0                __utf8_wctomb
 *fill*         0x000000000001db94       0x2c 
 .text          0x000000000001dbc0       0xac /opt/devkitpro/devkitA64/bin/../lib/gcc/aarch64-none-elf/13.2.0/../../../../aarch64-none-elf/lib/pic/libg.a(libc_a-memmove.o)
                0x000000000001dbc0                memmove
 *fill*         0x000000000001dc6c       0x14 
 .text          0x000000000001dc80       0xe0 /opt/devkitpro/devkitA64/bin/../lib/gcc/aarch64-none-elf/13.2.0/../../../../aarch64-none-elf/lib/pic/libg.a(libc_a-strnlen.o)
                0x000000000001dca4                strnlen
 .text          0x000000000001dd60       0xdc /opt/devkitpro/devkitA64/bin/../lib/gcc/aarch64-none-elf/13.2.0/../../../../aarch64-none-elf/lib/pic/libg.a(libc_a-strchr.o)
                0x000000000001dd60                strchr
 *fill*         0x000000000001de3c        0x4 
 .text          0x000000000001de40      0x140 /opt/devkitpro/devkitA64/bin/../lib/gcc/aarch64-none-elf/13.2.0/../../../../aarch64-none-elf/lib/pic/libg.a(libc_a-strlen.o)
                0x000000000001de40                strlen
 .text.stpncpy  0x000000000001df80       0xa4 /opt/devkitpro/devkitA64/bin/../lib/gcc/aarch64-none-elf/13.2.0/../../../../aarch64-none-elf/lib/pic/libg.a(libc_a-stpncpy.o)
                0x000000000001df80                stpncpy
 *fill*         0x000000000001e024       0x1c 
 .text          0x000000000001e040      0x1d4 /opt/devkitpro/devkitA64/bin/../lib/gcc/aarch64-none-elf/13.2.0/../../../../aarch64-none-elf/lib/pic/libg.a(libc_a-strncmp.o)
                0x000000000001e05c                strncmp
 *fill*         0x000000000001e214        0xc 
 .text.__libc_init_array
                0x000000000001e220       0x94 /opt/devkitpro/devkitA64/bin/../lib/gcc/aarch64-none-elf/13.2.0/../../../../aarch64-none-elf/lib/pic/libg.a(libc_a-init.o)
                0x000000000001e220                __libc_init_array
 *fill*         0x000000000001e2b4        0xc 
 .text.__libc_fini_array
                0x000000000001e2c0       0x44 /opt/devkitpro/devkitA64/bin/../lib/gcc/aarch64-none-elf/13.2.0/../../../../aarch64-none-elf/lib/pic/libg.a(libc_a-fini.o)
                0x000000000001e2c0                __libc_fini_array
 *fill*         0x000000000001e304        0xc 
 .text.__errno  0x000000000001e310       0x14 /opt/devkitpro/devkitA64/bin/../lib/gcc/aarch64-none-elf/13.2.0/../../../../aarch64-none-elf/lib/pic/libg.a(libc_a-errno.o)
                0x000000000001e310                __errno
 *fill*         0x000000000001e324        0xc 
 .text.nan      0x000000000001e330        0xc /opt/devkitpro/devkitA64/bin/../lib/gcc/aarch64-none-elf/13.2.0/../../../../aarch64-none-elf/lib/pic/libg.a(libm_a-s_nan.o)
                0x000000000001e330                nan
 *fill*         0x000000000001e33c        0x4 
 .text.nanf     0x000000000001e340        0xc /opt/devkitpro/devkitA64/bin/../lib/gcc/aarch64-none-elf/13.2.0/../../../../aarch64-none-elf/lib/pic/libg.a(libm_a-sf_nan.o)
                0x000000000001e340                nanf
 *fill*         0x000000000001e34c        0x4 
 .text.frexp    0x000000000001e350       0x78 /opt/devkitpro/devkitA64/bin/../lib/gcc/aarch64-none-elf/13.2.0/../../../../aarch64-none-elf/lib/pic/libg.a(libm_a-s_frexp.o)
                0x000000000001e350                frexp
 *fill*         0x000000000001e3c8        0x8 
 .text._strtoll_l.isra.0
                0x000000000001e3d0      0x18c /opt/devkitpro/devkitA64/bin/../lib/gcc/aarch64-none-elf/13.2.0/../../../../aarch64-none-elf/lib/pic/libg.a(libc_a-strtoll.o)
 *fill*         0x000000000001e55c        0x4 
 .text._strtoll_r
                0x000000000001e560       0x44 /opt/devkitpro/devkitA64/bin/../lib/gcc/aarch64-none-elf/13.2.0/../../../../aarch64-none-elf/lib/pic/libg.a(libc_a-strtoll.o)
                0x000000000001e560                _strtoll_r
 *fill*         0x000000000001e5a4        0xc 
 .text._strtoull_l.isra.0
                0x000000000001e5b0      0x1a8 /opt/devkitpro/devkitA64/bin/../lib/gcc/aarch64-none-elf/13.2.0/../../../../aarch64-none-elf/lib/pic/libg.a(libc_a-strtoull.o)
 *fill*         0x000000000001e758        0x8 
 .text._strtoull_r
                0x000000000001e760       0x44 /opt/devkitpro/devkitA64/bin/../lib/gcc/aarch64-none-elf/13.2.0/../../../../aarch64-none-elf/lib/pic/libg.a(libc_a-strtoull.o)
                0x000000000001e760                _strtoull_r
 *fill*         0x000000000001e7a4        0xc 
 .text.iswspace
                0x000000000001e7b0        0x8 /opt/devkitpro/devkitA64/bin/../lib/gcc/aarch64-none-elf/13.2.0/../../../../aarch64-none-elf/lib/pic/libg.a(libc_a-iswspace.o)
                0x000000000001e7b0                iswspace
 *fill*         0x000000000001e7b8        0x8 
 .text._mbrtowc_r
                0x000000000001e7c0       0xf0 /opt/devkitpro/devkitA64/bin/../lib/gcc/aarch64-none-elf/13.2.0/../../../../aarch64-none-elf/lib/pic/libg.a(libc_a-mbrtowc.o)
                0x000000000001e7c0                _mbrtowc_r
 .text.__swhatbuf_r
                0x000000000001e8b0       0x94 /opt/devkitpro/devkitA64/bin/../lib/gcc/aarch64-none-elf/13.2.0/../../../../aarch64-none-elf/lib/pic/libg.a(libc_a-makebuf.o)
                0x000000000001e8b0                __swhatbuf_r
 *fill*         0x000000000001e944        0xc 
 .text.__smakebuf_r
                0x000000000001e950      0x104 /opt/devkitpro/devkitA64/bin/../lib/gcc/aarch64-none-elf/13.2.0/../../../../aarch64-none-elf/lib/pic/libg.a(libc_a-makebuf.o)
                0x000000000001e950                __smakebuf_r
 *fill*         0x000000000001ea54        0xc 
 .text._wcrtomb_r
                0x000000000001ea60       0xd8 /opt/devkitpro/devkitA64/bin/../lib/gcc/aarch64-none-elf/13.2.0/../../../../aarch64-none-elf/lib/pic/libg.a(libc_a-wcrtomb.o)
                0x000000000001ea60                _wcrtomb_r
 *fill*         0x000000000001eb38        0x8 
 .text.iswspace_l
                0x000000000001eb40       0x48 /opt/devkitpro/devkitA64/bin/../lib/gcc/aarch64-none-elf/13.2.0/../../../../aarch64-none-elf/lib/pic/libg.a(libc_a-iswspace_l.o)
                0x000000000001eb40                iswspace_l
 *fill*         0x000000000001eb88        0x8 
 .text._wcsrtombs_r
                0x000000000001eb90       0x10 /opt/devkitpro/devkitA64/bin/../lib/gcc/aarch64-none-elf/13.2.0/../../../../aarch64-none-elf/lib/pic/libg.a(libc_a-wcsrtombs.o)
                0x000000000001eb90                _wcsrtombs_r
 .text._memalign_r
                0x000000000001eba0      0x180 /opt/devkitpro/devkitA64/bin/../lib/gcc/aarch64-none-elf/13.2.0/../../../../aarch64-none-elf/lib/pic/libg.a(libc_a-malignr.o)
                0x000000000001eba0                _memalign_r
 .text.sprintf  0x000000000001ed20       0xa8 /opt/devkitpro/devkitA64/bin/../lib/gcc/aarch64-none-elf/13.2.0/../../../../aarch64-none-elf/lib/pic/libg.a(libc_a-sprintf.o)
                0x000000000001ed20                sprintf
 *fill*         0x000000000001edc8        0x8 
 .text.__sccl   0x000000000001edd0       0xd4 /opt/devkitpro/devkitA64/bin/../lib/gcc/aarch64-none-elf/13.2.0/../../../../aarch64-none-elf/lib/pic/libg.a(libc_a-sccl.o)
                0x000000000001edd0                __sccl
 *fill*         0x000000000001eea4        0xc 
 .text.category
                0x000000000001eeb0       0x84 /opt/devkitpro/devkitA64/bin/../lib/gcc/aarch64-none-elf/13.2.0/../../../../aarch64-none-elf/lib/pic/libg.a(libc_a-categories.o)
                0x000000000001eeb0                category
 .text.get_arg  0x000000000001ef34      0x804 /opt/devkitpro/devkitA64/bin/../lib/gcc/aarch64-none-elf/13.2.0/../../../../aarch64-none-elf/lib/pic/libg.a(libc_a-vfiprintf.o)
 .text.__sprint_r
                0x000000000001f738       0x38 /opt/devkitpro/devkitA64/bin/../lib/gcc/aarch64-none-elf/13.2.0/../../../../aarch64-none-elf/lib/pic/libg.a(libc_a-vfiprintf.o)
                0x000000000001f738                __sprint_r
 .text._vfiprintf_r
                0x000000000001f770     0x2984 /opt/devkitpro/devkitA64/bin/../lib/gcc/aarch64-none-elf/13.2.0/../../../../aarch64-none-elf/lib/pic/libg.a(libc_a-vfiprintf.o)
                0x000000000001f770                _vfiprintf_r
 .text.__sbprintf
                0x00000000000220f4       0xd0 /opt/devkitpro/devkitA64/bin/../lib/gcc/aarch64-none-elf/13.2.0/../../../../aarch64-none-elf/lib/pic/libg.a(libc_a-vfiprintf.o)
 .text.__ssprint_r
                0x00000000000221c4      0x1bc /opt/devkitpro/devkitA64/bin/../lib/gcc/aarch64-none-elf/13.2.0/../../../../aarch64-none-elf/lib/pic/libg.a(libc_a-svfiprintf.o)
                0x00000000000221c4                __ssprint_r
 .text._sungetc_r
                0x0000000000022380       0xf0 /opt/devkitpro/devkitA64/bin/../lib/gcc/aarch64-none-elf/13.2.0/../../../../aarch64-none-elf/lib/pic/libg.a(libc_a-svfiscanf.o)
                0x0000000000022380                _sungetc_r
 .text.__ssrefill_r
                0x0000000000022470       0x70 /opt/devkitpro/devkitA64/bin/../lib/gcc/aarch64-none-elf/13.2.0/../../../../aarch64-none-elf/lib/pic/libg.a(libc_a-svfiscanf.o)
                0x0000000000022470                __ssrefill_r
 .text._sfread_r
                0x00000000000224e0       0xe0 /opt/devkitpro/devkitA64/bin/../lib/gcc/aarch64-none-elf/13.2.0/../../../../aarch64-none-elf/lib/pic/libg.a(libc_a-svfiscanf.o)