Archive member included to satisfy reference by file (symbol)

/opt/devkitpro/libnx/lib/libnx.a(applet.o)
                              main.o (appletMainLoop)
/opt/devkitpro/libnx/lib/libnx.a(hosversion.o)
                              /opt/devkitpro/libnx/lib/libnx.a(applet.o) (hosversionGet)
/opt/devkitpro/libnx/lib/libnx.a(env.o)
                              /opt/devkitpro/libnx/lib/libnx.a(applet.o) (envIsNso)
/opt/devkitpro/libnx/lib/libnx.a(pad.o)
                              main.o (padConfigureInput)
/opt/devkitpro/libnx/lib/libnx.a(diag.o)
                              /opt/devkitpro/libnx/lib/libnx.a(applet.o) (diagAbortWithResult)
/opt/devkitpro/libnx/lib/libnx.a(console.o)
                              main.o (consoleInit)
/opt/devkitpro/libnx/lib/libnx.a(console_sw.o)
                              /opt/devkitpro/libnx/lib/libnx.a(console.o) (getDefaultConsoleRenderer)
/opt/devkitpro/libnx/lib/libnx.a(svc.o)
                              /opt/devkitpro/libnx/lib/libnx.a(applet.o) (svcExitProcess)
/opt/devkitpro/libnx/lib/libnx.a(switch_crt0.o)
                              (_start)
/opt/devkitpro/libnx/lib/libnx.a(default_font.bin.o)
                              /opt/devkitpro/libnx/lib/libnx.a(console.o) (default_font_bin)
/opt/devkitpro/libnx/lib/libnx.a(wait.o)
                              /opt/devkitpro/libnx/lib/libnx.a(applet.o) (waitObjects)
/opt/devkitpro/libnx/lib/libnx.a(tmem.o)
                              /opt/devkitpro/libnx/lib/libnx.a(applet.o) (tmemCreate)
/opt/devkitpro/libnx/lib/libnx.a(mutex.o)
                              /opt/devkitpro/libnx/lib/libnx.a(applet.o) (mutexLock)
/opt/devkitpro/libnx/lib/libnx.a(virtmem.o)
                              /opt/devkitpro/libnx/lib/libnx.a(tmem.o) (virtmemLock)
/opt/devkitpro/libnx/lib/libnx.a(event.o)
                              /opt/devkitpro/libnx/lib/libnx.a(applet.o) (eventLoadRemote)
/opt/devkitpro/libnx/lib/libnx.a(random.o)
                              /opt/devkitpro/libnx/lib/libnx.a(virtmem.o) (randomGet64)
/opt/devkitpro/libnx/lib/libnx.a(apm.o)
                              /opt/devkitpro/libnx/lib/libnx.a(applet.o) (apmInitialize)
/opt/devkitpro/libnx/lib/libnx.a(sm.o)
                              /opt/devkitpro/libnx/lib/libnx.a(env.o) (smAddOverrideHandle)
/opt/devkitpro/libnx/lib/libnx.a(hid.o)
                              /opt/devkitpro/libnx/lib/libnx.a(pad.o) (hidGetNpadStyleSet)
/opt/devkitpro/libnx/lib/libnx.a(framebuffer.o)
                              /opt/devkitpro/libnx/lib/libnx.a(console_sw.o) (framebufferMakeLinear)
/opt/devkitpro/libnx/lib/libnx.a(default_window.o)
                              /opt/devkitpro/libnx/lib/libnx.a(console_sw.o) (nwindowGetDefault)
/opt/devkitpro/libnx/lib/libnx.a(native_window.o)
                              /opt/devkitpro/libnx/lib/libnx.a(framebuffer.o) (nwindowIsValid)
/opt/devkitpro/libnx/lib/libnx.a(dynamic.o)
                              /opt/devkitpro/libnx/lib/libnx.a(switch_crt0.o) (__nx_dynamic)
/opt/devkitpro/libnx/lib/libnx.a(init.o)
                              /opt/devkitpro/libnx/lib/libnx.a(switch_crt0.o) (__libnx_init)
/opt/devkitpro/libnx/lib/libnx.a(alloc.o)
                              /opt/devkitpro/libnx/lib/libnx.a(virtmem.o) (__libnx_alloc)
/opt/devkitpro/libnx/lib/libnx.a(newlib.o)
                              /opt/devkitpro/libnx/lib/libnx.a(init.o) (__libnx_init_time)
/opt/devkitpro/libnx/lib/libnx.a(argv.o)
                              /opt/devkitpro/libnx/lib/libnx.a(init.o) (argvSetup)
/opt/devkitpro/libnx/lib/libnx.a(fs_dev.o)
                              /opt/devkitpro/libnx/lib/libnx.a(init.o) (fsdevMountSdmc)
/opt/devkitpro/libnx/lib/libnx.a(decode_utf8.o)
                              /opt/devkitpro/libnx/lib/libnx.a(fs_dev.o) (decode_utf8)
/opt/devkitpro/libnx/lib/libnx.a(cache.o)
                              /opt/devkitpro/libnx/lib/libnx.a(framebuffer.o) (armDCacheFlush)
/opt/devkitpro/libnx/lib/libnx.a(exception.o)
                              /opt/devkitpro/libnx/lib/libnx.a(switch_crt0.o) (__libnx_exception_entry)
/opt/devkitpro/libnx/lib/libnx.a(readtp.o)
                              /opt/devkitpro/libnx/lib/libnx.a(fs_dev.o) (__aarch64_read_tp)
/opt/devkitpro/libnx/lib/libnx.a(shmem.o)
                              /opt/devkitpro/libnx/lib/libnx.a(hid.o) (shmemLoadRemote)
/opt/devkitpro/libnx/lib/libnx.a(condvar.o)
                              /opt/devkitpro/libnx/lib/libnx.a(newlib.o) (condvarWaitTimeout)
/opt/devkitpro/libnx/lib/libnx.a(thread.o)
                              /opt/devkitpro/libnx/lib/libnx.a(init.o) (__libnx_init_thread)
/opt/devkitpro/libnx/lib/libnx.a(vi.o)
                              /opt/devkitpro/libnx/lib/libnx.a(default_window.o) (viInitialize)
/opt/devkitpro/libnx/lib/libnx.a(set.o)
                              /opt/devkitpro/libnx/lib/libnx.a(init.o) (setsysInitialize)
/opt/devkitpro/libnx/lib/libnx.a(fs.o)
[...]
Memory Configuration

Name             Origin             Length             Attributes
*default*        0x0000000000000000 0xffffffffffffffff

Linker script and memory map

                0x0000000000000000                PROVIDE (__start__ = 0x0)
                0x0000000000000000                . = __start__
                [!provide]                        PROVIDE (__code_start = .)

.text           0x0000000000000000    0x2b610
 *(.crt0)
 .crt0          0x0000000000000000      0x124 /opt/devkitpro/libnx/lib/libnx.a(switch_crt0.o)
                0x0000000000000000                _start
                0x00000000000000e0                __nx_exit
                0x00000000000000f0                __nx_mod0
 *(.text.unlikely .text.*_unlikely .text.unlikely.*)
 *(.text.exit .text.exit.*)
 *fill*         0x0000000000000124        0xc 
 .text.exit     0x0000000000000130       0x34 /opt/devkitpro/devkitA64/bin/../lib/gcc/aarch64-none-elf/13.2.0/../../../../aarch64-none-elf/lib/pic/libg.a(libc_a-exit.o)
                0x0000000000000130                exit
 *(.text.startup .text.startup.*)
 *fill*         0x0000000000000164        0xc 
 .text.startup.main
                0x0000000000000170      0x28c main.o
                0x0000000000000170                main
 *(.text.hot .text.hot.*)
 *(.text .stub .text.* .gnu.linkonce.t.*)
 *fill*         0x00000000000003fc        0x4 
 .text.__do_global_dtors_aux
                0x0000000000000400       0x44 /opt/devkitpro/devkitA64/bin/../lib/gcc/aarch64-none-elf/13.2.0/pic/crtbegin.o
 *fill*         0x0000000000000444        0xc 
 .text.frame_dummy
                0x0000000000000450       0x24 /opt/devkitpro/devkitA64/bin/../lib/gcc/aarch64-none-elf/13.2.0/pic/crtbegin.o
 *fill*         0x0000000000000474        0xc 
 .text._appletInfiniteSleepLoop
                0x0000000000000480       0x24 /opt/devkitpro/libnx/lib/libnx.a(applet.o)
 *fill*         0x00000000000004a4        0xc 
 .text._appletCmdGetSession
                0x00000000000004b0      0x108 /opt/devkitpro/libnx/lib/libnx.a(applet.o)
 *fill*         0x00000000000005b8        0x8 
 .text._appletCmdInU8NoOut
                0x00000000000005c0       0xcc /opt/devkitpro/libnx/lib/libnx.a(applet.o)
 *fill*         0x000000000000068c        0x4 
 .text._appletGetLaunchReason
                0x0000000000000690      0x104 /opt/devkitpro/libnx/lib/libnx.a(applet.o)
 *fill*         0x0000000000000794        0xc 
 .text._appletSetFocusHandlingMode
                0x00000000000007a0       0xe4 /opt/devkitpro/libnx/lib/libnx.a(applet.o)
 *fill*         0x0000000000000884        0xc 
 .text._appletCmdInU32NoOut
                0x0000000000000890       0xcc /opt/devkitpro/libnx/lib/libnx.a(applet.o)
 *fill*         0x000000000000095c        0x4 
 .text._appletGetSessionProxy.constprop.0
                0x0000000000000960      0x138 /opt/devkitpro/libnx/lib/libnx.a(applet.o)
 *fill*         0x0000000000000a98        0x8 
 .text._appletOpenLibraryAppletProxy.constprop.0
                0x0000000000000aa0      0x154 /opt/devkitpro/libnx/lib/libnx.a(applet.o)
 *fill*         0x0000000000000bf4        0xc 
 .text._appletCmdGetHandle.constprop.0.isra.0
                0x0000000000000c00       0xd0 /opt/devkitpro/libnx/lib/libnx.a(applet.o)
 .text._appletCmdNoInOutU8.isra.0
                0x0000000000000cd0       0xd4 /opt/devkitpro/libnx/lib/libnx.a(applet.o)
 *fill*         0x0000000000000da4        0xc 
 .text._appletCmdNoInOutU32.isra.0
                0x0000000000000db0       0xd4 /opt/devkitpro/libnx/lib/libnx.a(applet.o)
 *fill*         0x0000000000000e84        0xc 
 .text._appletCmdNoInOutU64.isra.0
                0x0000000000000e90       0xd4 /opt/devkitpro/libnx/lib/libnx.a(applet.o)
 *fill*         0x0000000000000f64        0xc 
 .text._appletCmdNoIO.isra.0
                0x0000000000000f70       0xc0 /opt/devkitpro/libnx/lib/libnx.a(applet.o)
 .text.appletGetAppletType
                0x0000000000001030       0x10 /opt/devkitpro/libnx/lib/libnx.a(applet.o)
                0x0000000000001030                appletGetAppletType
 .text.appletSetFocusHandlingMode
                0x0000000000001040      0x114 /opt/devkitpro/libnx/lib/libnx.a(applet.o)
                0x0000000000001040                appletSetFocusHandlingMode
 *fill*         0x0000000000001154        0xc 
 .text.appletSetCpuBoostMode
                0x0000000000001160       0x5c /opt/devkitpro/libnx/lib/libnx.a(applet.o)
                0x0000000000001160                appletSetCpuBoostMode
 *fill*         0x00000000000011bc        0x4 
 .text.appletCreateManagedDisplayLayer
                0x00000000000011c0       0x2c /opt/devkitpro/libnx/lib/libnx.a(applet.o)
                0x00000000000011c0                appletCreateManagedDisplayLayer
 *fill*         0x00000000000011ec        0x4 
 .text.appletGetAppletResourceUserId
                0x00000000000011f0        0xc /opt/devkitpro/libnx/lib/libnx.a(applet.o)
                0x00000000000011f0                appletGetAppletResourceUserId
 *fill*         0x00000000000011fc        0x4 
 .text._appletGetIndirectLayerConsumerHandle
                0x0000000000001200       0xf4 /opt/devkitpro/libnx/lib/libnx.a(applet.o)
 *fill*         0x00000000000012f4        0xc 
 .text._appletHolderCreateState
                0x0000000000001300       0x88 /opt/devkitpro/libnx/lib/libnx.a(applet.o)
 *fill*         0x0000000000001388        0x8 
 .text.appletHolderClose
                0x0000000000001390       0xac /opt/devkitpro/libnx/lib/libnx.a(applet.o)
                0x0000000000001390                appletHolderClose
 *fill*         0x000000000000143c        0x4 
 .text.appletHolderGetLibraryAppletInfo
                0x0000000000001440       0x24 /opt/devkitpro/libnx/lib/libnx.a(applet.o)
                0x0000000000001440                appletHolderGetLibraryAppletInfo
 *fill*         0x0000000000001464        0xc 
 .text.appletNotifyRunning
                0x0000000000001470       0x90 /opt/devkitpro/libnx/lib/libnx.a(applet.o)
                0x0000000000001470                appletNotifyRunning
 .text.appletSetGamePlayRecordingState
                0x0000000000001500       0x8c /opt/devkitpro/libnx/lib/libnx.a(applet.o)
                0x0000000000001500                appletSetGamePlayRecordingState
 *fill*         0x000000000000158c        0x4 
 .text._appletCleanup
                0x0000000000001590      0xad4 /opt/devkitpro/libnx/lib/libnx.a(applet.o)
 *fill*         0x0000000000002064        0xc 
 .text.appletExit
                0x0000000000002070       0x44 /opt/devkitpro/libnx/lib/libnx.a(applet.o)
                0x0000000000002070                appletExit
 *fill*         0x00000000000020b4        0xc 
 .text.appletGetLibraryAppletInfo
                0x00000000000020c0       0x40 /opt/devkitpro/libnx/lib/libnx.a(applet.o)
                0x00000000000020c0                appletGetLibraryAppletInfo
 .text.appletInitialize
                0x0000000000002100      0xa94 /opt/devkitpro/libnx/lib/libnx.a(applet.o)
                0x0000000000002100                appletInitialize
 *fill*         0x0000000000002b94        0xc 
 .text._appletExitProcess
                0x0000000000002ba0       0x24 /opt/devkitpro/libnx/lib/libnx.a(applet.o)
 *fill*         0x0000000000002bc4        0xc 
 .text.appletGetMessage
                0x0000000000002bd0       0x74 /opt/devkitpro/libnx/lib/libnx.a(applet.o)
                0x0000000000002bd0                appletGetMessage
 *fill*         0x0000000000002c44        0xc 
 .text.appletProcessMessage
                0x0000000000002c50      0x28c /opt/devkitpro/libnx/lib/libnx.a(applet.o)
                0x0000000000002c50                appletProcessMessage
 *fill*         0x0000000000002edc        0x4 
 .text.appletMainLoop
                0x0000000000002ee0       0x34 /opt/devkitpro/libnx/lib/libnx.a(applet.o)
                0x0000000000002ee0                appletMainLoop
 *fill*         0x0000000000002f14        0xc 
 .text.hosversionGet
                0x0000000000002f20       0x14 /opt/devkitpro/libnx/lib/libnx.a(hosversion.o)
                0x0000000000002f20                hosversionGet
 *fill*         0x0000000000002f34        0xc 
 .text.hosversionSet
                0x0000000000002f40       0x10 /opt/devkitpro/libnx/lib/libnx.a(hosversion.o)
                0x0000000000002f40                hosversionSet
 .text.envSetup
                0x0000000000002f50      0x208 /opt/devkitpro/libnx/lib/libnx.a(env.o)
                0x0000000000002f50                envSetup
 *fill*         0x0000000000003158        0x8 
 .text.envGetMainThreadHandle
                0x0000000000003160       0x20 /opt/devkitpro/libnx/lib/libnx.a(env.o)
                0x0000000000003160                envGetMainThreadHandle
 .text.envIsNso
                0x0000000000003180        0xc /opt/devkitpro/libnx/lib/libnx.a(env.o)
                0x0000000000003180                envIsNso
 *fill*         0x000000000000318c        0x4 
 .text.envHasHeapOverride
                0x0000000000003190       0x14 /opt/devkitpro/libnx/lib/libnx.a(env.o)
                0x0000000000003190                envHasHeapOverride
 *fill*         0x00000000000031a4        0xc 
 .text.envGetHeapOverrideAddr
                0x00000000000031b0        0xc /opt/devkitpro/libnx/lib/libnx.a(env.o)
                0x00000000000031b0                envGetHeapOverrideAddr
 *fill*         0x00000000000031bc        0x4 
 .text.envGetHeapOverrideSize
                0x00000000000031c0        0xc /opt/devkitpro/libnx/lib/libnx.a(env.o)
                0x00000000000031c0                envGetHeapOverrideSize
 *fill*         0x00000000000031cc        0x4 
 .text.envHasArgv
                0x00000000000031d0       0x14 /opt/devkitpro/libnx/lib/libnx.a(env.o)
                0x00000000000031d0                envHasArgv
 *fill*         0x00000000000031e4        0xc 
 .text.envGetArgv
                0x00000000000031f0        0xc /opt/devkitpro/libnx/lib/libnx.a(env.o)
                0x00000000000031f0                envGetArgv
 *fill*         0x00000000000031fc        0x4 
 .text.envGetExitFuncPtr
                0x0000000000003200        0xc /opt/devkitpro/libnx/lib/libnx.a(env.o)
                0x0000000000003200                envGetExitFuncPtr
 *fill*         0x000000000000320c        0x4 
 .text.envSetExitFuncPtr
                0x0000000000003210        0xc /opt/devkitpro/libnx/lib/libnx.a(env.o)
                0x0000000000003210                envSetExitFuncPtr
 *fill*         0x000000000000321c        0x4 
 .text.envHasRandomSeed
                0x0000000000003220        0xc /opt/devkitpro/libnx/lib/libnx.a(env.o)
                0x0000000000003220                envHasRandomSeed
 *fill*         0x000000000000322c        0x4 
 .text.envGetRandomSeed
                0x0000000000003230       0x10 /opt/devkitpro/libnx/lib/libnx.a(env.o)
                0x0000000000003230                envGetRandomSeed
 .text._padUpdateWithCommonState
                0x0000000000003240       0x5c /opt/devkitpro/libnx/lib/libnx.a(pad.o)
 *fill*         0x000000000000329c        0x4 
 .text.padConfigureInput
                0x00000000000032a0       0x9c /opt/devkitpro/libnx/lib/libnx.a(pad.o)
                0x00000000000032a0                padConfigureInput
 *fill*         0x000000000000333c        0x4 
 .text.padInitializeWithMask
                0x0000000000003340       0x24 /opt/devkitpro/libnx/lib/libnx.a(pad.o)
                0x0000000000003340                padInitializeWithMask
 *fill*         0x0000000000003364        0xc 
 .text.padUpdate
                0x0000000000003370      0x240 /opt/devkitpro/libnx/lib/libnx.a(pad.o)
                0x0000000000003370                padUpdate
 .text.diagAbortWithResult
                0x00000000000035b0       0x1c /opt/devkitpro/libnx/lib/libnx.a(diag.o)
                0x00000000000035b0                diagAbortWithResult
 *fill*         0x00000000000035cc        0x4 
 .text.consoleDrawChar
                0x00000000000035d0       0x48 /opt/devkitpro/libnx/lib/libnx.a(console.o)
 *fill*         0x0000000000003618        0x8 
 .text.parseColor
                0x0000000000003620      0x20c /opt/devkitpro/libnx/lib/libnx.a(console.o)
 *fill*         0x000000000000382c        0x4 
 .text.consoleNewRow
                0x0000000000003830       0xb0 /opt/devkitpro/libnx/lib/libnx.a(console.o)
 .text.con_write
                0x00000000000038e0      0xc98 /opt/devkitpro/libnx/lib/libnx.a(console.o)
 *fill*         0x0000000000004578        0x8 
 .text.consoleInit
                0x0000000000004580      0x154 /opt/devkitpro/libnx/lib/libnx.a(console.o)
                0x0000000000004580                consoleInit
 *fill*         0x00000000000046d4        0xc 
 .text.consoleExit
                0x00000000000046e0       0x48 /opt/devkitpro/libnx/lib/libnx.a(console.o)
                0x00000000000046e0                consoleExit
 *fill*         0x0000000000004728        0x8 
 .text.consoleUpdate
                0x0000000000004730       0x2c /opt/devkitpro/libnx/lib/libnx.a(console.o)
                0x0000000000004730                consoleUpdate
 *fill*         0x000000000000475c        0x4 
 .text.ConsoleSwRenderer_drawChar
                0x0000000000004760      0x1c8 /opt/devkitpro/libnx/lib/libnx.a(console_sw.o)
 *fill*         0x0000000000004928        0x8 
 .text.ConsoleSwRenderer_init
                0x0000000000004930       0xf8 /opt/devkitpro/libnx/lib/libnx.a(console_sw.o)
 *fill*         0x0000000000004a28        0x8 
 .text.ConsoleSwRenderer_flushAndSwap
                0x0000000000004a30       0x70 /opt/devkitpro/libnx/lib/libnx.a(console_sw.o)
 .text.ConsoleSwRenderer_scrollWindow
                0x0000000000004aa0       0xd0 /opt/devkitpro/libnx/lib/libnx.a(console_sw.o)
 .text.ConsoleSwRenderer_deinit
                0x0000000000004b70       0x4c /opt/devkitpro/libnx/lib/libnx.a(console_sw.o)
 *fill*         0x0000000000004bbc        0x4 
 .text.getDefaultConsoleRenderer
                0x0000000000004bc0        0xc /opt/devkitpro/libnx/lib/libnx.a(console_sw.o)
                0x0000000000004bc0                getDefaultConsoleRenderer
 .text.svcSetHeapSize
                0x0000000000004bcc       0x14 /opt/devkitpro/libnx/lib/libnx.a(svc.o)
                0x0000000000004bcc                svcSetHeapSize
 .text.svcSetMemoryPermission
                0x0000000000004be0        0x8 /opt/devkitpro/libnx/lib/libnx.a(svc.o)
                0x0000000000004be0                svcSetMemoryPermission
 .text.svcSetMemoryAttribute
                0x0000000000004be8        0x8 /opt/devkitpro/libnx/lib/libnx.a(svc.o)
                0x0000000000004be8                svcSetMemoryAttribute
 .text.svcUnmapMemory
                0x0000000000004bf0        0x8 /opt/devkitpro/libnx/lib/libnx.a(svc.o)
                0x0000000000004bf0                svcUnmapMemory
 .text.svcQueryMemory
                0x0000000000004bf8       0x14 /opt/devkitpro/libnx/lib/libnx.a(svc.o)
                0x0000000000004bf8                svcQueryMemory
 .text.svcExitProcess
                0x0000000000004c0c        0x8 /opt/devkitpro/libnx/lib/libnx.a(svc.o)
                0x0000000000004c0c                svcExitProcess
 .text.svcSleepThread
                0x0000000000004c14        0x8 /opt/devkitpro/libnx/lib/libnx.a(svc.o)
                0x0000000000004c14                svcSleepThread
 .text.svcMapSharedMemory
                0x0000000000004c1c        0x8 /opt/devkitpro/libnx/lib/libnx.a(svc.o)
                0x0000000000004c1c                svcMapSharedMemory
 .text.svcUnmapSharedMemory
                0x0000000000004c24        0x8 /opt/devkitpro/libnx/lib/libnx.a(svc.o)
                0x0000000000004c24                svcUnmapSharedMemory
 .text.svcCreateTransferMemory
                0x0000000000004c2c       0x14 /opt/devkitpro/libnx/lib/libnx.a(svc.o)
                0x0000000000004c2c                svcCreateTransferMemory
 .text.svcCloseHandle
                0x0000000000004c40        0x8 /opt/devkitpro/libnx/lib/libnx.a(svc.o)
                0x0000000000004c40                svcCloseHandle
 .text.svcResetSignal
                0x0000000000004c48        0x8 /opt/devkitpro/libnx/lib/libnx.a(svc.o)
                0x0000000000004c48                svcResetSignal
 .text.svcWaitSynchronization
                0x0000000000004c50       0x14 /opt/devkitpro/libnx/lib/libnx.a(svc.o)
                0x0000000000004c50                svcWaitSynchronization
 .text.svcArbitrateLock
                0x0000000000004c64        0x8 /opt/devkitpro/libnx/lib/libnx.a(svc.o)
                0x0000000000004c64                svcArbitrateLock
 .text.svcArbitrateUnlock
                0x0000000000004c6c        0x8 /opt/devkitpro/libnx/lib/libnx.a(svc.o)
                0x0000000000004c6c                svcArbitrateUnlock
 .text.svcWaitProcessWideKeyAtomic
                0x0000000000004c74        0x8 /opt/devkitpro/libnx/lib/libnx.a(svc.o)
                0x0000000000004c74                svcWaitProcessWideKeyAtomic
 .text.svcSignalProcessWideKey
                0x0000000000004c7c        0x8 /opt/devkitpro/libnx/lib/libnx.a(svc.o)
                0x0000000000004c7c                svcSignalProcessWideKey
 .text.svcConnectToNamedPort
                0x0000000000004c84       0x14 /opt/devkitpro/libnx/lib/libnx.a(svc.o)
                0x0000000000004c84                svcConnectToNamedPort
 .text.svcSendSyncRequest
                0x0000000000004c98        0x8 /opt/devkitpro/libnx/lib/libnx.a(svc.o)
                0x0000000000004c98                svcSendSyncRequest
 .text.svcBreak
                0x0000000000004ca0        0x8 /opt/devkitpro/libnx/lib/libnx.a(svc.o)
                0x0000000000004ca0                svcBreak
 .text.svcReturnFromException
                0x0000000000004ca8        0x8 /opt/devkitpro/libnx/lib/libnx.a(svc.o)
                0x0000000000004ca8                svcReturnFromException
 .text.svcGetInfo
                0x0000000000004cb0       0x14 /opt/devkitpro/libnx/lib/libnx.a(svc.o)
                0x0000000000004cb0                svcGetInfo
 .text.svcUnmapTransferMemory
                0x0000000000004cc4        0x8 /opt/devkitpro/libnx/lib/libnx.a(svc.o)
                0x0000000000004cc4                svcUnmapTransferMemory
 *fill*         0x0000000000004ccc        0x4 
 .text.waitObjects
                0x0000000000004cd0      0x524 /opt/devkitpro/libnx/lib/libnx.a(wait.o)
                0x0000000000004cd0                waitObjects
 *fill*         0x00000000000051f4        0xc 
 .text.tmemCreate
                0x0000000000005200       0xa8 /opt/devkitpro/libnx/lib/libnx.a(tmem.o)
                0x0000000000005200                tmemCreate
 *fill*         0x00000000000052a8        0x8 
 .text.tmemUnmap
                0x00000000000052b0       0x34 /opt/devkitpro/libnx/lib/libnx.a(tmem.o)
                0x00000000000052b0                tmemUnmap
 *fill*         0x00000000000052e4        0xc 
 .text.tmemCloseHandle
                0x00000000000052f0       0x38 /opt/devkitpro/libnx/lib/libnx.a(tmem.o)
                0x00000000000052f0                tmemCloseHandle
 *fill*         0x0000000000005328        0x8 
 .text.tmemWaitForPermission
                0x0000000000005330       0xf0 /opt/devkitpro/libnx/lib/libnx.a(tmem.o)
                0x0000000000005330                tmemWaitForPermission
 .text.tmemClose
                0x0000000000005420       0x54 /opt/devkitpro/libnx/lib/libnx.a(tmem.o)
                0x0000000000005420                tmemClose
 *fill*         0x0000000000005474        0xc 
 .text.mutexLock
                0x0000000000005480       0x80 /opt/devkitpro/libnx/lib/libnx.a(mutex.o)
                0x0000000000005480                mutexLock
 .text.mutexUnlock
                0x0000000000005500       0x68 /opt/devkitpro/libnx/lib/libnx.a(mutex.o)
                0x0000000000005500                mutexUnlock
 *fill*         0x0000000000005568        0x8 
 .text.mutexIsLockedByCurrentThread
                0x0000000000005570       0x1c /opt/devkitpro/libnx/lib/libnx.a(mutex.o)
                0x0000000000005570                mutexIsLockedByCurrentThread
 *fill*         0x000000000000558c        0x4 
 .text.rmutexLock
                0x0000000000005590       0x4c /opt/devkitpro/libnx/lib/libnx.a(mutex.o)
                0x0000000000005590                rmutexLock
 *fill*         0x00000000000055dc        0x4 
 .text.rmutexUnlock
                0x00000000000055e0       0x1c /opt/devkitpro/libnx/lib/libnx.a(mutex.o)
                0x00000000000055e0                rmutexUnlock
 *fill*         0x00000000000055fc        0x4 
 .text._memregionInitWithInfo
                0x0000000000005600       0x64 /opt/devkitpro/libnx/lib/libnx.a(virtmem.o)
 *fill*         0x0000000000005664        0xc 
 .text.__libnx_virtmem_rng
                0x0000000000005670        0x4 /opt/devkitpro/libnx/lib/libnx.a(virtmem.o)
                0x0000000000005670                __libnx_virtmem_rng
 *fill*         0x0000000000005674        0xc 
 .text._memregionFindRandom
                0x0000000000005680      0x16c /opt/devkitpro/libnx/lib/libnx.a(virtmem.o)
 *fill*         0x00000000000057ec        0x4 
 .text.virtmemSetup
                0x00000000000057f0      0x120 /opt/devkitpro/libnx/lib/libnx.a(virtmem.o)
                0x00000000000057f0                virtmemSetup
 .text.virtmemLock
                0x0000000000005910        0xc /opt/devkitpro/libnx/lib/libnx.a(virtmem.o)
                0x0000000000005910                virtmemLock
 *fill*         0x000000000000591c        0x4 
 .text.virtmemUnlock
                0x0000000000005920        0xc /opt/devkitpro/libnx/lib/libnx.a(virtmem.o)
                0x0000000000005920                virtmemUnlock
 *fill*         0x000000000000592c        0x4 
 .text.virtmemFindAslr
                0x0000000000005930       0x50 /opt/devkitpro/libnx/lib/libnx.a(virtmem.o)
                0x0000000000005930                virtmemFindAslr
 .text.eventLoadRemote
                0x0000000000005980        0xc /opt/devkitpro/libnx/lib/libnx.a(event.o)
                0x0000000000005980                eventLoadRemote
 *fill*         0x000000000000598c        0x4 
 .text.eventWait
                0x0000000000005990       0x38 /opt/devkitpro/libnx/lib/libnx.a(event.o)
                0x0000000000005990                eventWait
 *fill*         0x00000000000059c8        0x8 
 .text.eventClose
                0x00000000000059d0       0x50 /opt/devkitpro/libnx/lib/libnx.a(event.o)
                0x00000000000059d0                eventClose
 .text.randomGet
                0x0000000000005a20      0x3d4 /opt/devkitpro/libnx/lib/libnx.a(random.o)
                0x0000000000005a20                randomGet
 *fill*         0x0000000000005df4        0xc 
 .text.randomGet64
                0x0000000000005e00       0x20 /opt/devkitpro/libnx/lib/libnx.a(random.o)
                0x0000000000005e00                randomGet64
 .text._apmCleanup
                0x0000000000005e20       0xc0 /opt/devkitpro/libnx/lib/libnx.a(apm.o)
 .text._apmCmdGetSession.constprop.0
                0x0000000000005ee0       0xfc /opt/devkitpro/libnx/lib/libnx.a(apm.o)
 *fill*         0x0000000000005fdc        0x4 
 .text.apmInitialize
                0x0000000000005fe0       0xa0 /opt/devkitpro/libnx/lib/libnx.a(apm.o)
                0x0000000000005fe0                apmInitialize
 .text.apmExit  0x0000000000006080       0x44 /opt/devkitpro/libnx/lib/libnx.a(apm.o)
                0x0000000000006080                apmExit
 *fill*         0x00000000000060c4        0xc 
 .text.apmSetPerformanceConfiguration
                0x00000000000060d0       0xc8 /opt/devkitpro/libnx/lib/libnx.a(apm.o)
                0x00000000000060d0                apmSetPerformanceConfiguration
 *fill*         0x0000000000006198        0x8 
 .text._smCmifCmdInPid
                0x00000000000061a0       0xd0 /opt/devkitpro/libnx/lib/libnx.a(sm.o)
 .text._smCleanup
                0x0000000000006270       0x68 /opt/devkitpro/libnx/lib/libnx.a(sm.o)
 *fill*         0x00000000000062d8        0x8 
 .text.smAddOverrideHandle
                0x00000000000062e0       0x48 /opt/devkitpro/libnx/lib/libnx.a(sm.o)
                0x00000000000062e0                smAddOverrideHandle
 *fill*         0x0000000000006328        0x8 
 .text.smGetServiceOverride
                0x0000000000006330       0x54 /opt/devkitpro/libnx/lib/libnx.a(sm.o)
                0x0000000000006330                smGetServiceOverride
 *fill*         0x0000000000006384        0xc 
 .text.smInitialize
                0x0000000000006390      0x1c0 /opt/devkitpro/libnx/lib/libnx.a(sm.o)
                0x0000000000006390                smInitialize
 .text.smExit   0x0000000000006550       0x44 /opt/devkitpro/libnx/lib/libnx.a(sm.o)
                0x0000000000006550                smExit
 *fill*         0x0000000000006594        0xc 
 .text.smGetServiceOriginal
                0x00000000000065a0       0xd0 /opt/devkitpro/libnx/lib/libnx.a(sm.o)
                0x00000000000065a0                smGetServiceOriginal
 .text.smGetServiceWrapper
                0x0000000000006670      0x120 /opt/devkitpro/libnx/lib/libnx.a(sm.o)
                0x0000000000006670                smGetServiceWrapper
 .text._hidCleanup
                0x0000000000006790      0x108 /opt/devkitpro/libnx/lib/libnx.a(hid.o)
 *fill*         0x0000000000006898        0x8 
 .text._hidCmdInAruidNoOut
                0x00000000000068a0       0xd8 /opt/devkitpro/libnx/lib/libnx.a(hid.o)
 *fill*         0x0000000000006978        0x8 
 .text._hidCmdInU32AruidNoOut
                0x0000000000006980       0xe4 /opt/devkitpro/libnx/lib/libnx.a(hid.o)
 *fill*         0x0000000000006a64        0xc 
 .text._hidGetStates
                0x0000000000006a70      0x1a8 /opt/devkitpro/libnx/lib/libnx.a(hid.o)
 *fill*         0x0000000000006c18        0x8 
 .text._hidCreateAppletResource.constprop.0
                0x0000000000006c20      0x114 /opt/devkitpro/libnx/lib/libnx.a(hid.o)
 *fill*         0x0000000000006d34        0xc 
 .text._hidCmdGetHandle.constprop.0
                0x0000000000006d40       0xc8 /opt/devkitpro/libnx/lib/libnx.a(hid.o)
 *fill*         0x0000000000006e08        0x8 
 .text.hidInitialize
                0x0000000000006e10       0xdc /opt/devkitpro/libnx/lib/libnx.a(hid.o)
                0x0000000000006e10                hidInitialize
 *fill*         0x0000000000006eec        0x4 
 .text.hidExit  0x0000000000006ef0       0x44 /opt/devkitpro/libnx/lib/libnx.a(hid.o)
                0x0000000000006ef0                hidExit
 *fill*         0x0000000000006f34        0xc 
 .text.hidGetSharedmemAddr
                0x0000000000006f40        0xc /opt/devkitpro/libnx/lib/libnx.a(hid.o)
                0x0000000000006f40                hidGetSharedmemAddr
 *fill*         0x0000000000006f4c        0x4 
 .text.hidGetNpadStyleSet
                0x0000000000006f50       0x94 /opt/devkitpro/libnx/lib/libnx.a(hid.o)
                0x0000000000006f50                hidGetNpadStyleSet
 *fill*         0x0000000000006fe4        0xc 
 .text.hidInitializeNpad
                0x0000000000006ff0       0x6c /opt/devkitpro/libnx/lib/libnx.a(hid.o)
                0x0000000000006ff0                hidInitializeNpad
 *fill*         0x000000000000705c        0x4 
 .text.hidGetNpadStatesFullKey
                0x0000000000007060       0xac /opt/devkitpro/libnx/lib/libnx.a(hid.o)
                0x0000000000007060                hidGetNpadStatesFullKey
 *fill*         0x000000000000710c        0x4 
 .text.hidGetNpadStatesHandheld
                0x0000000000007110       0xac /opt/devkitpro/libnx/lib/libnx.a(hid.o)
                0x0000000000007110                hidGetNpadStatesHandheld
 *fill*         0x00000000000071bc        0x4 
 .text.hidGetNpadStatesJoyDual
                0x00000000000071c0       0xac /opt/devkitpro/libnx/lib/libnx.a(hid.o)
                0x00000000000071c0                hidGetNpadStatesJoyDual
 *fill*         0x000000000000726c        0x4 
 .text.hidGetNpadStatesJoyLeft
                0x0000000000007270       0xac /opt/devkitpro/libnx/lib/libnx.a(hid.o)
                0x0000000000007270                hidGetNpadStatesJoyLeft
 *fill*         0x000000000000731c        0x4 
 .text.hidGetNpadStatesJoyRight
                0x0000000000007320       0xac /opt/devkitpro/libnx/lib/libnx.a(hid.o)
                0x0000000000007320                hidGetNpadStatesJoyRight
 *fill*         0x00000000000073cc        0x4 
 .text.hidGetNpadStatesGc
                0x00000000000073d0      0x164 /opt/devkitpro/libnx/lib/libnx.a(hid.o)
                0x00000000000073d0                hidGetNpadStatesGc
 *fill*         0x0000000000007534        0xc 
 .text.hidGetNpadStatesSystemExt
                0x0000000000007540       0xb0 /opt/devkitpro/libnx/lib/libnx.a(hid.o)
                0x0000000000007540                hidGetNpadStatesSystemExt
 .text.hidSetSupportedNpadStyleSet
                0x00000000000075f0        0x8 /opt/devkitpro/libnx/lib/libnx.a(hid.o)
                0x00000000000075f0                hidSetSupportedNpadStyleSet
 *fill*         0x00000000000075f8        0x8 
 .text.hidSetSupportedNpadIdType
                0x0000000000007600      0x100 /opt/devkitpro/libnx/lib/libnx.a(hid.o)
                0x0000000000007600                hidSetSupportedNpadIdType
 .text.framebufferMakeLinear
                0x0000000000007700       0x8c /opt/devkitpro/libnx/lib/libnx.a(framebuffer.o)
                0x0000000000007700                framebufferMakeLinear
 *fill*         0x000000000000778c        0x4 
 .text.framebufferClose
                0x0000000000007790       0x80 /opt/devkitpro/libnx/lib/libnx.a(framebuffer.o)
                0x0000000000007790                framebufferClose
 .text.framebufferCreate
                0x0000000000007810      0x2b0 /opt/devkitpro/libnx/lib/libnx.a(framebuffer.o)
                0x0000000000007810                framebufferCreate
 .text.framebufferBegin
                0x0000000000007ac0       0x88 /opt/devkitpro/libnx/lib/libnx.a(framebuffer.o)
                0x0000000000007ac0                framebufferBegin
 *fill*         0x0000000000007b48        0x8 
 .text.framebufferEnd
                0x0000000000007b50      0x18c /opt/devkitpro/libnx/lib/libnx.a(framebuffer.o)
                0x0000000000007b50                framebufferEnd
 *fill*         0x0000000000007cdc        0x4 
 .text.nwindowGetDefault
                0x0000000000007ce0        0xc /opt/devkitpro/libnx/lib/libnx.a(default_window.o)
                0x0000000000007ce0                nwindowGetDefault
 *fill*         0x0000000000007cec        0x4 
 .text.__nx_win_init
                0x0000000000007cf0       0xb0 /opt/devkitpro/libnx/lib/libnx.a(default_window.o)
                0x0000000000007cf0                __nx_win_init
 .text.__nx_win_exit
                0x0000000000007da0       0x34 /opt/devkitpro/libnx/lib/libnx.a(default_window.o)
                0x0000000000007da0                __nx_win_exit
 *fill*         0x0000000000007dd4        0xc 
 .text.nwindowIsValid
                0x0000000000007de0       0x24 /opt/devkitpro/libnx/lib/libnx.a(native_window.o)
                0x0000000000007de0                nwindowIsValid
 *fill*         0x0000000000007e04        0xc 
 .text.nwindowClose
                0x0000000000007e10       0x7c /opt/devkitpro/libnx/lib/libnx.a(native_window.o)
                0x0000000000007e10                nwindowClose
 *fill*         0x0000000000007e8c        0x4 
 .text.nwindowCreate
                0x0000000000007e90       0xf4 /opt/devkitpro/libnx/lib/libnx.a(native_window.o)
                0x0000000000007e90                nwindowCreate
 *fill*         0x0000000000007f84        0xc 
 .text.nwindowCreateFromLayer
                0x0000000000007f90       0x34 /opt/devkitpro/libnx/lib/libnx.a(native_window.o)
                0x0000000000007f90                nwindowCreateFromLayer
 *fill*         0x0000000000007fc4        0xc 
 .text.nwindowSetDimensions
                0x0000000000007fd0       0x84 /opt/devkitpro/libnx/lib/libnx.a(native_window.o)
                0x0000000000007fd0                nwindowSetDimensions
 *fill*         0x0000000000008054        0xc 
 .text.nwindowConfigureBuffer
                0x0000000000008060      0x18c /opt/devkitpro/libnx/lib/libnx.a(native_window.o)
                0x0000000000008060                nwindowConfigureBuffer
 *fill*         0x00000000000081ec        0x4 
 .text.nwindowDequeueBuffer
                0x00000000000081f0      0x1e0 /opt/devkitpro/libnx/lib/libnx.a(native_window.o)
                0x00000000000081f0                nwindowDequeueBuffer
 .text.nwindowQueueBuffer
                0x00000000000083d0      0x13c /opt/devkitpro/libnx/lib/libnx.a(native_window.o)
                0x00000000000083d0                nwindowQueueBuffer
 *fill*         0x000000000000850c        0x4 
 .text.nwindowReleaseBuffers
                0x0000000000008510       0x94 /opt/devkitpro/libnx/lib/libnx.a(native_window.o)
                0x0000000000008510                nwindowReleaseBuffers
 *fill*         0x00000000000085a4        0xc 
 .text.__nx_dynamic
                0x00000000000085b0      0x154 /opt/devkitpro/libnx/lib/libnx.a(dynamic.o)
                0x00000000000085b0                __nx_dynamic
 *fill*         0x0000000000008704        0xc 
 .text.__libnx_initheap
                0x0000000000008710       0xd4 /opt/devkitpro/libnx/lib/libnx.a(init.o)
                0x0000000000008710                __libnx_initheap
 *fill*         0x00000000000087e4        0xc 
 .text.__appInit
                0x00000000000087f0       0xec /opt/devkitpro/libnx/lib/libnx.a(init.o)
                0x00000000000087f0                __appInit
 *fill*         0x00000000000088dc        0x4 
 .text.__appExit
                0x00000000000088e0       0x44 /opt/devkitpro/libnx/lib/libnx.a(init.o)
                0x00000000000088e0                __appExit
 *fill*         0x0000000000008924        0xc 
 .text.__libnx_init
                0x0000000000008930       0x2c /opt/devkitpro/libnx/lib/libnx.a(init.o)
                0x0000000000008930                __libnx_init
 *fill*         0x000000000000895c        0x4 
 .text.__libnx_exit
                0x0000000000008960       0x20 /opt/devkitpro/libnx/lib/libnx.a(init.o)
                0x0000000000008960                __libnx_exit
 .text.__libnx_alloc
                0x0000000000008980        0x4 /opt/devkitpro/libnx/lib/libnx.a(alloc.o)
                0x0000000000008980                __libnx_alloc
 *fill*         0x0000000000008984        0xc 
 .text.__libnx_aligned_alloc
                0x0000000000008990       0x14 /opt/devkitpro/libnx/lib/libnx.a(alloc.o)
                0x0000000000008990                __libnx_aligned_alloc
 *fill*         0x00000000000089a4        0xc 
 .text.__libnx_free
                0x00000000000089b0        0x4 /opt/devkitpro/libnx/lib/libnx.a(alloc.o)
                0x00000000000089b0                __libnx_free
 *fill*         0x00000000000089b4        0xc 
 .text.__syscall_exit
                0x00000000000089c0       0x1c /opt/devkitpro/libnx/lib/libnx.a(newlib.o)
                0x00000000000089c0                __syscall_exit
 *fill*         0x00000000000089dc        0x4 
 .text.__syscall_getreent
                0x00000000000089e0       0x34 /opt/devkitpro/libnx/lib/libnx.a(newlib.o)
                0x00000000000089e0                __syscall_getreent
 *fill*         0x0000000000008a14        0xc 
 .text.__syscall_lock_acquire
                0x0000000000008a20        0x4 /opt/devkitpro/libnx/lib/libnx.a(newlib.o)
                0x0000000000008a20                __syscall_lock_acquire
 *fill*         0x0000000000008a24        0xc 
 .text.__syscall_lock_release
                0x0000000000008a30        0x4 /opt/devkitpro/libnx/lib/libnx.a(newlib.o)
                0x0000000000008a30                __syscall_lock_release
 *fill*         0x0000000000008a34        0xc 
 .text.__syscall_lock_acquire_recursive
                0x0000000000008a40        0x4 /opt/devkitpro/libnx/lib/libnx.a(newlib.o)
                0x0000000000008a40                __syscall_lock_acquire_recursive
 *fill*         0x0000000000008a44        0xc 
 .text.__syscall_lock_release_recursive
                0x0000000000008a50        0x4 /opt/devkitpro/libnx/lib/libnx.a(newlib.o)
                0x0000000000008a50                __syscall_lock_release_recursive
 *fill*         0x0000000000008a54        0xc 
 .text.__libnx_init_time
                0x0000000000008a60      0x238 /opt/devkitpro/libnx/lib/libnx.a(newlib.o)
                0x0000000000008a60                __libnx_init_time
 *fill*         0x0000000000008c98        0x8 
 .text.newlibSetup
                0x0000000000008ca0       0x9c /opt/devkitpro/libnx/lib/libnx.a(newlib.o)
                0x0000000000008ca0                newlibSetup
 *fill*         0x0000000000008d3c        0x4 
 .text.argvSetup
                0x0000000000008d40      0x2f8 /opt/devkitpro/libnx/lib/libnx.a(argv.o)
                0x0000000000008d40                argvSetup
 *fill*         0x0000000000009038        0x8 
 .text.fsdev_link
                0x0000000000009040       0x14 /opt/devkitpro/libnx/lib/libnx.a(fs_dev.o)
 *fill*         0x0000000000009054        0xc 
 .text.fsdev_dirreset
                0x0000000000009060       0x14 /opt/devkitpro/libnx/lib/libnx.a(fs_dev.o)
 *fill*         0x0000000000009074        0xc 
 .text.fsdev_chmod
                0x0000000000009080       0x14 /opt/devkitpro/libnx/lib/libnx.a(fs_dev.o)
 *fill*         0x0000000000009094        0xc 
 .text.error_cmp
                0x00000000000090a0       0x18 /opt/devkitpro/libnx/lib/libnx.a(fs_dev.o)
 *fill*         0x00000000000090b8        0x8 
 .text.fsdev_dirclose
                0x00000000000090c0       0x20 /opt/devkitpro/libnx/lib/libnx.a(fs_dev.o)
 .text.fsdev_close
                0x00000000000090e0       0x1c /opt/devkitpro/libnx/lib/libnx.a(fs_dev.o)
 *fill*         0x00000000000090fc        0x4 
 .text.fsdev_converttimetoutc
                0x0000000000009100       0x80 /opt/devkitpro/libnx/lib/libnx.a(fs_dev.o)
 .text.fsdevFindDevice.part.0
                0x0000000000009180       0xe0 /opt/devkitpro/libnx/lib/libnx.a(fs_dev.o)
 .text.fsdev_fixpath
                0x0000000000009260      0x1c0 /opt/devkitpro/libnx/lib/libnx.a(fs_dev.o)
 .text._fsdevUnmountDeviceStruct.part.0
                0x0000000000009420       0xa0 /opt/devkitpro/libnx/lib/libnx.a(fs_dev.o)
 .text.fsdev_fchmod
                0x00000000000094c0       0x14 /opt/devkitpro/libnx/lib/libnx.a(fs_dev.o)
 *fill*         0x00000000000094d4        0xc 
 .text.fsdev_diropen
                0x00000000000094e0      0x108 /opt/devkitpro/libnx/lib/libnx.a(fs_dev.o)
 *fill*         0x00000000000095e8        0x8 
 .text.fsdev_statvfs
                0x00000000000095f0       0xfc /opt/devkitpro/libnx/lib/libnx.a(fs_dev.o)
 *fill*         0x00000000000096ec        0x4 
 .text.fsdev_fsync
                0x00000000000096f0       0x7c /opt/devkitpro/libnx/lib/libnx.a(fs_dev.o)
 *fill*         0x000000000000976c        0x4 
 .text.fsdev_fstat
                0x0000000000009770       0xf4 /opt/devkitpro/libnx/lib/libnx.a(fs_dev.o)
 *fill*         0x0000000000009864        0xc 
 .text.fsdev_ftruncate
                0x0000000000009870       0x94 /opt/devkitpro/libnx/lib/libnx.a(fs_dev.o)
 *fill*         0x0000000000009904        0xc 
 .text.fsdev_stat
                0x0000000000009910      0x1fc /opt/devkitpro/libnx/lib/libnx.a(fs_dev.o)
 *fill*         0x0000000000009b0c        0x4 
 .text.fsdev_rename
                0x0000000000009b10      0x14c /opt/devkitpro/libnx/lib/libnx.a(fs_dev.o)
 *fill*         0x0000000000009c5c        0x4 
 .text.fsdev_chdir
                0x0000000000009c60      0x140 /opt/devkitpro/libnx/lib/libnx.a(fs_dev.o)
 .text.fsdev_mkdir
                0x0000000000009da0       0xa4 /opt/devkitpro/libnx/lib/libnx.a(fs_dev.o)
 *fill*         0x0000000000009e44        0xc 
 .text.fsdev_unlink
                0x0000000000009e50       0xa4 /opt/devkitpro/libnx/lib/libnx.a(fs_dev.o)
 *fill*         0x0000000000009ef4        0xc 
 .text.fsdev_rmdir
                0x0000000000009f00       0xa4 /opt/devkitpro/libnx/lib/libnx.a(fs_dev.o)
 *fill*         0x0000000000009fa4        0xc 
 .text.fsdev_write_safe
                0x0000000000009fb0      0x144 /opt/devkitpro/libnx/lib/libnx.a(fs_dev.o)
 *fill*         0x000000000000a0f4        0xc 
 .text.fsdev_read_safe
                0x000000000000a100      0x13c /opt/devkitpro/libnx/lib/libnx.a(fs_dev.o)
 *fill*         0x000000000000a23c        0x4 
 .text.fsdev_read
                0x000000000000a240      0x100 /opt/devkitpro/libnx/lib/libnx.a(fs_dev.o)
 .text.fsdev_dirnext
                0x000000000000a340      0x1b8 /opt/devkitpro/libnx/lib/libnx.a(fs_dev.o)
 *fill*         0x000000000000a4f8        0x8 
 .text.fsdev_write
                0x000000000000a500      0x124 /opt/devkitpro/libnx/lib/libnx.a(fs_dev.o)
 *fill*         0x000000000000a624        0xc 
 .text.fsdev_seek
                0x000000000000a630       0xec /opt/devkitpro/libnx/lib/libnx.a(fs_dev.o)
 *fill*         0x000000000000a71c        0x4 
 .text.fsdev_open
                0x000000000000a720      0x244 /opt/devkitpro/libnx/lib/libnx.a(fs_dev.o)
 *fill*         0x000000000000a964        0xc 
 .text.fsdevMountDevice
                0x000000000000a970      0x224 /opt/devkitpro/libnx/lib/libnx.a(fs_dev.o)
                0x000000000000a970                fsdevMountDevice
 *fill*         0x000000000000ab94        0xc 
 .text.fsdevMountSdmc
                0x000000000000aba0       0x40 /opt/devkitpro/libnx/lib/libnx.a(fs_dev.o)
                0x000000000000aba0                fsdevMountSdmc
 .text.__libnx_init_cwd
                0x000000000000abe0       0xc0 /opt/devkitpro/libnx/lib/libnx.a(fs_dev.o)
                0x000000000000abe0                __libnx_init_cwd
 .text.fsdevUnmountAll
                0x000000000000aca0       0x64 /opt/devkitpro/libnx/lib/libnx.a(fs_dev.o)
                0x000000000000aca0                fsdevUnmountAll
 *fill*         0x000000000000ad04        0xc 
 .text.decode_utf8
                0x000000000000ad10      0x12c /opt/devkitpro/libnx/lib/libnx.a(decode_utf8.o)
                0x000000000000ad10                decode_utf8
 .text.armDCacheFlush
                0x000000000000ae3c       0x4c /opt/devkitpro/libnx/lib/libnx.a(cache.o)
                0x000000000000ae3c                armDCacheFlush
 .text.__libnx_exception_entry
                0x000000000000ae88      0x1c0 /opt/devkitpro/libnx/lib/libnx.a(exception.o)
                0x000000000000ae88                __libnx_exception_entry
 .text.__libnx_exception_returnentry
                0x000000000000b048       0x18 /opt/devkitpro/libnx/lib/libnx.a(exception.o)
                0x000000000000b048                __libnx_exception_returnentry
 .text.__aarch64_read_tp
                0x000000000000b060        0xc /opt/devkitpro/libnx/lib/libnx.a(readtp.o)
                0x000000000000b060                __aarch64_read_tp
 *fill*         0x000000000000b06c        0x4 
 .text.shmemLoadRemote
                0x000000000000b070       0x14 /opt/devkitpro/libnx/lib/libnx.a(shmem.o)
                0x000000000000b070                shmemLoadRemote
 *fill*         0x000000000000b084        0xc 
 .text.shmemMap
                0x000000000000b090       0x88 /opt/devkitpro/libnx/lib/libnx.a(shmem.o)
                0x000000000000b090                shmemMap
 *fill*         0x000000000000b118        0x8 
 .text.shmemUnmap
                0x000000000000b120       0x34 /opt/devkitpro/libnx/lib/libnx.a(shmem.o)
                0x000000000000b120                shmemUnmap
 *fill*         0x000000000000b154        0xc 
 .text.shmemClose
                0x000000000000b160       0x44 /opt/devkitpro/libnx/lib/libnx.a(shmem.o)
                0x000000000000b160                shmemClose
 *fill*         0x000000000000b1a4        0xc 
 .text.condvarWaitTimeout
                0x000000000000b1b0       0x64 /opt/devkitpro/libnx/lib/libnx.a(condvar.o)
                0x000000000000b1b0                condvarWaitTimeout
 *fill*         0x000000000000b214        0xc 
 .text.__libnx_init_thread
                0x000000000000b220       0xb0 /opt/devkitpro/libnx/lib/libnx.a(thread.o)
                0x000000000000b220                __libnx_init_thread
 .text._viCleanup
                0x000000000000b2d0      0x1dc /opt/devkitpro/libnx/lib/libnx.a(vi.o)
 *fill*         0x000000000000b4ac        0x4 
 .text._viCmdGetSessionNoParams.constprop.0
                0x000000000000b4b0      0x100 /opt/devkitpro/libnx/lib/libnx.a(vi.o)
 .text._viCmdGetSession.constprop.0
                0x000000000000b5b0       0xfc /opt/devkitpro/libnx/lib/libnx.a(vi.o)
 *fill*         0x000000000000b6ac        0x4 
 .text.viInitialize
                0x000000000000b6b0      0x28c /opt/devkitpro/libnx/lib/libnx.a(vi.o)
                0x000000000000b6b0                viInitialize
 *fill*         0x000000000000b93c        0x4 
 .text.viExit   0x000000000000b940       0x44 /opt/devkitpro/libnx/lib/libnx.a(vi.o)
                0x000000000000b940                viExit
 *fill*         0x000000000000b984        0xc 
 .text.viGetSession_IHOSBinderDriverRelay
                0x000000000000b990        0xc /opt/devkitpro/libnx/lib/libnx.a(vi.o)
                0x000000000000b990                viGetSession_IHOSBinderDriverRelay
 *fill*         0x000000000000b99c        0x4 
 .text.viOpenDisplay
                0x000000000000b9a0      0x110 /opt/devkitpro/libnx/lib/libnx.a(vi.o)
                0x000000000000b9a0                viOpenDisplay
 .text.viCloseDisplay
                0x000000000000bab0       0xf4 /opt/devkitpro/libnx/lib/libnx.a(vi.o)
                0x000000000000bab0                viCloseDisplay
 *fill*         0x000000000000bba4        0xc 
 .text.viCloseLayer
                0x000000000000bbb0       0xfc /opt/devkitpro/libnx/lib/libnx.a(vi.o)
                0x000000000000bbb0                viCloseLayer
 *fill*         0x000000000000bcac        0x4 
 .text.viCreateLayer
                0x000000000000bcb0      0x378 /opt/devkitpro/libnx/lib/libnx.a(vi.o)
                0x000000000000bcb0                viCreateLayer
 *fill*         0x000000000000c028        0x8 
 .text.viSetLayerScalingMode
                0x000000000000c030       0xd8 /opt/devkitpro/libnx/lib/libnx.a(vi.o)
                0x000000000000c030                viSetLayerScalingMode
 *fill*         0x000000000000c108        0x8 
 .text._setsysGetFirmwareVersionImpl
                0x000000000000c110       0xd4 /opt/devkitpro/libnx/lib/libnx.a(set.o)
 *fill*         0x000000000000c1e4        0xc 
 .text._setsysCleanup
                0x000000000000c1f0       0x68 /opt/devkitpro/libnx/lib/libnx.a(set.o)
 *fill*         0x000000000000c258        0x8 
 .text.setsysInitialize
                0x000000000000c260       0xa0 /opt/devkitpro/libnx/lib/libnx.a(set.o)
                0x000000000000c260                setsysInitialize
 .text.setsysExit
                0x000000000000c300       0x44 /opt/devkitpro/libnx/lib/libnx.a(set.o)
                0x000000000000c300                setsysExit
 *fill*         0x000000000000c344        0xc 
 .text.setsysGetFirmwareVersion
                0x000000000000c350       0x44 /opt/devkitpro/libnx/lib/libnx.a(set.o)
                0x000000000000c350                setsysGetFirmwareVersion
 *fill*         0x000000000000c394        0xc 
 .text._fsCleanup
                0x000000000000c3a0       0xb4 /opt/devkitpro/libnx/lib/libnx.a(fs.o)
 *fill*         0x000000000000c454        0xc 
 .text._fsCmdNoIO
                0x000000000000c460      0x1a8 /opt/devkitpro/libnx/lib/libnx.a(fs.o)
 *fill*         0x000000000000c608        0x8 
 .text._fsFsCmdWithInPath
                0x000000000000c610      0x1d8 /opt/devkitpro/libnx/lib/libnx.a(fs.o)
 *fill*         0x000000000000c7e8        0x8 
 .text._fsFsCmdWithTwoInPaths
                0x000000000000c7f0      0x1f4 /opt/devkitpro/libnx/lib/libnx.a(fs.o)
 *fill*         0x000000000000c9e4        0xc 
 .text._fsFsOpenCommon
                0x000000000000c9f0      0x25c /opt/devkitpro/libnx/lib/libnx.a(fs.o)
 *fill*         0x000000000000cc4c        0x4 
 .text._fsFsCmdWithInPathAndOutU64
                0x000000000000cc50      0x1ec /opt/devkitpro/libnx/lib/libnx.a(fs.o)
 *fill*         0x000000000000ce3c        0x4 
 .text._fsObjectClose
                0x000000000000ce40       0xf4 /opt/devkitpro/libnx/lib/libnx.a(fs.o)
 *fill*         0x000000000000cf34        0xc 
 .text._fsCmdGetSession.constprop.0
                0x000000000000cf40      0x1f4 /opt/devkitpro/libnx/lib/libnx.a(fs.o)
 *fill*         0x000000000000d134        0xc 
 .text.fsInitialize
                0x000000000000d140      0x2f8 /opt/devkitpro/libnx/lib/libnx.a(fs.o)
                0x000000000000d140                fsInitialize
 *fill*         0x000000000000d438        0x8 
 .text.fsExit   0x000000000000d440       0x44 /opt/devkitpro/libnx/lib/libnx.a(fs.o)
                0x000000000000d440                fsExit
 *fill*         0x000000000000d484        0xc 
 .text.fsOpenSdCardFileSystem
                0x000000000000d490        0x8 /opt/devkitpro/libnx/lib/libnx.a(fs.o)
                0x000000000000d490                fsOpenSdCardFileSystem
 *fill*         0x000000000000d498        0x8 
 .text.fsFsCreateFile
                0x000000000000d4a0      0x1f0 /opt/devkitpro/libnx/lib/libnx.a(fs.o)
                0x000000000000d4a0                fsFsCreateFile
 .text.fsFsDeleteFile
                0x000000000000d690        0x8 /opt/devkitpro/libnx/lib/libnx.a(fs.o)
                0x000000000000d690                fsFsDeleteFile
 *fill*         0x000000000000d698        0x8 
 .text.fsFsCreateDirectory
                0x000000000000d6a0        0x8 /opt/devkitpro/libnx/lib/libnx.a(fs.o)
                0x000000000000d6a0                fsFsCreateDirectory
 *fill*         0x000000000000d6a8        0x8 
 .text.fsFsDeleteDirectory
                0x000000000000d6b0        0x8 /opt/devkitpro/libnx/lib/libnx.a(fs.o)
                0x000000000000d6b0                fsFsDeleteDirectory
 *fill*         0x000000000000d6b8        0x8 
 .text.fsFsRenameFile
                0x000000000000d6c0        0x8 /opt/devkitpro/libnx/lib/libnx.a(fs.o)
                0x000000000000d6c0                fsFsRenameFile
 *fill*         0x000000000000d6c8        0x8 
 .text.fsFsRenameDirectory
                0x000000000000d6d0        0x8 /opt/devkitpro/libnx/lib/libnx.a(fs.o)
                0x000000000000d6d0                fsFsRenameDirectory
 *fill*         0x000000000000d6d8        0x8 
 .text.fsFsGetEntryType
                0x000000000000d6e0      0x1f0 /opt/devkitpro/libnx/lib/libnx.a(fs.o)
                0x000000000000d6e0                fsFsGetEntryType
 .text.fsFsOpenFile
                0x000000000000d8d0        0x8 /opt/devkitpro/libnx/lib/libnx.a(fs.o)
                0x000000000000d8d0                fsFsOpenFile
 *fill*         0x000000000000d8d8        0x8 
 .text.fsFsOpenDirectory
                0x000000000000d8e0        0x8 /opt/devkitpro/libnx/lib/libnx.a(fs.o)
                0x000000000000d8e0                fsFsOpenDirectory
 *fill*         0x000000000000d8e8        0x8 
 .text.fsFsGetFreeSpace
                0x000000000000d8f0        0x8 /opt/devkitpro/libnx/lib/libnx.a(fs.o)
                0x000000000000d8f0                fsFsGetFreeSpace
 *fill*         0x000000000000d8f8        0x8 
 .text.fsFsGetTotalSpace
                0x000000000000d900        0x8 /opt/devkitpro/libnx/lib/libnx.a(fs.o)
                0x000000000000d900                fsFsGetTotalSpace
 *fill*         0x000000000000d908        0x8 
 .text.fsFsGetFileTimeStampRaw
                0x000000000000d910      0x230 /opt/devkitpro/libnx/lib/libnx.a(fs.o)
                0x000000000000d910                fsFsGetFileTimeStampRaw
 .text.fsFsClose
                0x000000000000db40        0x4 /opt/devkitpro/libnx/lib/libnx.a(fs.o)
                0x000000000000db40                fsFsClose
 *fill*         0x000000000000db44        0xc 
 .text.fsFileRead
                0x000000000000db50      0x218 /opt/devkitpro/libnx/lib/libnx.a(fs.o)
                0x000000000000db50                fsFileRead
 *fill*         0x000000000000dd68        0x8 
 .text.fsFileWrite
                0x000000000000dd70      0x200 /opt/devkitpro/libnx/lib/libnx.a(fs.o)
                0x000000000000dd70                fsFileWrite
 .text.fsFileFlush
                0x000000000000df70        0x8 /opt/devkitpro/libnx/lib/libnx.a(fs.o)
                0x000000000000df70                fsFileFlush
 *fill*         0x000000000000df78        0x8 
 .text.fsFileSetSize
                0x000000000000df80      0x1b8 /opt/devkitpro/libnx/lib/libnx.a(fs.o)
                0x000000000000df80                fsFileSetSize
 *fill*         0x000000000000e138        0x8 
 .text.fsFileGetSize
                0x000000000000e140      0x1c4 /opt/devkitpro/libnx/lib/libnx.a(fs.o)
                0x000000000000e140                fsFileGetSize
 *fill*         0x000000000000e304        0xc 
 .text.fsFileClose
                0x000000000000e310        0x4 /opt/devkitpro/libnx/lib/libnx.a(fs.o)
                0x000000000000e310                fsFileClose
 *fill*         0x000000000000e314        0xc 
 .text.fsDirClose
                0x000000000000e320        0x4 /opt/devkitpro/libnx/lib/libnx.a(fs.o)
                0x000000000000e320                fsDirClose
 *fill*         0x000000000000e324        0xc 
 .text.fsDirRead
                0x000000000000e330      0x1fc /opt/devkitpro/libnx/lib/libnx.a(fs.o)
                0x000000000000e330                fsDirRead
 *fill*         0x000000000000e52c        0x4 
 .text._nvSetClientPID
                0x000000000000e530       0xd0 /opt/devkitpro/libnx/lib/libnx.a(nv.o)
 .text._nvCleanup
                0x000000000000e600       0xc8 /opt/devkitpro/libnx/lib/libnx.a(nv.o)
 *fill*         0x000000000000e6c8        0x8 
 .text._nvCmdInitialize.constprop.0
                0x000000000000e6d0       0xd8 /opt/devkitpro/libnx/lib/libnx.a(nv.o)
 *fill*         0x000000000000e7a8        0x8 
 .text.__nx_nv_create_tmem
                0x000000000000e7b0       0x1c /opt/devkitpro/libnx/lib/libnx.a(nv.o)
                0x000000000000e7b0                __nx_nv_create_tmem
 *fill*         0x000000000000e7cc        0x4 
 .text.nvInitialize
                0x000000000000e7d0      0x258 /opt/devkitpro/libnx/lib/libnx.a(nv.o)
                0x000000000000e7d0                nvInitialize
 *fill*         0x000000000000ea28        0x8 
 .text.nvExit   0x000000000000ea30       0x44 /opt/devkitpro/libnx/lib/libnx.a(nv.o)
                0x000000000000ea30                nvExit
 *fill*         0x000000000000ea74        0xc 
 .text.nvConvertError
                0x000000000000ea80       0xf4 /opt/devkitpro/libnx/lib/libnx.a(nv.o)
                0x000000000000ea80                nvConvertError
 *fill*         0x000000000000eb74        0xc 
 .text.nvOpen   0x000000000000eb80      0x118 /opt/devkitpro/libnx/lib/libnx.a(nv.o)
                0x000000000000eb80                nvOpen
 *fill*         0x000000000000ec98        0x8 
 .text.nvIoctl  0x000000000000eca0      0x2fc /opt/devkitpro/libnx/lib/libnx.a(nv.o)
                0x000000000000eca0                nvIoctl
 *fill*         0x000000000000ef9c        0x4 
 .text.nvClose  0x000000000000efa0       0xd8 /opt/devkitpro/libnx/lib/libnx.a(nv.o)
                0x000000000000efa0                nvClose
 *fill*         0x000000000000f078        0x8 
 .text.nvQueryEvent
                0x000000000000f080      0x108 /opt/devkitpro/libnx/lib/libnx.a(nv.o)
                0x000000000000f080                nvQueryEvent
 *fill*         0x000000000000f188        0x8 
 .text._timeCleanup
                0x000000000000f190      0x228 /opt/devkitpro/libnx/lib/libnx.a(time.o)
 *fill*         0x000000000000f3b8        0x8 
 .text._timeCmdGetSession.constprop.0
                0x000000000000f3c0      0x100 /opt/devkitpro/libnx/lib/libnx.a(time.o)
 .text._timeGetSharedMemoryNativeHandle.constprop.0
                0x000000000000f4c0       0xcc /opt/devkitpro/libnx/lib/libnx.a(time.o)
 *fill*         0x000000000000f58c        0x4 
 .text._timeCmdNoInOutU64.constprop.0.isra.0
                0x000000000000f590       0xc4 /opt/devkitpro/libnx/lib/libnx.a(time.o)
 *fill*         0x000000000000f654        0xc 
 .text._timeReadClockFromSharedMem
                0x000000000000f660      0x110 /opt/devkitpro/libnx/lib/libnx.a(time.o)
 .text.timeInitialize
                0x000000000000f770      0x238 /opt/devkitpro/libnx/lib/libnx.a(time.o)
                0x000000000000f770                timeInitialize
 *fill*         0x000000000000f9a8        0x8 
 .text.timeExit
                0x000000000000f9b0       0x44 /opt/devkitpro/libnx/lib/libnx.a(time.o)
                0x000000000000f9b0                timeExit
 *fill*         0x000000000000f9f4        0xc 
 .text.timeGetServiceSession_SystemClock
                0x000000000000fa00       0x38 /opt/devkitpro/libnx/lib/libnx.a(time.o)
                0x000000000000fa00                timeGetServiceSession_SystemClock
 *fill*         0x000000000000fa38        0x8 
 .text.timeGetCurrentTime
                0x000000000000fa40       0x68 /opt/devkitpro/libnx/lib/libnx.a(time.o)
                0x000000000000fa40                timeGetCurrentTime
 *fill*         0x000000000000faa8        0x8 
 .text.timeToCalendarTimeWithMyRule
                0x000000000000fab0      0x110 /opt/devkitpro/libnx/lib/libnx.a(time.o)
                0x000000000000fab0                timeToCalendarTimeWithMyRule
 .text.timeToPosixTimeWithMyRule
                0x000000000000fbc0      0x104 /opt/devkitpro/libnx/lib/libnx.a(time.o)
                0x000000000000fbc0                timeToPosixTimeWithMyRule
 *fill*         0x000000000000fcc4        0xc 
 .text._nvFenceCleanup
                0x000000000000fcd0       0x7c /opt/devkitpro/libnx/lib/libnx.a(fence.o)
 *fill*         0x000000000000fd4c        0x4 
 .text.nvFenceInit
                0x000000000000fd50       0x98 /opt/devkitpro/libnx/lib/libnx.a(fence.o)
                0x000000000000fd50                nvFenceInit
 *fill*         0x000000000000fde8        0x8 
 .text.nvFenceExit
                0x000000000000fdf0       0x44 /opt/devkitpro/libnx/lib/libnx.a(fence.o)
                0x000000000000fdf0                nvFenceExit
 *fill*         0x000000000000fe34        0xc 
 .text.nvFenceWait
                0x000000000000fe40      0x240 /opt/devkitpro/libnx/lib/libnx.a(fence.o)
                0x000000000000fe40                nvFenceWait
 .text.nvMultiFenceWait
                0x0000000000010080       0x74 /opt/devkitpro/libnx/lib/libnx.a(fence.o)
                0x0000000000010080                nvMultiFenceWait
 *fill*         0x00000000000100f4        0xc 
 .text.nvMapInit
                0x0000000000010100       0xb4 /opt/devkitpro/libnx/lib/libnx.a(map.o)
                0x0000000000010100                nvMapInit
 *fill*         0x00000000000101b4        0xc 
 .text.nvMapExit
                0x00000000000101c0       0x6c /opt/devkitpro/libnx/lib/libnx.a(map.o)
                0x00000000000101c0                nvMapExit
 *fill*         0x000000000001022c        0x4 
 .text.nvMapClose
                0x0000000000010230       0x80 /opt/devkitpro/libnx/lib/libnx.a(map.o)
                0x0000000000010230                nvMapClose
 .text.nvMapCreate
                0x00000000000102b0      0x154 /opt/devkitpro/libnx/lib/libnx.a(map.o)
                0x00000000000102b0                nvMapCreate
 *fill*         0x0000000000010404        0xc 
 .text.nvioctlNvhostCtrl_EventSignal
                0x0000000000010410       0x28 /opt/devkitpro/libnx/lib/libnx.a(nvhost-ctrl.o)
                0x0000000000010410                nvioctlNvhostCtrl_EventSignal
 *fill*         0x0000000000010438        0x8 
 .text.nvioctlNvhostCtrl_EventWait
                0x0000000000010440       0x44 /opt/devkitpro/libnx/lib/libnx.a(nvhost-ctrl.o)
                0x0000000000010440                nvioctlNvhostCtrl_EventWait
 *fill*         0x0000000000010484        0xc 
 .text.nvioctlNvhostCtrl_EventWaitAsync
                0x0000000000010490       0x30 /opt/devkitpro/libnx/lib/libnx.a(nvhost-ctrl.o)
                0x0000000000010490                nvioctlNvhostCtrl_EventWaitAsync
 .text.nvioctlNvhostCtrl_EventRegister
                0x00000000000104c0       0x28 /opt/devkitpro/libnx/lib/libnx.a(nvhost-ctrl.o)
                0x00000000000104c0                nvioctlNvhostCtrl_EventRegister
 *fill*         0x00000000000104e8        0x8 
 .text.nvioctlNvhostCtrl_EventUnregister
                0x00000000000104f0       0x28 /opt/devkitpro/libnx/lib/libnx.a(nvhost-ctrl.o)
                0x00000000000104f0                nvioctlNvhostCtrl_EventUnregister
 *fill*         0x0000000000010518        0x8 
 .text.nvioctlNvmap_Create
                0x0000000000010520       0x40 /opt/devkitpro/libnx/lib/libnx.a(nvmap.o)
                0x0000000000010520                nvioctlNvmap_Create
 .text.nvioctlNvmap_Alloc
                0x0000000000010560       0x38 /opt/devkitpro/libnx/lib/libnx.a(nvmap.o)
                0x0000000000010560                nvioctlNvmap_Alloc
 *fill*         0x0000000000010598        0x8 
 .text.nvioctlNvmap_Free
                0x00000000000105a0       0x34 /opt/devkitpro/libnx/lib/libnx.a(nvmap.o)
                0x00000000000105a0                nvioctlNvmap_Free
 *fill*         0x00000000000105d4        0xc 
 .text.nvioctlNvmap_GetId
                0x00000000000105e0       0x40 /opt/devkitpro/libnx/lib/libnx.a(nvmap.o)
                0x00000000000105e0                nvioctlNvmap_GetId
 .text.bqRequestBuffer
                0x0000000000010620       0xd8 /opt/devkitpro/libnx/lib/libnx.a(buffer_producer.o)
                0x0000000000010620                bqRequestBuffer
 *fill*         0x00000000000106f8        0x8 
 .text.bqDequeueBuffer
                0x0000000000010700      0x160 /opt/devkitpro/libnx/lib/libnx.a(buffer_producer.o)
                0x0000000000010700                bqDequeueBuffer
 .text.bqQueueBuffer
                0x0000000000010860       0xdc /opt/devkitpro/libnx/lib/libnx.a(buffer_producer.o)
                0x0000000000010860                bqQueueBuffer
 *fill*         0x000000000001093c        0x4 
 .text.bqCancelBuffer
                0x0000000000010940       0x94 /opt/devkitpro/libnx/lib/libnx.a(buffer_producer.o)
                0x0000000000010940                bqCancelBuffer
 *fill*         0x00000000000109d4        0xc 
 .text.bqConnect
                0x00000000000109e0       0xe4 /opt/devkitpro/libnx/lib/libnx.a(buffer_producer.o)
                0x00000000000109e0                bqConnect
 *fill*         0x0000000000010ac4        0xc 
 .text.bqDisconnect
                0x0000000000010ad0       0x9c /opt/devkitpro/libnx/lib/libnx.a(buffer_producer.o)
                0x0000000000010ad0                bqDisconnect
 *fill*         0x0000000000010b6c        0x4 
 .text.bqSetPreallocatedBuffer
                0x0000000000010b70      0x17c /opt/devkitpro/libnx/lib/libnx.a(buffer_producer.o)
                0x0000000000010b70                bqSetPreallocatedBuffer
 *fill*         0x0000000000010cec        0x4 
 .text.binderCreate
                0x0000000000010cf0       0x1c /opt/devkitpro/libnx/lib/libnx.a(binder.o)
                0x0000000000010cf0                binderCreate
 *fill*         0x0000000000010d0c        0x4 
 .text.binderTransactParcel
                0x0000000000010d10      0x3d0 /opt/devkitpro/libnx/lib/libnx.a(binder.o)
                0x0000000000010d10                binderTransactParcel
 .text.binderConvertErrorCode
                0x00000000000110e0       0xe8 /opt/devkitpro/libnx/lib/libnx.a(binder.o)
                0x00000000000110e0                binderConvertErrorCode
 *fill*         0x00000000000111c8        0x8 
 .text.binderAdjustRefcount
                0x00000000000111d0      0x124 /opt/devkitpro/libnx/lib/libnx.a(binder.o)
                0x00000000000111d0                binderAdjustRefcount
 *fill*         0x00000000000112f4        0xc 
 .text.binderInitSession
                0x0000000000011300       0x98 /opt/devkitpro/libnx/lib/libnx.a(binder.o)
                0x0000000000011300                binderInitSession
 *fill*         0x0000000000011398        0x8 
 .text.binderClose
                0x00000000000113a0       0x68 /opt/devkitpro/libnx/lib/libnx.a(binder.o)
                0x00000000000113a0                binderClose
 *fill*         0x0000000000011408        0x8 
 .text.binderGetNativeHandle
                0x0000000000011410      0x158 /opt/devkitpro/libnx/lib/libnx.a(binder.o)
                0x0000000000011410                binderGetNativeHandle
 *fill*         0x0000000000011568        0x8 
 .text.parcelCreate
                0x0000000000011570       0x30 /opt/devkitpro/libnx/lib/libnx.a(parcel.o)
                0x0000000000011570                parcelCreate
 .text.parcelTransact
                0x00000000000115a0      0x19c /opt/devkitpro/libnx/lib/libnx.a(parcel.o)
                0x00000000000115a0                parcelTransact
 *fill*         0x000000000001173c        0x4 
 .text.parcelWriteData
                0x0000000000011740       0x88 /opt/devkitpro/libnx/lib/libnx.a(parcel.o)
                0x0000000000011740                parcelWriteData
 *fill*         0x00000000000117c8        0x8 
 .text.parcelReadData
                0x00000000000117d0       0x98 /opt/devkitpro/libnx/lib/libnx.a(parcel.o)
                0x00000000000117d0                parcelReadData
 *fill*         0x0000000000011868        0x8 
 .text.parcelWriteInt32
                0x0000000000011870       0x20 /opt/devkitpro/libnx/lib/libnx.a(parcel.o)
                0x0000000000011870                parcelWriteInt32
 .text.parcelWriteUInt32
                0x0000000000011890       0x20 /opt/devkitpro/libnx/lib/libnx.a(parcel.o)
                0x0000000000011890                parcelWriteUInt32
 .text.parcelWriteString16
                0x00000000000118b0       0x7c /opt/devkitpro/libnx/lib/libnx.a(parcel.o)
                0x00000000000118b0                parcelWriteString16
 *fill*         0x000000000001192c        0x4 
 .text.parcelWriteInterfaceToken
                0x0000000000011930       0x30 /opt/devkitpro/libnx/lib/libnx.a(parcel.o)
                0x0000000000011930                parcelWriteInterfaceToken
 .text.parcelReadInt32
                0x0000000000011960       0x24 /opt/devkitpro/libnx/lib/libnx.a(parcel.o)
                0x0000000000011960                parcelReadInt32
 *fill*         0x0000000000011984        0xc 
 .text.parcelReadFlattenedObject
                0x0000000000011990       0x68 /opt/devkitpro/libnx/lib/libnx.a(parcel.o)
                0x0000000000011990                parcelReadFlattenedObject
 *fill*         0x00000000000119f8        0x8 
 .text.parcelWriteFlattenedObject
                0x0000000000011a00       0x4c /opt/devkitpro/libnx/lib/libnx.a(parcel.o)
                0x0000000000011a00                parcelWriteFlattenedObject
 *fill*         0x0000000000011a4c        0x4 
 .text.nxlinkSetup
                0x0000000000011a50       0xc4 /opt/devkitpro/libnx/lib/libnx.a(nxlink.o)
                0x0000000000011a50                nxlinkSetup
 *fill*         0x0000000000011b14        0xc 
 .text.sessionmgrCreate
                0x0000000000011b20      0x178 /opt/devkitpro/libnx/lib/libnx.a(sessionmgr.o)
                0x0000000000011b20                sessionmgrCreate
 *fill*         0x0000000000011c98        0x8 
 .text.sessionmgrClose
                0x0000000000011ca0       0x84 /opt/devkitpro/libnx/lib/libnx.a(sessionmgr.o)
                0x0000000000011ca0                sessionmgrClose
 *fill*         0x0000000000011d24        0xc 
 .text.sessionmgrAttachClient
                0x0000000000011d30       0xb4 /opt/devkitpro/libnx/lib/libnx.a(sessionmgr.o)
                0x0000000000011d30                sessionmgrAttachClient
 *fill*         0x0000000000011de4        0xc 
 .text.sessionmgrDetachClient
                0x0000000000011df0       0x70 /opt/devkitpro/libnx/lib/libnx.a(sessionmgr.o)
                0x0000000000011df0                sessionmgrDetachClient
 .text.printf   0x0000000000011e60       0x84 /opt/devkitpro/devkitA64/bin/../lib/gcc/aarch64-none-elf/13.2.0/../../../../aarch64-none-elf/lib/pic/libg.a(libc_a-printf.o)
                0x0000000000011e60                printf
 *fill*         0x0000000000011ee4        0xc 
 .text.setenv   0x0000000000011ef0       0x3c /opt/devkitpro/devkitA64/bin/../lib/gcc/aarch64-none-elf/13.2.0/../../../../aarch64-none-elf/lib/pic/libg.a(libc_a-setenv.o)
                0x0000000000011ef0                setenv
 *fill*         0x0000000000011f2c        0x4 
 .text._puts_r  0x0000000000011f30       0xd0 /opt/devkitpro/devkitA64/bin/../lib/gcc/aarch64-none-elf/13.2.0/../../../../aarch64-none-elf/lib/pic/libg.a(libc_a-puts.o)
                0x0000000000011f30                _puts_r
 .text.puts     0x0000000000012000       0x24 /opt/devkitpro/devkitA64/bin/../lib/gcc/aarch64-none-elf/13.2.0/../../../../aarch64-none-elf/lib/pic/libg.a(libc_a-puts.o)
                0x0000000000012000                puts
 *fill*         0x0000000000012024        0xc 
 .text.bsearch  0x0000000000012030       0xb8 /opt/devkitpro/devkitA64/bin/../lib/gcc/aarch64-none-elf/13.2.0/../../../../aarch64-none-elf/lib/pic/libg.a(libc_a-bsearch.o)
                0x0000000000012030                bsearch
 *fill*         0x00000000000120e8        0x8 
 .text._setenv_r
                0x00000000000120f0      0x254 /opt/devkitpro/devkitA64/bin/../lib/gcc/aarch64-none-elf/13.2.0/../../../../aarch64-none-elf/lib/pic/libg.a(libc_a-setenv_r.o)
                0x00000000000120f0                _setenv_r
 *fill*         0x0000000000012344        0xc 
 .text.sscanf   0x0000000000012350       0xbc /opt/devkitpro/devkitA64/bin/../lib/gcc/aarch64-none-elf/13.2.0/../../../../aarch64-none-elf/lib/pic/libg.a(libc_a-sscanf.o)
                0x0000000000012350                sscanf
 *fill*         0x000000000001240c        0x4 
 .text.__sread  0x0000000000012410       0x50 /opt/devkitpro/devkitA64/bin/../lib/gcc/aarch64-none-elf/13.2.0/../../../../aarch64-none-elf/lib/pic/libg.a(libc_a-stdio.o)
                0x0000000000012410                __sread
 .text.__seofread
                0x0000000000012460        0x8 /opt/devkitpro/devkitA64/bin/../lib/gcc/aarch64-none-elf/13.2.0/../../../../aarch64-none-elf/lib/pic/libg.a(libc_a-stdio.o)
                0x0000000000012460                __seofread
 *fill*         0x0000000000012468        0x8 
 .text.__swrite
                0x0000000000012470       0x6c /opt/devkitpro/devkitA64/bin/../lib/gcc/aarch64-none-elf/13.2.0/../../../../aarch64-none-elf/lib/pic/libg.a(libc_a-stdio.o)
                0x0000000000012470                __swrite
 *fill*         0x00000000000124dc        0x4 
 .text.__sseek  0x00000000000124e0       0x50 /opt/devkitpro/devkitA64/bin/../lib/gcc/aarch64-none-elf/13.2.0/../../../../aarch64-none-elf/lib/pic/libg.a(libc_a-stdio.o)
                0x00000000000124e0                __sseek
 .text.__sclose
                0x0000000000012530        0x8 /opt/devkitpro/devkitA64/bin/../lib/gcc/aarch64-none-elf/13.2.0/../../../../aarch64-none-elf/lib/pic/libg.a(libc_a-stdio.o)
                0x0000000000012530                __sclose
 *fill*         0x0000000000012538        0x8 
 .text.__env_lock
                0x0000000000012540        0xc /opt/devkitpro/devkitA64/bin/../lib/gcc/aarch64-none-elf/13.2.0/../../../../aarch64-none-elf/lib/pic/libg.a(libc_a-envlock.o)
                0x0000000000012540                __env_lock
 *fill*         0x000000000001254c        0x4 
 .text.__env_unlock
                0x0000000000012550        0xc /opt/devkitpro/devkitA64/bin/../lib/gcc/aarch64-none-elf/13.2.0/../../../../aarch64-none-elf/lib/pic/libg.a(libc_a-envlock.o)
                0x0000000000012550                __env_unlock
 *fill*         0x000000000001255c        0x4 
 .text.aligned_alloc
                0x0000000000012560       0x2c /opt/devkitpro/devkitA64/bin/../lib/gcc/aarch64-none-elf/13.2.0/../../../../aarch64-none-elf/lib/pic/libg.a(libc_a-aligned_alloc.o)
                0x0000000000012560                aligned_alloc
 *fill*         0x000000000001258c        0x4 
 .text.setvbuf  0x0000000000012590      0x250 /opt/devkitpro/devkitA64/bin/../lib/gcc/aarch64-none-elf/13.2.0/../../../../aarch64-none-elf/lib/pic/libg.a(libc_a-setvbuf.o)
                0x0000000000012590                setvbuf
 .text.__call_exitprocs
                0x00000000000127e0        0x4 /opt/devkitpro/devkitA64/bin/../lib/gcc/aarch64-none-elf/13.2.0/../../../../aarch64-none-elf/lib/pic/libg.a(libc_a-exit.o)
                0x00000000000127e0                __call_exitprocs
 *fill*         0x00000000000127e4        0xc 
 .text._malloc_trim_r
                0x00000000000127f0      0x124 /opt/devkitpro/devkitA64/bin/../lib/gcc/aarch64-none-elf/13.2.0/../../../../aarch64-none-elf/lib/pic/libg.a(libc_a-freer.o)
                0x00000000000127f0                _malloc_trim_r
 *fill*         0x0000000000012914        0xc 
 .text._free_r  0x0000000000012920      0x2d8 /opt/devkitpro/devkitA64/bin/../lib/gcc/aarch64-none-elf/13.2.0/../../../../aarch64-none-elf/lib/pic/libg.a(libc_a-freer.o)
                0x0000000000012920                _free_r
 *fill*         0x0000000000012bf8        0x8 
 .text.malloc   0x0000000000012c00       0x24 /opt/devkitpro/devkitA64/bin/../lib/gcc/aarch64-none-elf/13.2.0/../../../../aarch64-none-elf/lib/pic/libg.a(libc_a-malloc.o)
                0x0000000000012c00                malloc
 *fill*         0x0000000000012c24        0xc 
 .text.free     0x0000000000012c30       0x24 /opt/devkitpro/devkitA64/bin/../lib/gcc/aarch64-none-elf/13.2.0/../../../../aarch64-none-elf/lib/pic/libg.a(libc_a-malloc.o)
                0x0000000000012c30                free
 .text.get_arg  0x0000000000012c54       0x74 /opt/devkitpro/devkitA64/bin/../lib/gcc/aarch64-none-elf/13.2.0/../../../../aarch64-none-elf/lib/pic/libg.a(libc_a-svfscanf.o)
 .text.__ssvfscanf_r
                0x0000000000012cc8     0x2fdc /opt/devkitpro/devkitA64/bin/../lib/gcc/aarch64-none-elf/13.2.0/../../../../aarch64-none-elf/lib/pic/libg.a(libc_a-svfscanf.o)
                0x0000000000012cc8                __ssvfscanf_r
 *fill*         0x0000000000015ca4        0xc 
 .text._malloc_r
                0x0000000000015cb0      0x80c /opt/devkitpro/devkitA64/bin/../lib/gcc/aarch64-none-elf/13.2.0/../../../../aarch64-none-elf/lib/pic/libg.a(libc_a-mallocr.o)
                0x0000000000015cb0                _malloc_r
 *fill*         0x00000000000164bc        0x4 
 .text._findenv_r
                0x00000000000164c0       0xfc /opt/devkitpro/devkitA64/bin/../lib/gcc/aarch64-none-elf/13.2.0/../../../../aarch64-none-elf/lib/pic/libg.a(libc_a-getenv_r.o)
                0x00000000000164c0                _findenv_r
 *fill*         0x00000000000165bc        0x4 
 .text.__malloc_lock
                0x00000000000165c0        0xc /opt/devkitpro/devkitA64/bin/../lib/gcc/aarch64-none-elf/13.2.0/../../../../aarch64-none-elf/lib/pic/libg.a(libc_a-mlock.o)
                0x00000000000165c0                __malloc_lock
 *fill*         0x00000000000165cc        0x4 
 .text.__malloc_unlock
                0x00000000000165d0        0xc /opt/devkitpro/devkitA64/bin/../lib/gcc/aarch64-none-elf/13.2.0/../../../../aarch64-none-elf/lib/pic/libg.a(libc_a-mlock.o)
                0x00000000000165d0                __malloc_unlock
 .text.get_arg  0x00000000000165dc      0x804 /opt/devkitpro/devkitA64/bin/../lib/gcc/aarch64-none-elf/13.2.0/../../../../aarch64-none-elf/lib/pic/libg.a(libc_a-vfprintf.o)
 .text._vfprintf_r
                0x0000000000016de0     0x3c28 /opt/devkitpro/devkitA64/bin/../lib/gcc/aarch64-none-elf/13.2.0/../../../../aarch64-none-elf/lib/pic/libg.a(libc_a-vfprintf.o)
                0x0000000000016de0                _vfprintf_r
 .text.__sbprintf
                0x000000000001aa08       0xd0 /opt/devkitpro/devkitA64/bin/../lib/gcc/aarch64-none-elf/13.2.0/../../../../aarch64-none-elf/lib/pic/libg.a(libc_a-vfprintf.o)
 *fill*         0x000000000001aad8        0x8 
 .text.__sflush_r
                0x000000000001aae0      0x200 /opt/devkitpro/devkitA64/bin/../lib/gcc/aarch64-none-elf/13.2.0/../../../../aarch64-none-elf/lib/pic/libg.a(libc_a-fflush.o)
                0x000000000001aae0                __sflush_r
 .text._fflush_r
                0x000000000001ace0       0xb8 /opt/devkitpro/devkitA64/bin/../lib/gcc/aarch64-none-elf/13.2.0/../../../../aarch64-none-elf/lib/pic/libg.a(libc_a-fflush.o)
                0x000000000001ace0                _fflush_r
 *fill*         0x000000000001ad98        0x8 
 .text.gmtime   0x000000000001ada0       0x2c /opt/devkitpro/devkitA64/bin/../lib/gcc/aarch64-none-elf/13.2.0/../../../../aarch64-none-elf/lib/pic/libg.a(libc_a-gmtime.o)
                0x000000000001ada0                gmtime
 *fill*         0x000000000001adcc        0x4 
 .text.strncat  0x000000000001add0       0x78 /opt/devkitpro/devkitA64/bin/../lib/gcc/aarch64-none-elf/13.2.0/../../../../aarch64-none-elf/lib/pic/libg.a(libc_a-strncat.o)
                0x000000000001add0                strncat
 *fill*         0x000000000001ae48        0x8 
 .text.__sfvwrite_r
                0x000000000001ae50      0x4cc /opt/devkitpro/devkitA64/bin/../lib/gcc/aarch64-none-elf/13.2.0/../../../../aarch64-none-elf/lib/pic/libg.a(libc_a-fvwrite.o)
                0x000000000001ae50                __sfvwrite_r
 *fill*         0x000000000001b31c        0x4 
 .text.gmtime_r
                0x000000000001b320      0x2a0 /opt/devkitpro/devkitA64/bin/../lib/gcc/aarch64-none-elf/13.2.0/../../../../aarch64-none-elf/lib/pic/libg.a(libc_a-gmtime_r.o)
                0x000000000001b320                gmtime_r
 .text._fwalk_sglue
                0x000000000001b5c0       0xa0 /opt/devkitpro/devkitA64/bin/../lib/gcc/aarch64-none-elf/13.2.0/../../../../aarch64-none-elf/lib/pic/libg.a(libc_a-fwalk.o)
                0x000000000001b5c0                _fwalk_sglue
 .text._realloc_r
                0x000000000001b660      0x524 /opt/devkitpro/devkitA64/bin/../lib/gcc/aarch64-none-elf/13.2.0/../../../../aarch64-none-elf/lib/pic/libg.a(libc_a-reallocr.o)
                0x000000000001b660                _realloc_r
 *fill*         0x000000000001bb84        0xc 
 .text.strncpy  0x000000000001bb90       0x90 /opt/devkitpro/devkitA64/bin/../lib/gcc/aarch64-none-elf/13.2.0/../../../../aarch64-none-elf/lib/pic/libg.a(libc_a-strncpy.o)
                0x000000000001bb90                strncpy
 .text.stdio_exit_handler
                0x000000000001bc20       0x1c /opt/devkitpro/devkitA64/bin/../lib/gcc/aarch64-none-elf/13.2.0/../../../../aarch64-none-elf/lib/pic/libg.a(libc_a-findfp.o)
 *fill*         0x000000000001bc3c        0x4 
 .text.cleanup_stdio
                0x000000000001bc40       0x6c /opt/devkitpro/devkitA64/bin/../lib/gcc/aarch64-none-elf/13.2.0/../../../../aarch64-none-elf/lib/pic/libg.a(libc_a-findfp.o)
 *fill*         0x000000000001bcac        0x4 
 .text.global_stdio_init.part.0
                0x000000000001bcb0      0x140 /opt/devkitpro/devkitA64/bin/../lib/gcc/aarch64-none-elf/13.2.0/../../../../aarch64-none-elf/lib/pic/libg.a(libc_a-findfp.o)
 .text.__sfp_lock_acquire
                0x000000000001bdf0        0xc /opt/devkitpro/devkitA64/bin/../lib/gcc/aarch64-none-elf/13.2.0/../../../../aarch64-none-elf/lib/pic/libg.a(libc_a-findfp.o)
                0x000000000001bdf0                __sfp_lock_acquire
 *fill*         0x000000000001bdfc        0x4 
 .text.__sfp_lock_release
                0x000000000001be00        0xc /opt/devkitpro/devkitA64/bin/../lib/gcc/aarch64-none-elf/13.2.0/../../../../aarch64-none-elf/lib/pic/libg.a(libc_a-findfp.o)
                0x000000000001be00                __sfp_lock_release
 *fill*         0x000000000001be0c        0x4 
 .text.__sinit  0x000000000001be10       0x54 /opt/devkitpro/devkitA64/bin/../lib/gcc/aarch64-none-elf/13.2.0/../../../../aarch64-none-elf/lib/pic/libg.a(libc_a-findfp.o)
                0x000000000001be10                __sinit
 *fill*         0x000000000001be64        0xc 
 .text.sulp     0x000000000001be70       0x54 /opt/devkitpro/devkitA64/bin/../lib/gcc/aarch64-none-elf/13.2.0/../../../../aarch64-none-elf/lib/pic/libg.a(libc_a-strtod.o)
 *fill*         0x000000000001bec4        0xc 
 .text._strtod_l
                0x000000000001bed0     0x1184 /opt/devkitpro/devkitA64/bin/../lib/gcc/aarch64-none-elf/13.2.0/../../../../aarch64-none-elf/lib/pic/libg.a(libc_a-strtod.o)
                0x000000000001bed0                _strtod_l
 *fill*         0x000000000001d054        0xc 
 .text._strtod_r
                0x000000000001d060       0x50 /opt/devkitpro/devkitA64/bin/../lib/gcc/aarch64-none-elf/13.2.0/../../../../aarch64-none-elf/lib/pic/libg.a(libc_a-strtod.o)
                0x000000000001d060                _strtod_r
 .text._strtol_l.part.0
                0x000000000001d0b0      0x18c /opt/devkitpro/devkitA64/bin/../lib/gcc/aarch64-none-elf/13.2.0/../../../../aarch64-none-elf/lib/pic/libg.a(libc_a-strtol.o)
 *fill*         0x000000000001d23c        0x4 
 .text._strtol_r
                0x000000000001d240       0x70 /opt/devkitpro/devkitA64/bin/../lib/gcc/aarch64-none-elf/13.2.0/../../../../aarch64-none-elf/lib/pic/libg.a(libc_a-strtol.o)
                0x000000000001d240                _strtol_r
 .text.realloc  0x000000000001d2b0       0x2c /opt/devkitpro/devkitA64/bin/../lib/gcc/aarch64-none-elf/13.2.0/../../../../aarch64-none-elf/lib/pic/libg.a(libc_a-realloc.o)
                0x000000000001d2b0                realloc
 .text          0x000000000001d2dc       0xd8 /opt/devkitpro/devkitA64/bin/../lib/gcc/aarch64-none-elf/13.2.0/../../../../aarch64-none-elf/lib/pic/libg.a(libc_a-memchr.o)
                0x000000000001d2dc                memchr
 *fill*         0x000000000001d3b4        0xc 
 .text._strtoul_l.isra.0
                0x000000000001d3c0      0x1a8 /opt/devkitpro/devkitA64/bin/../lib/gcc/aarch64-none-elf/13.2.0/../../../../aarch64-none-elf/lib/pic/libg.a(libc_a-strtoul.o)
 *fill*         0x000000000001d568        0x8 
 .text._strtoul_r
                0x000000000001d570       0x44 /opt/devkitpro/devkitA64/bin/../lib/gcc/aarch64-none-elf/13.2.0/../../../../aarch64-none-elf/lib/pic/libg.a(libc_a-strtoul.o)
                0x000000000001d570                _strtoul_r
 *fill*         0x000000000001d5b4        0xc 
 .text.strtoul  0x000000000001d5c0       0x48 /opt/devkitpro/devkitA64/bin/../lib/gcc/aarch64-none-elf/13.2.0/../../../../aarch64-none-elf/lib/pic/libg.a(libc_a-strtoul.o)
                0x000000000001d5c0                strtoul
 *fill*         0x000000000001d608       0x38 
 .text          0x000000000001d640      0x1dc /opt/devkitpro/devkitA64/bin/../lib/gcc/aarch64-none-elf/13.2.0/../../../../aarch64-none-elf/lib/pic/libg.a(libc_a-memset.o)
                0x000000000001d640                memset
 *fill*         0x000000000001d81c        0x4 
 .text.__locale_mb_cur_max
                0x000000000001d820       0x2c /opt/devkitpro/devkitA64/bin/../lib/gcc/aarch64-none-elf/13.2.0/../../../../aarch64-none-elf/lib/pic/libg.a(libc_a-locale.o)
                0x000000000001d820                __locale_mb_cur_max
 *fill*         0x000000000001d84c        0x4 
 .text.__localeconv_l
                0x000000000001d850        0x8 /opt/devkitpro/devkitA64/bin/../lib/gcc/aarch64-none-elf/13.2.0/../../../../aarch64-none-elf/lib/pic/libg.a(libc_a-localeconv.o)
                0x000000000001d850                __localeconv_l
 *fill*         0x000000000001d858        0x8 
 .text._localeconv_r
                0x000000000001d860       0x28 /opt/devkitpro/devkitA64/bin/../lib/gcc/aarch64-none-elf/13.2.0/../../../../aarch64-none-elf/lib/pic/libg.a(libc_a-localeconv.o)
                0x000000000001d860                _localeconv_r
 *fill*         0x000000000001d888       0x38 
 .text          0x000000000001d8c0      0x16c /opt/devkitpro/devkitA64/bin/../lib/gcc/aarch64-none-elf/13.2.0/../../../../aarch64-none-elf/lib/pic/libg.a(libc_a-memcpy.o)
                0x000000000001d8c0                memcpy
 *fill*         0x000000000001da2c       0x14 
 .text          0x000000000001da40       0xe4 /opt/devkitpro/devkitA64/bin/../lib/gcc/aarch64-none-elf/13.2.0/../../../../aarch64-none-elf/lib/pic/libg.a(libc_a-strcmp.o)
                0x000000000001da40                strcmp
 *fill*         0x000000000001db24        0xc 
 .text.__utf8_wctomb
                0x000000000001db30       0xe4 /opt/devkitpro/devkitA64/bin/../lib/gcc/aarch64-none-elf/13.2.0/../../../../aarch64-none-elf/lib/pic/libg.a(libc_a-wctomb_r.o)
                0x000000000001db30                __utf8_wctomb
 *fill*         0x000000000001dc14       0x2c 
 .text          0x000000000001dc40       0xac /opt/devkitpro/devkitA64/bin/../lib/gcc/aarch64-none-elf/13.2.0/../../../../aarch64-none-elf/lib/pic/libg.a(libc_a-memmove.o)
                0x000000000001dc40                memmove
 *fill*         0x000000000001dcec       0x14 
 .text          0x000000000001dd00       0xe0 /opt/devkitpro/devkitA64/bin/../lib/gcc/aarch64-none-elf/13.2.0/../../../../aarch64-none-elf/lib/pic/libg.a(libc_a-strnlen.o)
                0x000000000001dd24                strnlen
 .text          0x000000000001dde0       0xdc /opt/devkitpro/devkitA64/bin/../lib/gcc/aarch64-none-elf/13.2.0/../../../../aarch64-none-elf/lib/pic/libg.a(libc_a-strchr.o)
                0x000000000001dde0                strchr
 *fill*         0x000000000001debc        0x4 
 .text          0x000000000001dec0      0x140 /opt/devkitpro/devkitA64/bin/../lib/gcc/aarch64-none-elf/13.2.0/../../../../aarch64-none-elf/lib/pic/libg.a(libc_a-strlen.o)
                0x000000000001dec0                strlen
 .text.stpncpy  0x000000000001e000       0xa4 /opt/devkitpro/devkitA64/bin/../lib/gcc/aarch64-none-elf/13.2.0/../../../../aarch64-none-elf/lib/pic/libg.a(libc_a-stpncpy.o)
                0x000000000001e000                stpncpy
 *fill*         0x000000000001e0a4       0x1c 
 .text          0x000000000001e0c0      0x1d4 /opt/devkitpro/devkitA64/bin/../lib/gcc/aarch64-none-elf/13.2.0/../../../../aarch64-none-elf/lib/pic/libg.a(libc_a-strncmp.o)
                0x000000000001e0dc                strncmp
 *fill*         0x000000000001e294        0xc 
 .text.__libc_init_array
                0x000000000001e2a0       0x94 /opt/devkitpro/devkitA64/bin/../lib/gcc/aarch64-none-elf/13.2.0/../../../../aarch64-none-elf/lib/pic/libg.a(libc_a-init.o)
                0x000000000001e2a0                __libc_init_array
 *fill*         0x000000000001e334        0xc 
 .text.__libc_fini_array
                0x000000000001e340       0x44 /opt/devkitpro/devkitA64/bin/../lib/gcc/aarch64-none-elf/13.2.0/../../../../aarch64-none-elf/lib/pic/libg.a(libc_a-fini.o)
                0x000000000001e340                __libc_fini_array
 *fill*         0x000000000001e384        0xc 
 .text.__errno  0x000000000001e390       0x14 /opt/devkitpro/devkitA64/bin/../lib/gcc/aarch64-none-elf/13.2.0/../../../../aarch64-none-elf/lib/pic/libg.a(libc_a-errno.o)
                0x000000000001e390                __errno
 *fill*         0x000000000001e3a4        0xc 
 .text.nan      0x000000000001e3b0        0xc /opt/devkitpro/devkitA64/bin/../lib/gcc/aarch64-none-elf/13.2.0/../../../../aarch64-none-elf/lib/pic/libg.a(libm_a-s_nan.o)
                0x000000000001e3b0                nan
 *fill*         0x000000000001e3bc        0x4 
 .text.nanf     0x000000000001e3c0        0xc /opt/devkitpro/devkitA64/bin/../lib/gcc/aarch64-none-elf/13.2.0/../../../../aarch64-none-elf/lib/pic/libg.a(libm_a-sf_nan.o)
                0x000000000001e3c0                nanf
 *fill*         0x000000000001e3cc        0x4 
 .text.frexp    0x000000000001e3d0       0x78 /opt/devkitpro/devkitA64/bin/../lib/gcc/aarch64-none-elf/13.2.0/../../../../aarch64-none-elf/lib/pic/libg.a(libm_a-s_frexp.o)
                0x000000000001e3d0                frexp
 *fill*         0x000000000001e448        0x8 
 .text._strtoll_l.isra.0
                0x000000000001e450      0x18c /opt/devkitpro/devkitA64/bin/../lib/gcc/aarch64-none-elf/13.2.0/../../../../aarch64-none-elf/lib/pic/libg.a(libc_a-strtoll.o)
 *fill*         0x000000000001e5dc        0x4 
 .text._strtoll_r
                0x000000000001e5e0       0x44 /opt/devkitpro/devkitA64/bin/../lib/gcc/aarch64-none-elf/13.2.0/../../../../aarch64-none-elf/lib/pic/libg.a(libc_a-strtoll.o)
                0x000000000001e5e0                _strtoll_r
 *fill*         0x000000000001e624        0xc 
 .text._strtoull_l.isra.0
                0x000000000001e630      0x1a8 /opt/devkitpro/devkitA64/bin/../lib/gcc/aarch64-none-elf/13.2.0/../../../../aarch64-none-elf/lib/pic/libg.a(libc_a-strtoull.o)
 *fill*         0x000000000001e7d8        0x8 
 .text._strtoull_r
                0x000000000001e7e0       0x44 /opt/devkitpro/devkitA64/bin/../lib/gcc/aarch64-none-elf/13.2.0/../../../../aarch64-none-elf/lib/pic/libg.a(libc_a-strtoull.o)
                0x000000000001e7e0                _strtoull_r
 *fill*         0x000000000001e824        0xc 
 .text.iswspace
                0x000000000001e830        0x8 /opt/devkitpro/devkitA64/bin/../lib/gcc/aarch64-none-elf/13.2.0/../../../../aarch64-none-elf/lib/pic/libg.a(libc_a-iswspace.o)
                0x000000000001e830                iswspace
 *fill*         0x000000000001e838        0x8 
 .text._mbrtowc_r
                0x000000000001e840       0xf0 /opt/devkitpro/devkitA64/bin/../lib/gcc/aarch64-none-elf/13.2.0/../../../../aarch64-none-elf/lib/pic/libg.a(libc_a-mbrtowc.o)
                0x000000000001e840                _mbrtowc_r
 .text.__swhatbuf_r
                0x000000000001e930       0x94 /opt/devkitpro/devkitA64/bin/../lib/gcc/aarch64-none-elf/13.2.0/../../../../aarch64-none-elf/lib/pic/libg.a(libc_a-makebuf.o)
                0x000000000001e930                __swhatbuf_r
 *fill*         0x000000000001e9c4        0xc 
 .text.__smakebuf_r
                0x000000000001e9d0      0x104 /opt/devkitpro/devkitA64/bin/../lib/gcc/aarch64-none-elf/13.2.0/../../../../aarch64-none-elf/lib/pic/libg.a(libc_a-makebuf.o)
                0x000000000001e9d0                __smakebuf_r
 *fill*         0x000000000001ead4        0xc 
 .text._wcrtomb_r
                0x000000000001eae0       0xd8 /opt/devkitpro/devkitA64/bin/../lib/gcc/aarch64-none-elf/13.2.0/../../../../aarch64-none-elf/lib/pic/libg.a(libc_a-wcrtomb.o)
                0x000000000001eae0                _wcrtomb_r
 *fill*         0x000000000001ebb8        0x8 
 .text.iswspace_l
                0x000000000001ebc0       0x48 /opt/devkitpro/devkitA64/bin/../lib/gcc/aarch64-none-elf/13.2.0/../../../../aarch64-none-elf/lib/pic/libg.a(libc_a-iswspace_l.o)
                0x000000000001ebc0                iswspace_l
 *fill*         0x000000000001ec08        0x8 
 .text._wcsrtombs_r
                0x000000000001ec10       0x10 /opt/devkitpro/devkitA64/bin/../lib/gcc/aarch64-none-elf/13.2.0/../../../../aarch64-none-elf/lib/pic/libg.a(libc_a-wcsrtombs.o)
                0x000000000001ec10                _wcsrtombs_r
 .text._memalign_r
                0x000000000001ec20      0x180 /opt/devkitpro/devkitA64/bin/../lib/gcc/aarch64-none-elf/13.2.0/../../../../aarch64-none-elf/lib/pic/libg.a(libc_a-malignr.o)
                0x000000000001ec20                _memalign_r
 .text.sprintf  0x000000000001eda0       0xa8 /opt/devkitpro/devkitA64/bin/../lib/gcc/aarch64-none-elf/13.2.0/../../../../aarch64-none-elf/lib/pic/libg.a(libc_a-sprintf.o)
                0x000000000001eda0                sprintf
 *fill*         0x000000000001ee48        0x8 
 .text.__sccl   0x000000000001ee50       0xd4 /opt/devkitpro/devkitA64/bin/../lib/gcc/aarch64-none-elf/13.2.0/../../../../aarch64-none-elf/lib/pic/libg.a(libc_a-sccl.o)
                0x000000000001ee50                __sccl
 *fill*         0x000000000001ef24        0xc 
 .text.category
                0x000000000001ef30       0x84 /opt/devkitpro/devkitA64/bin/../lib/gcc/aarch64-none-elf/13.2.0/../../../../aarch64-none-elf/lib/pic/libg.a(libc_a-categories.o)
                0x000000000001ef30                category
 .text.get_arg  0x000000000001efb4      0x804 /opt/devkitpro/devkitA64/bin/../lib/gcc/aarch64-none-elf/13.2.0/../../../../aarch64-none-elf/lib/pic/libg.a(libc_a-vfiprintf.o)
 .text.__sprint_r
                0x000000000001f7b8       0x38 /opt/devkitpro/devkitA64/bin/../lib/gcc/aarch64-none-elf/13.2.0/../../../../aarch64-none-elf/lib/pic/libg.a(libc_a-vfiprintf.o)
                0x000000000001f7b8                __sprint_r
 .text._vfiprintf_r
                0x000000000001f7f0     0x2984 /opt/devkitpro/devkitA64/bin/../lib/gcc/aarch64-none-elf/13.2.0/../../../../aarch64-none-elf/lib/pic/libg.a(libc_a-vfiprintf.o)
                0x000000000001f7f0                _vfiprintf_r
 .text.__sbprintf
                0x0000000000022174       0xd0 /opt/devkitpro/devkitA64/bin/../lib/gcc/aarch64-none-elf/13.2.0/../../../../aarch64-none-elf/lib/pic/libg.a(libc_a-vfiprintf.o)
 .text.__ssprint_r
                0x0000000000022244      0x1bc /opt/devkitpro/devkitA64/bin/../lib/gcc/aarch64-none-elf/13.2.0/../../../../aarch64-none-elf/lib/pic/libg.a(libc_a-svfiprintf.o)
                0x0000000000022244                __ssprint_r
 .text._sungetc_r
                0x0000000000022400       0xf0 /opt/devkitpro/devkitA64/bin/../lib/gcc/aarch64-none-elf/13.2.0/../../../../aarch64-none-elf/lib/pic/libg.a(libc_a-svfiscanf.o)
                0x0000000000022400                _sungetc_r
 .text.__ssrefill_r
                0x00000000000224f0       0x70 /opt/devkitpro/devkitA64/bin/../lib/gcc/aarch64-none-elf/13.2.0/../../../../aarch64-none-elf/lib/pic/libg.a(libc_a-svfiscanf.o)
                0x00000000000224f0                __ssrefill_r
 .text._sfread_r
                0x0000000000022560       0xe0 /opt/devkitpro/devkitA64/bin/../lib/gcc/aarch64-none-elf/13.2.0/../../../../aarch64-none-elf/lib/pic/libg.a(libc_a-svfiscanf.o)
                0x0000000000022560                _sfread_r
 .text.__swsetup_r